Namespace(exp_name='LIDKNN_attnpoolk_best', model='GTNet', dataset='modelnet40', batch_size=16, test_batch_size=16, epochs=300, use_sgd=True, lr=0.01, momentum=0.9, scheduler='step', no_cuda=False, seed=1, eval=False, num_points=1024, dropout=0.5, emb_dims=1024, k=20, model_path='', test_sampler='random_fixed')
Using GPU : 0 from 1 devices
Train 1, loss: 1.971983, train acc: 0.588821, train avg acc: 0.418543
Test 1, loss: 1.559193, test acc: 0.708266, test avg acc: 0.587308
Train 2, loss: 1.542537, train acc: 0.730285, train avg acc: 0.596517
Test 2, loss: 1.285470, test acc: 0.816045, test avg acc: 0.723866
Train 3, loss: 1.424547, train acc: 0.776626, train avg acc: 0.671049
Test 3, loss: 1.254370, test acc: 0.832658, test avg acc: 0.750494
Train 4, loss: 1.321462, train acc: 0.815549, train avg acc: 0.722285
Test 4, loss: 1.163408, test acc: 0.863857, test avg acc: 0.801913
Train 5, loss: 1.280586, train acc: 0.830691, train avg acc: 0.749732
Test 5, loss: 1.140122, test acc: 0.867909, test avg acc: 0.785006
Train 6, loss: 1.236736, train acc: 0.847256, train avg acc: 0.769092
Test 6, loss: 1.090623, test acc: 0.889789, test avg acc: 0.813924
Train 7, loss: 1.213959, train acc: 0.853963, train avg acc: 0.779116
Test 7, loss: 1.078899, test acc: 0.897083, test avg acc: 0.840797
Train 8, loss: 1.179553, train acc: 0.866463, train avg acc: 0.798374
Test 8, loss: 1.068906, test acc: 0.892220, test avg acc: 0.835378
Train 9, loss: 1.160842, train acc: 0.869715, train avg acc: 0.804189
Test 9, loss: 1.069690, test acc: 0.891005, test avg acc: 0.840837
Train 10, loss: 1.139334, train acc: 0.880589, train avg acc: 0.820360
Test 10, loss: 1.063560, test acc: 0.893436, test avg acc: 0.845727
Train 11, loss: 1.123632, train acc: 0.885264, train avg acc: 0.829265
Test 11, loss: 1.040787, test acc: 0.902350, test avg acc: 0.840331
Train 12, loss: 1.111593, train acc: 0.887398, train avg acc: 0.830635
Test 12, loss: 1.032441, test acc: 0.901135, test avg acc: 0.839924
Train 13, loss: 1.096171, train acc: 0.897256, train avg acc: 0.844433
Test 13, loss: 1.027585, test acc: 0.898703, test avg acc: 0.858413
Train 14, loss: 1.089067, train acc: 0.898476, train avg acc: 0.841132
Test 14, loss: 1.015214, test acc: 0.916937, test avg acc: 0.867709
Train 15, loss: 1.080310, train acc: 0.899898, train avg acc: 0.847504
Test 15, loss: 1.025170, test acc: 0.899919, test avg acc: 0.856756
Train 16, loss: 1.068188, train acc: 0.904878, train avg acc: 0.856296
Test 16, loss: 1.019455, test acc: 0.903566, test avg acc: 0.858709
Train 17, loss: 1.068347, train acc: 0.903252, train avg acc: 0.853307
Test 17, loss: 1.023625, test acc: 0.901945, test avg acc: 0.857326
Train 18, loss: 1.049661, train acc: 0.910772, train avg acc: 0.863228
Test 18, loss: 1.031656, test acc: 0.899109, test avg acc: 0.862669
Train 19, loss: 1.048821, train acc: 0.911585, train avg acc: 0.865307
Test 19, loss: 1.035662, test acc: 0.893031, test avg acc: 0.857994
Train 20, loss: 1.043409, train acc: 0.911585, train avg acc: 0.865674
Test 20, loss: 1.010163, test acc: 0.898703, test avg acc: 0.861756
Train 21, loss: 1.020767, train acc: 0.919106, train avg acc: 0.877769
Test 21, loss: 0.984574, test acc: 0.913290, test avg acc: 0.872331
Train 22, loss: 1.005904, train acc: 0.923171, train avg acc: 0.881031
Test 22, loss: 0.987806, test acc: 0.908023, test avg acc: 0.877203
Train 23, loss: 0.998229, train acc: 0.926626, train avg acc: 0.890825
Test 23, loss: 0.980410, test acc: 0.915316, test avg acc: 0.870663
Train 24, loss: 0.991280, train acc: 0.930081, train avg acc: 0.893819
Test 24, loss: 0.973008, test acc: 0.918963, test avg acc: 0.879035
Train 25, loss: 0.990868, train acc: 0.928963, train avg acc: 0.892708
Test 25, loss: 0.966258, test acc: 0.917747, test avg acc: 0.879285
Train 26, loss: 0.986117, train acc: 0.928455, train avg acc: 0.891047
Test 26, loss: 0.972989, test acc: 0.906402, test avg acc: 0.865959
Train 27, loss: 0.977423, train acc: 0.934248, train avg acc: 0.900001
Test 27, loss: 0.969519, test acc: 0.914100, test avg acc: 0.878953
Train 28, loss: 0.975769, train acc: 0.932825, train avg acc: 0.896001
Test 28, loss: 0.973187, test acc: 0.912075, test avg acc: 0.876337
Train 29, loss: 0.976218, train acc: 0.933130, train avg acc: 0.900199
Test 29, loss: 0.971254, test acc: 0.913290, test avg acc: 0.882413
Train 30, loss: 0.971373, train acc: 0.937093, train avg acc: 0.904138
Test 30, loss: 0.970861, test acc: 0.914100, test avg acc: 0.875953
Train 31, loss: 0.966604, train acc: 0.935772, train avg acc: 0.904429
Test 31, loss: 0.958016, test acc: 0.916532, test avg acc: 0.874209
Train 32, loss: 0.965351, train acc: 0.937907, train avg acc: 0.906999
Test 32, loss: 0.965810, test acc: 0.912885, test avg acc: 0.877663
Train 33, loss: 0.958912, train acc: 0.939126, train avg acc: 0.909317
Test 33, loss: 0.963509, test acc: 0.914506, test avg acc: 0.882203
Train 34, loss: 0.957638, train acc: 0.936789, train avg acc: 0.904855
Test 34, loss: 0.969419, test acc: 0.914911, test avg acc: 0.882453
Train 35, loss: 0.956840, train acc: 0.938618, train avg acc: 0.908349
Test 35, loss: 0.964548, test acc: 0.913290, test avg acc: 0.876250
Train 36, loss: 0.958233, train acc: 0.940549, train avg acc: 0.912429
Test 36, loss: 0.952583, test acc: 0.923015, test avg acc: 0.883453
Train 37, loss: 0.951542, train acc: 0.941362, train avg acc: 0.908736
Test 37, loss: 0.958730, test acc: 0.914506, test avg acc: 0.873465
Train 38, loss: 0.949740, train acc: 0.941565, train avg acc: 0.911073
Test 38, loss: 0.963725, test acc: 0.911264, test avg acc: 0.877715
Train 39, loss: 0.948558, train acc: 0.943293, train avg acc: 0.915038
Test 39, loss: 0.961479, test acc: 0.912885, test avg acc: 0.876000
Train 40, loss: 0.944633, train acc: 0.943699, train avg acc: 0.915658
Test 40, loss: 0.954181, test acc: 0.914100, test avg acc: 0.880953
Train 41, loss: 0.932056, train acc: 0.947358, train avg acc: 0.922148
Test 41, loss: 0.946895, test acc: 0.918152, test avg acc: 0.879372
Train 42, loss: 0.928941, train acc: 0.949390, train avg acc: 0.922407
Test 42, loss: 0.959251, test acc: 0.914100, test avg acc: 0.879785
Train 43, loss: 0.931523, train acc: 0.949187, train avg acc: 0.922750
Test 43, loss: 0.952569, test acc: 0.919773, test avg acc: 0.881535
Train 44, loss: 0.926282, train acc: 0.949390, train avg acc: 0.922556
Test 44, loss: 0.941785, test acc: 0.923015, test avg acc: 0.888826
Train 45, loss: 0.924296, train acc: 0.949898, train avg acc: 0.923262
Test 45, loss: 0.940748, test acc: 0.920583, test avg acc: 0.884750
Train 46, loss: 0.925028, train acc: 0.950610, train avg acc: 0.925745
Test 46, loss: 0.946409, test acc: 0.918152, test avg acc: 0.883372
Train 47, loss: 0.920386, train acc: 0.951118, train avg acc: 0.926324
Test 47, loss: 0.947206, test acc: 0.918963, test avg acc: 0.884750
Train 48, loss: 0.918066, train acc: 0.953659, train avg acc: 0.931840
Test 48, loss: 0.944272, test acc: 0.921394, test avg acc: 0.892494
Train 49, loss: 0.915595, train acc: 0.952033, train avg acc: 0.928870
Test 49, loss: 0.940974, test acc: 0.919368, test avg acc: 0.891041
Train 50, loss: 0.914799, train acc: 0.956402, train avg acc: 0.934324
Test 50, loss: 0.942336, test acc: 0.915721, test avg acc: 0.874994
Train 51, loss: 0.916123, train acc: 0.952439, train avg acc: 0.927919
Test 51, loss: 0.940927, test acc: 0.918963, test avg acc: 0.883791
Train 52, loss: 0.914747, train acc: 0.954573, train avg acc: 0.932708
Test 52, loss: 0.942922, test acc: 0.919368, test avg acc: 0.880157
Train 53, loss: 0.915192, train acc: 0.953659, train avg acc: 0.931126
Test 53, loss: 0.938872, test acc: 0.921394, test avg acc: 0.880041
Train 54, loss: 0.911136, train acc: 0.954980, train avg acc: 0.931838
Test 54, loss: 0.943388, test acc: 0.920989, test avg acc: 0.890081
Train 55, loss: 0.914949, train acc: 0.953557, train avg acc: 0.928453
Test 55, loss: 0.942617, test acc: 0.920178, test avg acc: 0.882744
Train 56, loss: 0.908565, train acc: 0.955386, train avg acc: 0.932545
Test 56, loss: 0.944841, test acc: 0.918152, test avg acc: 0.886378
Train 57, loss: 0.909514, train acc: 0.955793, train avg acc: 0.931882
Test 57, loss: 0.940172, test acc: 0.919773, test avg acc: 0.887453
Train 58, loss: 0.907248, train acc: 0.956301, train avg acc: 0.933382
Test 58, loss: 0.944015, test acc: 0.915721, test avg acc: 0.883581
Train 59, loss: 0.911643, train acc: 0.954878, train avg acc: 0.929633
Test 59, loss: 0.938655, test acc: 0.919368, test avg acc: 0.883919
Train 60, loss: 0.909280, train acc: 0.954370, train avg acc: 0.931329
Test 60, loss: 0.939984, test acc: 0.917747, test avg acc: 0.877959
Train 61, loss: 0.900078, train acc: 0.958537, train avg acc: 0.936300
Test 61, loss: 0.946550, test acc: 0.921394, test avg acc: 0.885331
Train 62, loss: 0.897468, train acc: 0.960366, train avg acc: 0.940991
Test 62, loss: 0.935695, test acc: 0.928687, test avg acc: 0.893198
Train 63, loss: 0.900497, train acc: 0.959553, train avg acc: 0.940020
Test 63, loss: 0.940214, test acc: 0.919368, test avg acc: 0.887413
Train 64, loss: 0.891678, train acc: 0.960671, train avg acc: 0.941571
Test 64, loss: 0.935174, test acc: 0.920583, test avg acc: 0.884959
Train 65, loss: 0.895242, train acc: 0.959959, train avg acc: 0.938205
Test 65, loss: 0.945121, test acc: 0.919368, test avg acc: 0.888000
Train 66, loss: 0.891171, train acc: 0.964024, train avg acc: 0.946604
Test 66, loss: 0.934819, test acc: 0.924230, test avg acc: 0.892407
Train 67, loss: 0.896639, train acc: 0.961077, train avg acc: 0.941289
Test 67, loss: 0.939284, test acc: 0.920583, test avg acc: 0.893953
Train 68, loss: 0.895743, train acc: 0.959451, train avg acc: 0.938372
Test 68, loss: 0.941860, test acc: 0.918963, test avg acc: 0.887913
Train 69, loss: 0.891932, train acc: 0.960772, train avg acc: 0.940951
Test 69, loss: 0.939634, test acc: 0.919368, test avg acc: 0.888326
Train 70, loss: 0.889828, train acc: 0.962907, train avg acc: 0.943894
Test 70, loss: 0.936452, test acc: 0.920178, test avg acc: 0.888703
Train 71, loss: 0.896402, train acc: 0.959451, train avg acc: 0.939482
Test 71, loss: 0.940965, test acc: 0.920178, test avg acc: 0.886831
Train 72, loss: 0.890326, train acc: 0.960264, train avg acc: 0.941194
Test 72, loss: 0.933746, test acc: 0.923015, test avg acc: 0.891453
Train 73, loss: 0.894759, train acc: 0.958537, train avg acc: 0.940000
Test 73, loss: 0.930182, test acc: 0.924635, test avg acc: 0.890948
Train 74, loss: 0.888430, train acc: 0.963313, train avg acc: 0.944325
Test 74, loss: 0.937832, test acc: 0.921799, test avg acc: 0.883622
Train 75, loss: 0.883686, train acc: 0.965346, train avg acc: 0.948892
Test 75, loss: 0.925948, test acc: 0.927472, test avg acc: 0.888326
Train 76, loss: 0.887705, train acc: 0.963110, train avg acc: 0.945374
Test 76, loss: 0.931951, test acc: 0.925041, test avg acc: 0.889663
Train 77, loss: 0.888028, train acc: 0.963415, train avg acc: 0.944379
Test 77, loss: 0.937733, test acc: 0.918558, test avg acc: 0.884622
Train 78, loss: 0.889650, train acc: 0.962602, train avg acc: 0.942491
Test 78, loss: 0.937570, test acc: 0.919773, test avg acc: 0.890209
Train 79, loss: 0.892625, train acc: 0.961585, train avg acc: 0.941375
Test 79, loss: 0.935400, test acc: 0.920178, test avg acc: 0.889331
Train 80, loss: 0.886367, train acc: 0.962093, train avg acc: 0.942676
Test 80, loss: 0.933776, test acc: 0.920989, test avg acc: 0.888081
Train 81, loss: 0.879781, train acc: 0.967276, train avg acc: 0.949863
Test 81, loss: 0.927935, test acc: 0.923015, test avg acc: 0.889744
Train 82, loss: 0.885026, train acc: 0.965244, train avg acc: 0.948378
Test 82, loss: 0.932328, test acc: 0.926256, test avg acc: 0.890779
Train 83, loss: 0.879528, train acc: 0.965142, train avg acc: 0.946159
Test 83, loss: 0.930611, test acc: 0.925041, test avg acc: 0.888157
Train 84, loss: 0.883174, train acc: 0.963821, train avg acc: 0.943878
Test 84, loss: 0.926019, test acc: 0.927877, test avg acc: 0.891785
Train 85, loss: 0.880851, train acc: 0.966159, train avg acc: 0.950314
Test 85, loss: 0.925691, test acc: 0.926256, test avg acc: 0.888698
Train 86, loss: 0.880146, train acc: 0.966667, train avg acc: 0.951763
Test 86, loss: 0.930971, test acc: 0.923825, test avg acc: 0.890116
Train 87, loss: 0.880525, train acc: 0.965752, train avg acc: 0.948756
Test 87, loss: 0.930757, test acc: 0.923420, test avg acc: 0.892076
Train 88, loss: 0.879858, train acc: 0.964634, train avg acc: 0.947280
Test 88, loss: 0.935777, test acc: 0.916532, test avg acc: 0.880250
Train 89, loss: 0.878557, train acc: 0.967073, train avg acc: 0.947915
Test 89, loss: 0.935164, test acc: 0.923825, test avg acc: 0.890366
Train 90, loss: 0.880247, train acc: 0.964736, train avg acc: 0.946625
Test 90, loss: 0.929553, test acc: 0.925041, test avg acc: 0.894703
Train 91, loss: 0.875879, train acc: 0.966972, train avg acc: 0.950343
Test 91, loss: 0.928453, test acc: 0.919773, test avg acc: 0.887291
Train 92, loss: 0.880633, train acc: 0.960976, train avg acc: 0.942490
Test 92, loss: 0.928823, test acc: 0.924230, test avg acc: 0.891448
Train 93, loss: 0.876026, train acc: 0.966565, train avg acc: 0.948778
Test 93, loss: 0.929915, test acc: 0.925041, test avg acc: 0.888994
Train 94, loss: 0.878419, train acc: 0.964024, train avg acc: 0.945333
Test 94, loss: 0.932668, test acc: 0.924635, test avg acc: 0.895541
Train 95, loss: 0.876445, train acc: 0.966972, train avg acc: 0.948428
Test 95, loss: 0.932360, test acc: 0.921799, test avg acc: 0.885076
Train 96, loss: 0.874041, train acc: 0.966057, train avg acc: 0.949615
Test 96, loss: 0.930880, test acc: 0.924635, test avg acc: 0.886785
Train 97, loss: 0.877081, train acc: 0.967276, train avg acc: 0.950954
Test 97, loss: 0.929470, test acc: 0.919773, test avg acc: 0.886459
Train 98, loss: 0.878013, train acc: 0.963618, train avg acc: 0.944661
Test 98, loss: 0.930765, test acc: 0.920989, test avg acc: 0.887122
Train 99, loss: 0.874496, train acc: 0.968089, train avg acc: 0.951624
Test 99, loss: 0.928687, test acc: 0.921394, test avg acc: 0.885291
Train 100, loss: 0.875337, train acc: 0.969106, train avg acc: 0.953169
Test 100, loss: 0.932681, test acc: 0.923015, test avg acc: 0.891291
Train 101, loss: 0.871893, train acc: 0.967581, train avg acc: 0.953548
Test 101, loss: 0.925187, test acc: 0.924230, test avg acc: 0.887203
Train 102, loss: 0.872688, train acc: 0.968902, train avg acc: 0.954943
Test 102, loss: 0.930076, test acc: 0.924230, test avg acc: 0.889244
Train 103, loss: 0.877153, train acc: 0.965142, train avg acc: 0.948902
Test 103, loss: 0.931844, test acc: 0.922204, test avg acc: 0.888750
Train 104, loss: 0.870040, train acc: 0.971037, train avg acc: 0.957155
Test 104, loss: 0.926046, test acc: 0.923825, test avg acc: 0.888035
Train 105, loss: 0.872759, train acc: 0.966870, train avg acc: 0.950221
Test 105, loss: 0.930373, test acc: 0.918152, test avg acc: 0.884419
Train 106, loss: 0.869116, train acc: 0.967378, train avg acc: 0.951601
Test 106, loss: 0.932696, test acc: 0.920989, test avg acc: 0.891122
Train 107, loss: 0.876006, train acc: 0.964736, train avg acc: 0.946735
Test 107, loss: 0.930448, test acc: 0.923420, test avg acc: 0.889622
Train 108, loss: 0.867910, train acc: 0.970325, train avg acc: 0.954537
Test 108, loss: 0.935547, test acc: 0.921394, test avg acc: 0.887291
Train 109, loss: 0.871773, train acc: 0.966667, train avg acc: 0.948461
Test 109, loss: 0.931265, test acc: 0.926256, test avg acc: 0.891453
Train 110, loss: 0.873123, train acc: 0.967480, train avg acc: 0.950791
Test 110, loss: 0.932793, test acc: 0.919368, test avg acc: 0.888000
Train 111, loss: 0.875289, train acc: 0.968394, train avg acc: 0.953721
Test 111, loss: 0.930633, test acc: 0.919368, test avg acc: 0.887041
Train 112, loss: 0.868825, train acc: 0.970020, train avg acc: 0.955114
Test 112, loss: 0.930550, test acc: 0.920989, test avg acc: 0.889081
Train 113, loss: 0.869816, train acc: 0.969512, train avg acc: 0.952772
Test 113, loss: 0.929153, test acc: 0.922609, test avg acc: 0.888535
Train 114, loss: 0.871525, train acc: 0.968293, train avg acc: 0.950895
Test 114, loss: 0.928609, test acc: 0.920989, test avg acc: 0.889535
Train 115, loss: 0.873890, train acc: 0.966463, train avg acc: 0.948558
Test 115, loss: 0.929065, test acc: 0.919368, test avg acc: 0.884041
Train 116, loss: 0.870071, train acc: 0.970630, train avg acc: 0.955902
Test 116, loss: 0.935051, test acc: 0.920989, test avg acc: 0.888285
Train 117, loss: 0.873955, train acc: 0.967988, train avg acc: 0.951973
Test 117, loss: 0.932550, test acc: 0.924635, test avg acc: 0.894698
Train 118, loss: 0.871096, train acc: 0.968496, train avg acc: 0.950748
Test 118, loss: 0.930877, test acc: 0.918963, test avg acc: 0.886041
Train 119, loss: 0.870100, train acc: 0.968801, train avg acc: 0.954067
Test 119, loss: 0.930770, test acc: 0.922204, test avg acc: 0.886994
Train 120, loss: 0.870867, train acc: 0.970020, train avg acc: 0.955538
Test 120, loss: 0.929354, test acc: 0.921394, test avg acc: 0.886622
Train 121, loss: 0.869452, train acc: 0.970325, train avg acc: 0.957321
Test 121, loss: 0.929290, test acc: 0.922204, test avg acc: 0.888203
Train 122, loss: 0.869367, train acc: 0.968699, train avg acc: 0.954347
Test 122, loss: 0.928414, test acc: 0.922204, test avg acc: 0.889913
Train 123, loss: 0.866427, train acc: 0.970224, train avg acc: 0.953396
Test 123, loss: 0.925457, test acc: 0.923825, test avg acc: 0.892203
Train 124, loss: 0.869980, train acc: 0.967378, train avg acc: 0.951072
Test 124, loss: 0.928434, test acc: 0.922609, test avg acc: 0.889453
Train 125, loss: 0.868620, train acc: 0.969004, train avg acc: 0.954912
Test 125, loss: 0.931588, test acc: 0.920583, test avg acc: 0.888163
Train 126, loss: 0.870104, train acc: 0.969411, train avg acc: 0.955183
Test 126, loss: 0.934987, test acc: 0.922204, test avg acc: 0.887913
Train 127, loss: 0.870497, train acc: 0.969512, train avg acc: 0.954331
Test 127, loss: 0.930608, test acc: 0.924635, test avg acc: 0.896500
Train 128, loss: 0.865544, train acc: 0.969817, train avg acc: 0.953514
Test 128, loss: 0.932361, test acc: 0.919773, test avg acc: 0.887250
Train 129, loss: 0.866741, train acc: 0.970224, train avg acc: 0.955462
Test 129, loss: 0.930097, test acc: 0.923015, test avg acc: 0.891622
Train 130, loss: 0.870127, train acc: 0.969512, train avg acc: 0.956847
Test 130, loss: 0.930362, test acc: 0.923420, test avg acc: 0.887872
Train 131, loss: 0.867957, train acc: 0.968902, train avg acc: 0.954067
Test 131, loss: 0.933738, test acc: 0.923015, test avg acc: 0.894703
Train 132, loss: 0.867634, train acc: 0.970935, train avg acc: 0.955487
Test 132, loss: 0.932531, test acc: 0.922609, test avg acc: 0.887494
Train 133, loss: 0.871150, train acc: 0.968089, train avg acc: 0.949102
Test 133, loss: 0.933463, test acc: 0.923420, test avg acc: 0.894035
Train 134, loss: 0.870664, train acc: 0.968598, train avg acc: 0.954363
Test 134, loss: 0.929329, test acc: 0.922609, test avg acc: 0.891041
Train 135, loss: 0.867109, train acc: 0.969919, train avg acc: 0.955055
Test 135, loss: 0.930232, test acc: 0.927066, test avg acc: 0.896326
Train 136, loss: 0.868423, train acc: 0.969106, train avg acc: 0.954844
Test 136, loss: 0.931619, test acc: 0.925851, test avg acc: 0.894535
Train 137, loss: 0.866453, train acc: 0.970122, train avg acc: 0.956304
Test 137, loss: 0.928840, test acc: 0.925041, test avg acc: 0.893785
Train 138, loss: 0.870113, train acc: 0.969207, train avg acc: 0.954012
Test 138, loss: 0.927746, test acc: 0.925446, test avg acc: 0.895122
Train 139, loss: 0.869564, train acc: 0.969207, train avg acc: 0.955027
Test 139, loss: 0.930312, test acc: 0.923420, test avg acc: 0.890663
Train 140, loss: 0.867328, train acc: 0.970630, train avg acc: 0.954764
Test 140, loss: 0.928408, test acc: 0.923015, test avg acc: 0.889541
Train 141, loss: 0.864840, train acc: 0.969309, train avg acc: 0.955349
Test 141, loss: 0.929665, test acc: 0.922204, test avg acc: 0.889203
Train 142, loss: 0.868214, train acc: 0.967480, train avg acc: 0.950287
Test 142, loss: 0.927298, test acc: 0.925851, test avg acc: 0.890535
Train 143, loss: 0.865837, train acc: 0.969309, train avg acc: 0.952796
Test 143, loss: 0.930429, test acc: 0.920583, test avg acc: 0.889041
Train 144, loss: 0.866410, train acc: 0.970732, train avg acc: 0.955373
Test 144, loss: 0.927167, test acc: 0.921394, test avg acc: 0.888622
Train 145, loss: 0.864949, train acc: 0.970732, train avg acc: 0.955748
Test 145, loss: 0.930222, test acc: 0.923015, test avg acc: 0.890413
Train 146, loss: 0.867186, train acc: 0.969817, train avg acc: 0.953691
Test 146, loss: 0.930131, test acc: 0.918963, test avg acc: 0.886791
Train 147, loss: 0.864444, train acc: 0.969919, train avg acc: 0.955084
Test 147, loss: 0.926065, test acc: 0.922609, test avg acc: 0.889000
Train 148, loss: 0.864589, train acc: 0.970427, train avg acc: 0.956415
Test 148, loss: 0.925667, test acc: 0.925446, test avg acc: 0.893913
Train 149, loss: 0.864423, train acc: 0.972154, train avg acc: 0.957536
Test 149, loss: 0.926980, test acc: 0.924230, test avg acc: 0.895122
Train 150, loss: 0.864436, train acc: 0.972053, train avg acc: 0.959068
Test 150, loss: 0.928433, test acc: 0.922609, test avg acc: 0.889250
Train 151, loss: 0.864870, train acc: 0.970528, train avg acc: 0.955761
Test 151, loss: 0.931302, test acc: 0.921799, test avg acc: 0.890541
Train 152, loss: 0.863305, train acc: 0.970732, train avg acc: 0.955272
Test 152, loss: 0.930606, test acc: 0.923420, test avg acc: 0.894703
Train 153, loss: 0.867409, train acc: 0.970528, train avg acc: 0.956711
Test 153, loss: 0.930456, test acc: 0.923825, test avg acc: 0.893872
Train 154, loss: 0.865427, train acc: 0.972561, train avg acc: 0.957790
Test 154, loss: 0.929864, test acc: 0.926256, test avg acc: 0.893703
Train 155, loss: 0.864062, train acc: 0.971545, train avg acc: 0.958829
Test 155, loss: 0.928408, test acc: 0.923825, test avg acc: 0.887913
Train 156, loss: 0.865886, train acc: 0.969411, train avg acc: 0.955063
Test 156, loss: 0.933191, test acc: 0.922609, test avg acc: 0.892122
Train 157, loss: 0.867606, train acc: 0.968191, train avg acc: 0.951855
Test 157, loss: 0.928590, test acc: 0.922609, test avg acc: 0.889331
Train 158, loss: 0.868421, train acc: 0.967785, train avg acc: 0.953092
Test 158, loss: 0.929977, test acc: 0.924230, test avg acc: 0.894081
Train 159, loss: 0.866790, train acc: 0.970020, train avg acc: 0.955803
Test 159, loss: 0.928903, test acc: 0.923015, test avg acc: 0.891209
Train 160, loss: 0.867381, train acc: 0.970325, train avg acc: 0.957165
Test 160, loss: 0.928929, test acc: 0.921394, test avg acc: 0.887331
Train 161, loss: 0.866447, train acc: 0.970325, train avg acc: 0.955153
Test 161, loss: 0.929727, test acc: 0.917747, test avg acc: 0.886081
Train 162, loss: 0.863519, train acc: 0.972256, train avg acc: 0.957404
Test 162, loss: 0.927517, test acc: 0.927877, test avg acc: 0.898535
Train 163, loss: 0.864880, train acc: 0.970528, train avg acc: 0.956030
Test 163, loss: 0.930466, test acc: 0.923420, test avg acc: 0.891622
Train 164, loss: 0.864219, train acc: 0.970020, train avg acc: 0.955535
Test 164, loss: 0.930775, test acc: 0.923015, test avg acc: 0.888372
Train 165, loss: 0.868595, train acc: 0.969411, train avg acc: 0.955425
Test 165, loss: 0.934737, test acc: 0.924230, test avg acc: 0.887535
Train 166, loss: 0.865602, train acc: 0.970935, train avg acc: 0.956519
Test 166, loss: 0.927501, test acc: 0.920989, test avg acc: 0.887081
Train 167, loss: 0.863970, train acc: 0.972866, train avg acc: 0.957713
Test 167, loss: 0.930987, test acc: 0.920583, test avg acc: 0.889872
Train 168, loss: 0.865778, train acc: 0.969207, train avg acc: 0.953414
Test 168, loss: 0.930302, test acc: 0.922609, test avg acc: 0.893413
Train 169, loss: 0.867219, train acc: 0.968089, train avg acc: 0.953174
Test 169, loss: 0.929042, test acc: 0.923420, test avg acc: 0.887581
Train 170, loss: 0.870437, train acc: 0.969817, train avg acc: 0.955638
Test 170, loss: 0.931424, test acc: 0.923420, test avg acc: 0.893581
Train 171, loss: 0.867582, train acc: 0.970935, train avg acc: 0.954836
Test 171, loss: 0.924891, test acc: 0.922609, test avg acc: 0.889413
Train 172, loss: 0.865758, train acc: 0.969715, train avg acc: 0.953303
Test 172, loss: 0.932184, test acc: 0.923825, test avg acc: 0.889163
Train 173, loss: 0.867244, train acc: 0.969004, train avg acc: 0.953005
Test 173, loss: 0.929632, test acc: 0.920178, test avg acc: 0.887500
Train 174, loss: 0.867013, train acc: 0.970935, train avg acc: 0.957599
Test 174, loss: 0.929097, test acc: 0.923420, test avg acc: 0.893500
Train 175, loss: 0.865685, train acc: 0.971748, train avg acc: 0.958102
Test 175, loss: 0.931082, test acc: 0.925446, test avg acc: 0.892872
Train 176, loss: 0.864991, train acc: 0.970833, train avg acc: 0.953659
Test 176, loss: 0.931577, test acc: 0.920989, test avg acc: 0.889000
Train 177, loss: 0.871887, train acc: 0.968496, train avg acc: 0.954267
Test 177, loss: 0.927987, test acc: 0.924230, test avg acc: 0.894041
Train 178, loss: 0.866764, train acc: 0.969004, train avg acc: 0.952567
Test 178, loss: 0.928278, test acc: 0.923015, test avg acc: 0.887866
Train 179, loss: 0.866175, train acc: 0.971545, train avg acc: 0.958334
Test 179, loss: 0.930001, test acc: 0.923015, test avg acc: 0.892500
Train 180, loss: 0.867777, train acc: 0.969817, train avg acc: 0.956389
Test 180, loss: 0.933051, test acc: 0.920989, test avg acc: 0.888081
Train 181, loss: 0.865089, train acc: 0.970020, train avg acc: 0.954207
Test 181, loss: 0.927836, test acc: 0.923420, test avg acc: 0.891744
Train 182, loss: 0.866118, train acc: 0.970630, train avg acc: 0.956014
Test 182, loss: 0.929649, test acc: 0.923015, test avg acc: 0.888581
Train 183, loss: 0.865564, train acc: 0.969512, train avg acc: 0.953807
Test 183, loss: 0.931899, test acc: 0.919773, test avg acc: 0.885494
Train 184, loss: 0.866352, train acc: 0.969512, train avg acc: 0.955006
Test 184, loss: 0.933173, test acc: 0.920989, test avg acc: 0.889041
Train 185, loss: 0.867085, train acc: 0.969207, train avg acc: 0.953558
Test 185, loss: 0.933198, test acc: 0.921394, test avg acc: 0.887453
Train 186, loss: 0.864861, train acc: 0.972663, train avg acc: 0.958639
Test 186, loss: 0.935645, test acc: 0.921799, test avg acc: 0.892663
Train 187, loss: 0.868762, train acc: 0.968801, train avg acc: 0.951953
Test 187, loss: 0.934663, test acc: 0.924635, test avg acc: 0.892866
Train 188, loss: 0.865252, train acc: 0.968496, train avg acc: 0.953378
Test 188, loss: 0.931665, test acc: 0.922204, test avg acc: 0.890791
Train 189, loss: 0.866107, train acc: 0.971240, train avg acc: 0.958507
Test 189, loss: 0.929241, test acc: 0.922609, test avg acc: 0.893285
Train 190, loss: 0.862292, train acc: 0.970732, train avg acc: 0.955868
Test 190, loss: 0.930528, test acc: 0.921394, test avg acc: 0.890453
Train 191, loss: 0.868030, train acc: 0.969715, train avg acc: 0.957853
Test 191, loss: 0.931543, test acc: 0.919773, test avg acc: 0.887372
Train 192, loss: 0.865471, train acc: 0.971951, train avg acc: 0.956358
Test 192, loss: 0.929369, test acc: 0.920989, test avg acc: 0.888372
Train 193, loss: 0.867189, train acc: 0.969919, train avg acc: 0.955548
Test 193, loss: 0.927885, test acc: 0.926256, test avg acc: 0.890535
Train 194, loss: 0.868094, train acc: 0.970427, train avg acc: 0.954993
Test 194, loss: 0.932836, test acc: 0.922204, test avg acc: 0.887244
Train 195, loss: 0.871014, train acc: 0.967378, train avg acc: 0.952129
Test 195, loss: 0.934720, test acc: 0.921394, test avg acc: 0.893372
Train 196, loss: 0.864041, train acc: 0.972154, train avg acc: 0.957458
Test 196, loss: 0.926922, test acc: 0.920178, test avg acc: 0.885744
Train 197, loss: 0.867018, train acc: 0.969106, train avg acc: 0.954011
Test 197, loss: 0.928212, test acc: 0.920989, test avg acc: 0.888285
Train 198, loss: 0.866483, train acc: 0.969309, train avg acc: 0.955247
Test 198, loss: 0.929315, test acc: 0.920989, test avg acc: 0.885203
Train 199, loss: 0.864524, train acc: 0.970732, train avg acc: 0.955559
Test 199, loss: 0.929031, test acc: 0.922204, test avg acc: 0.889872
Train 200, loss: 0.868282, train acc: 0.970325, train avg acc: 0.954160
Test 200, loss: 0.925640, test acc: 0.922204, test avg acc: 0.885791
Train 201, loss: 0.862717, train acc: 0.972459, train avg acc: 0.958387
Test 201, loss: 0.932568, test acc: 0.924635, test avg acc: 0.894581
Train 202, loss: 0.864812, train acc: 0.971748, train avg acc: 0.958045
Test 202, loss: 0.931483, test acc: 0.922204, test avg acc: 0.886831
Train 203, loss: 0.863857, train acc: 0.971037, train avg acc: 0.957128
Test 203, loss: 0.931348, test acc: 0.921799, test avg acc: 0.891744
Train 204, loss: 0.865236, train acc: 0.968699, train avg acc: 0.952627
Test 204, loss: 0.930262, test acc: 0.923420, test avg acc: 0.893703
Train 205, loss: 0.864747, train acc: 0.972154, train avg acc: 0.958969
Test 205, loss: 0.930692, test acc: 0.922609, test avg acc: 0.890413
Train 206, loss: 0.865445, train acc: 0.968496, train avg acc: 0.951657
Test 206, loss: 0.927976, test acc: 0.922609, test avg acc: 0.888163
Train 207, loss: 0.864263, train acc: 0.971646, train avg acc: 0.956879
Test 207, loss: 0.934607, test acc: 0.920583, test avg acc: 0.890994
Train 208, loss: 0.868324, train acc: 0.967886, train avg acc: 0.950129
Test 208, loss: 0.935419, test acc: 0.924230, test avg acc: 0.891453
Train 209, loss: 0.865123, train acc: 0.970732, train avg acc: 0.956538
Test 209, loss: 0.926244, test acc: 0.923420, test avg acc: 0.891663
Train 210, loss: 0.863172, train acc: 0.972561, train avg acc: 0.959768
Test 210, loss: 0.928989, test acc: 0.920178, test avg acc: 0.886744
Train 211, loss: 0.863834, train acc: 0.969817, train avg acc: 0.955607
Test 211, loss: 0.929188, test acc: 0.922204, test avg acc: 0.889750
Train 212, loss: 0.864413, train acc: 0.970020, train avg acc: 0.956370
Test 212, loss: 0.926380, test acc: 0.925041, test avg acc: 0.897872
Train 213, loss: 0.865818, train acc: 0.971748, train avg acc: 0.957401
Test 213, loss: 0.929564, test acc: 0.923015, test avg acc: 0.890541
Train 214, loss: 0.862851, train acc: 0.971138, train avg acc: 0.957278
Test 214, loss: 0.929942, test acc: 0.921799, test avg acc: 0.886663
Train 215, loss: 0.866603, train acc: 0.970427, train avg acc: 0.957904
Test 215, loss: 0.933507, test acc: 0.919368, test avg acc: 0.888837
Train 216, loss: 0.862856, train acc: 0.970935, train avg acc: 0.955452
Test 216, loss: 0.924019, test acc: 0.925041, test avg acc: 0.893744
Train 217, loss: 0.864581, train acc: 0.970528, train avg acc: 0.955712
Test 217, loss: 0.933024, test acc: 0.918963, test avg acc: 0.888913
Train 218, loss: 0.863882, train acc: 0.972053, train avg acc: 0.958595
Test 218, loss: 0.932824, test acc: 0.925041, test avg acc: 0.893953
Train 219, loss: 0.867725, train acc: 0.969817, train avg acc: 0.953482
Test 219, loss: 0.931298, test acc: 0.921799, test avg acc: 0.890622
Train 220, loss: 0.865733, train acc: 0.968394, train avg acc: 0.952039
Test 220, loss: 0.932374, test acc: 0.920989, test avg acc: 0.886163
Train 221, loss: 0.866982, train acc: 0.968801, train avg acc: 0.953891
Test 221, loss: 0.925705, test acc: 0.923420, test avg acc: 0.890541
Train 222, loss: 0.863408, train acc: 0.971748, train avg acc: 0.956808
Test 222, loss: 0.929340, test acc: 0.923015, test avg acc: 0.890413
Train 223, loss: 0.863984, train acc: 0.971646, train avg acc: 0.958686
Test 223, loss: 0.932101, test acc: 0.921394, test avg acc: 0.890291
Train 224, loss: 0.864102, train acc: 0.971748, train avg acc: 0.954735
Test 224, loss: 0.930306, test acc: 0.921799, test avg acc: 0.889663
Train 225, loss: 0.867753, train acc: 0.969207, train avg acc: 0.954044
Test 225, loss: 0.925592, test acc: 0.922609, test avg acc: 0.890372
Train 226, loss: 0.863212, train acc: 0.971037, train avg acc: 0.954430
Test 226, loss: 0.928696, test acc: 0.921799, test avg acc: 0.890581
Train 227, loss: 0.862964, train acc: 0.972053, train avg acc: 0.957937
Test 227, loss: 0.928618, test acc: 0.922609, test avg acc: 0.891163
Train 228, loss: 0.864167, train acc: 0.971138, train avg acc: 0.957963
Test 228, loss: 0.930781, test acc: 0.924230, test avg acc: 0.889453
Train 229, loss: 0.864408, train acc: 0.969919, train avg acc: 0.953739
Test 229, loss: 0.932114, test acc: 0.920989, test avg acc: 0.892413
Train 230, loss: 0.863997, train acc: 0.973374, train avg acc: 0.961065
Test 230, loss: 0.926650, test acc: 0.923420, test avg acc: 0.892703
Train 231, loss: 0.864665, train acc: 0.969919, train avg acc: 0.957166
Test 231, loss: 0.928772, test acc: 0.923420, test avg acc: 0.889872
Train 232, loss: 0.865176, train acc: 0.970122, train avg acc: 0.955093
Test 232, loss: 0.929762, test acc: 0.923420, test avg acc: 0.891826
Train 233, loss: 0.862463, train acc: 0.971748, train avg acc: 0.958923
Test 233, loss: 0.929060, test acc: 0.920989, test avg acc: 0.886081
Train 234, loss: 0.863801, train acc: 0.972358, train avg acc: 0.958742
Test 234, loss: 0.924112, test acc: 0.924230, test avg acc: 0.892453
Train 235, loss: 0.863737, train acc: 0.969614, train avg acc: 0.954706
Test 235, loss: 0.927394, test acc: 0.920989, test avg acc: 0.888535
Train 236, loss: 0.865112, train acc: 0.969715, train avg acc: 0.956082
Test 236, loss: 0.929640, test acc: 0.923825, test avg acc: 0.893076
Train 237, loss: 0.862413, train acc: 0.972561, train avg acc: 0.960622
Test 237, loss: 0.935705, test acc: 0.919773, test avg acc: 0.889413
Train 238, loss: 0.864970, train acc: 0.969106, train avg acc: 0.954124
Test 238, loss: 0.927764, test acc: 0.921394, test avg acc: 0.889453
Train 239, loss: 0.865387, train acc: 0.970630, train avg acc: 0.955780
Test 239, loss: 0.931320, test acc: 0.927472, test avg acc: 0.899244
Train 240, loss: 0.867663, train acc: 0.971138, train avg acc: 0.955613
Test 240, loss: 0.932050, test acc: 0.922609, test avg acc: 0.892041
Train 241, loss: 0.862046, train acc: 0.971138, train avg acc: 0.957932
Test 241, loss: 0.930111, test acc: 0.923825, test avg acc: 0.890285
Train 242, loss: 0.864791, train acc: 0.969411, train avg acc: 0.954680
Test 242, loss: 0.932607, test acc: 0.922609, test avg acc: 0.885326
Train 243, loss: 0.864692, train acc: 0.971850, train avg acc: 0.957642
Test 243, loss: 0.929973, test acc: 0.922609, test avg acc: 0.889203
Train 244, loss: 0.862530, train acc: 0.970833, train avg acc: 0.956994
Test 244, loss: 0.926019, test acc: 0.926256, test avg acc: 0.893494
Train 245, loss: 0.865605, train acc: 0.971443, train avg acc: 0.956396
Test 245, loss: 0.930523, test acc: 0.919773, test avg acc: 0.889413
Train 246, loss: 0.863860, train acc: 0.971850, train avg acc: 0.958135
Test 246, loss: 0.931773, test acc: 0.919368, test avg acc: 0.891203
Train 247, loss: 0.870265, train acc: 0.968699, train avg acc: 0.954401
Test 247, loss: 0.928731, test acc: 0.924635, test avg acc: 0.890703
Train 248, loss: 0.864726, train acc: 0.971138, train avg acc: 0.955505
Test 248, loss: 0.927051, test acc: 0.921394, test avg acc: 0.886703
Train 249, loss: 0.866579, train acc: 0.968801, train avg acc: 0.953213
Test 249, loss: 0.928944, test acc: 0.923420, test avg acc: 0.890587
Train 250, loss: 0.864026, train acc: 0.970528, train avg acc: 0.956309
Test 250, loss: 0.927729, test acc: 0.923420, test avg acc: 0.890826
Train 251, loss: 0.864825, train acc: 0.968293, train avg acc: 0.952905
Test 251, loss: 0.929033, test acc: 0.923825, test avg acc: 0.893709
Train 252, loss: 0.863387, train acc: 0.970528, train avg acc: 0.956775
Test 252, loss: 0.925628, test acc: 0.923825, test avg acc: 0.892122
Train 253, loss: 0.866168, train acc: 0.970833, train avg acc: 0.955298
Test 253, loss: 0.930948, test acc: 0.925041, test avg acc: 0.890744
Train 254, loss: 0.864565, train acc: 0.968699, train avg acc: 0.952684
Test 254, loss: 0.927590, test acc: 0.926256, test avg acc: 0.895250
Train 255, loss: 0.865811, train acc: 0.969614, train avg acc: 0.955726
Test 255, loss: 0.929044, test acc: 0.925041, test avg acc: 0.889872
Train 256, loss: 0.866263, train acc: 0.970833, train avg acc: 0.956500
Test 256, loss: 0.929683, test acc: 0.921799, test avg acc: 0.888785
Train 257, loss: 0.867951, train acc: 0.970935, train avg acc: 0.957887
Test 257, loss: 0.926785, test acc: 0.923420, test avg acc: 0.890744
Train 258, loss: 0.865743, train acc: 0.968191, train avg acc: 0.953043
Test 258, loss: 0.929031, test acc: 0.925041, test avg acc: 0.894703
Train 259, loss: 0.865934, train acc: 0.971341, train avg acc: 0.957675
Test 259, loss: 0.928597, test acc: 0.923825, test avg acc: 0.891913
Train 260, loss: 0.862222, train acc: 0.972256, train avg acc: 0.956734
Test 260, loss: 0.933102, test acc: 0.926256, test avg acc: 0.899500
Train 261, loss: 0.867716, train acc: 0.969309, train avg acc: 0.951595
Test 261, loss: 0.931595, test acc: 0.924230, test avg acc: 0.894331
Train 262, loss: 0.864645, train acc: 0.970732, train avg acc: 0.956151
Test 262, loss: 0.933241, test acc: 0.919773, test avg acc: 0.891459
Train 263, loss: 0.866355, train acc: 0.970935, train avg acc: 0.956498
Test 263, loss: 0.929217, test acc: 0.921799, test avg acc: 0.888953
Train 264, loss: 0.863752, train acc: 0.972256, train avg acc: 0.957085
Test 264, loss: 0.931636, test acc: 0.926661, test avg acc: 0.896953
Train 265, loss: 0.867638, train acc: 0.971646, train avg acc: 0.957469
Test 265, loss: 0.929097, test acc: 0.920583, test avg acc: 0.887163
Train 266, loss: 0.861921, train acc: 0.972256, train avg acc: 0.957764
Test 266, loss: 0.934034, test acc: 0.920178, test avg acc: 0.888500
Train 267, loss: 0.865139, train acc: 0.970427, train avg acc: 0.955383
Test 267, loss: 0.930587, test acc: 0.923420, test avg acc: 0.889785
Train 268, loss: 0.864353, train acc: 0.972154, train avg acc: 0.957890
Test 268, loss: 0.931519, test acc: 0.918558, test avg acc: 0.886459
Train 269, loss: 0.866035, train acc: 0.970935, train avg acc: 0.954988
Test 269, loss: 0.932959, test acc: 0.923825, test avg acc: 0.891326
Train 270, loss: 0.862595, train acc: 0.970528, train avg acc: 0.954529
Test 270, loss: 0.927806, test acc: 0.922204, test avg acc: 0.885163
Train 271, loss: 0.864713, train acc: 0.971545, train avg acc: 0.956782
Test 271, loss: 0.928851, test acc: 0.918152, test avg acc: 0.884331
Train 272, loss: 0.866050, train acc: 0.972053, train avg acc: 0.956711
Test 272, loss: 0.933464, test acc: 0.922204, test avg acc: 0.893831
Train 273, loss: 0.865986, train acc: 0.969309, train avg acc: 0.952997
Test 273, loss: 0.932402, test acc: 0.921394, test avg acc: 0.890663
Train 274, loss: 0.864136, train acc: 0.969715, train avg acc: 0.952669
Test 274, loss: 0.932938, test acc: 0.920583, test avg acc: 0.886872
Train 275, loss: 0.861858, train acc: 0.971748, train avg acc: 0.957567
Test 275, loss: 0.930930, test acc: 0.921394, test avg acc: 0.889622
Train 276, loss: 0.867913, train acc: 0.971240, train avg acc: 0.956709
Test 276, loss: 0.933456, test acc: 0.921799, test avg acc: 0.890581
Train 277, loss: 0.866980, train acc: 0.971341, train avg acc: 0.957253
Test 277, loss: 0.934352, test acc: 0.920178, test avg acc: 0.888703
Train 278, loss: 0.865944, train acc: 0.968598, train avg acc: 0.953432
Test 278, loss: 0.932242, test acc: 0.921799, test avg acc: 0.890709
Train 279, loss: 0.864970, train acc: 0.970935, train avg acc: 0.957996
Test 279, loss: 0.931116, test acc: 0.922204, test avg acc: 0.888994
Train 280, loss: 0.868775, train acc: 0.968191, train avg acc: 0.953379
Test 280, loss: 0.934882, test acc: 0.916937, test avg acc: 0.882500
Train 281, loss: 0.862995, train acc: 0.970224, train avg acc: 0.954735
Test 281, loss: 0.929789, test acc: 0.919368, test avg acc: 0.887919
Train 282, loss: 0.865781, train acc: 0.969614, train avg acc: 0.954721
Test 282, loss: 0.929816, test acc: 0.922204, test avg acc: 0.891953
Train 283, loss: 0.862136, train acc: 0.972256, train avg acc: 0.959043
Test 283, loss: 0.929546, test acc: 0.921394, test avg acc: 0.891459
Train 284, loss: 0.863975, train acc: 0.970732, train avg acc: 0.956857
Test 284, loss: 0.928425, test acc: 0.923825, test avg acc: 0.891122
Train 285, loss: 0.863761, train acc: 0.971850, train avg acc: 0.957015
Test 285, loss: 0.934243, test acc: 0.921799, test avg acc: 0.890791
Train 286, loss: 0.868449, train acc: 0.969004, train avg acc: 0.954003
Test 286, loss: 0.938382, test acc: 0.921394, test avg acc: 0.885413
Train 287, loss: 0.864019, train acc: 0.971138, train avg acc: 0.955924
Test 287, loss: 0.926523, test acc: 0.922609, test avg acc: 0.890163
Train 288, loss: 0.864794, train acc: 0.972256, train avg acc: 0.957779
Test 288, loss: 0.927313, test acc: 0.923015, test avg acc: 0.889331
Train 289, loss: 0.869831, train acc: 0.971138, train avg acc: 0.956392
Test 289, loss: 0.930216, test acc: 0.920989, test avg acc: 0.887494
Train 290, loss: 0.863321, train acc: 0.970833, train avg acc: 0.956949
Test 290, loss: 0.928406, test acc: 0.923420, test avg acc: 0.892663
Train 291, loss: 0.866319, train acc: 0.968394, train avg acc: 0.952774
Test 291, loss: 0.930735, test acc: 0.923015, test avg acc: 0.893372
Train 292, loss: 0.862648, train acc: 0.970427, train avg acc: 0.954377
Test 292, loss: 0.929910, test acc: 0.923015, test avg acc: 0.890250
Train 293, loss: 0.868194, train acc: 0.967581, train avg acc: 0.950138
Test 293, loss: 0.936895, test acc: 0.918152, test avg acc: 0.886413
Train 294, loss: 0.863564, train acc: 0.970427, train avg acc: 0.955488
Test 294, loss: 0.928240, test acc: 0.924230, test avg acc: 0.894453
Train 295, loss: 0.863245, train acc: 0.971138, train avg acc: 0.957893
Test 295, loss: 0.932232, test acc: 0.921394, test avg acc: 0.890703
Train 296, loss: 0.868689, train acc: 0.969309, train avg acc: 0.953399
Test 296, loss: 0.928116, test acc: 0.925041, test avg acc: 0.889913
Train 297, loss: 0.864765, train acc: 0.972358, train avg acc: 0.956996
Test 297, loss: 0.931946, test acc: 0.922204, test avg acc: 0.889872
Train 298, loss: 0.862512, train acc: 0.971037, train avg acc: 0.956471
Test 298, loss: 0.930498, test acc: 0.921799, test avg acc: 0.890872
Train 299, loss: 0.865824, train acc: 0.968801, train avg acc: 0.954685
Test 299, loss: 0.929651, test acc: 0.925041, test avg acc: 0.889872
Train 300, loss: 0.867078, train acc: 0.969614, train avg acc: 0.954195
Test 300, loss: 0.929781, test acc: 0.920989, test avg acc: 0.885203
