Namespace(exp_name='LPR++', model='GTNet', dataset='modelnet40', batch_size=16, test_batch_size=16, epochs=300, use_sgd=True, lr=0.01, momentum=0.9, scheduler='step', no_cuda=False, seed=1, eval=False, num_points=1024, dropout=0.5, emb_dims=1024, k=20, model_path='', test_sampler='random_fixed')
Using GPU : 0 from 1 devices
Train 1, loss: 2.051310, train acc: 0.558943, train avg acc: 0.390351
Test 1, loss: 1.495259, test acc: 0.750000, test avg acc: 0.639831
Train 2, loss: 1.555286, train acc: 0.728963, train avg acc: 0.597679
Test 2, loss: 1.290271, test acc: 0.824554, test avg acc: 0.705785
Train 3, loss: 1.433258, train acc: 0.777744, train avg acc: 0.669591
Test 3, loss: 1.205616, test acc: 0.848865, test avg acc: 0.754012
Train 4, loss: 1.339356, train acc: 0.811585, train avg acc: 0.723573
Test 4, loss: 1.162679, test acc: 0.865478, test avg acc: 0.772430
Train 5, loss: 1.275326, train acc: 0.833841, train avg acc: 0.751012
Test 5, loss: 1.143212, test acc: 0.869935, test avg acc: 0.811366
Train 6, loss: 1.246220, train acc: 0.841057, train avg acc: 0.758864
Test 6, loss: 1.101606, test acc: 0.891815, test avg acc: 0.840256
Train 7, loss: 1.214112, train acc: 0.850000, train avg acc: 0.774871
Test 7, loss: 1.119814, test acc: 0.868314, test avg acc: 0.827703
Train 8, loss: 1.184264, train acc: 0.862500, train avg acc: 0.796448
Test 8, loss: 1.150853, test acc: 0.855348, test avg acc: 0.803808
Train 9, loss: 1.167648, train acc: 0.867785, train avg acc: 0.800624
Test 9, loss: 1.083011, test acc: 0.888979, test avg acc: 0.825674
Train 10, loss: 1.151349, train acc: 0.875407, train avg acc: 0.813875
Test 10, loss: 1.082053, test acc: 0.886953, test avg acc: 0.826762
Train 11, loss: 1.131769, train acc: 0.880589, train avg acc: 0.820651
Test 11, loss: 1.055159, test acc: 0.889384, test avg acc: 0.833012
Train 12, loss: 1.127719, train acc: 0.883638, train avg acc: 0.823171
Test 12, loss: 1.046686, test acc: 0.893841, test avg acc: 0.837169
Train 13, loss: 1.102523, train acc: 0.891667, train avg acc: 0.835678
Test 13, loss: 1.056609, test acc: 0.896272, test avg acc: 0.850169
Train 14, loss: 1.101604, train acc: 0.890549, train avg acc: 0.837730
Test 14, loss: 1.026830, test acc: 0.906807, test avg acc: 0.860000
Train 15, loss: 1.092638, train acc: 0.891768, train avg acc: 0.839531
Test 15, loss: 1.041805, test acc: 0.897083, test avg acc: 0.848645
Train 16, loss: 1.087039, train acc: 0.897866, train avg acc: 0.847810
Test 16, loss: 1.048766, test acc: 0.897083, test avg acc: 0.862041
Train 17, loss: 1.073387, train acc: 0.903760, train avg acc: 0.854279
Test 17, loss: 1.016249, test acc: 0.903566, test avg acc: 0.860215
Train 18, loss: 1.060850, train acc: 0.904980, train avg acc: 0.860366
Test 18, loss: 1.030755, test acc: 0.896677, test avg acc: 0.862250
Train 19, loss: 1.063697, train acc: 0.905285, train avg acc: 0.859466
Test 19, loss: 1.021187, test acc: 0.905186, test avg acc: 0.871047
Train 20, loss: 1.054208, train acc: 0.909146, train avg acc: 0.865251
Test 20, loss: 1.017102, test acc: 0.898703, test avg acc: 0.852593
Train 21, loss: 1.021407, train acc: 0.918902, train avg acc: 0.880740
Test 21, loss: 1.001168, test acc: 0.909238, test avg acc: 0.869756
Train 22, loss: 1.007981, train acc: 0.923476, train avg acc: 0.883503
Test 22, loss: 0.990249, test acc: 0.914100, test avg acc: 0.874384
Train 23, loss: 1.002202, train acc: 0.924187, train avg acc: 0.886709
Test 23, loss: 0.987207, test acc: 0.908428, test avg acc: 0.860820
Train 24, loss: 1.000228, train acc: 0.924492, train avg acc: 0.885280
Test 24, loss: 0.991971, test acc: 0.907212, test avg acc: 0.873669
Train 25, loss: 0.990243, train acc: 0.927642, train avg acc: 0.889297
Test 25, loss: 0.976487, test acc: 0.913695, test avg acc: 0.867709
Train 26, loss: 0.991590, train acc: 0.926931, train avg acc: 0.891325
Test 26, loss: 0.972758, test acc: 0.915316, test avg acc: 0.878250
Train 27, loss: 0.990837, train acc: 0.927541, train avg acc: 0.892394
Test 27, loss: 0.982306, test acc: 0.911669, test avg acc: 0.874459
Train 28, loss: 0.983046, train acc: 0.931809, train avg acc: 0.897794
Test 28, loss: 0.970724, test acc: 0.916532, test avg acc: 0.877698
Train 29, loss: 0.979771, train acc: 0.930996, train avg acc: 0.896130
Test 29, loss: 0.972294, test acc: 0.915316, test avg acc: 0.879628
Train 30, loss: 0.983604, train acc: 0.929776, train avg acc: 0.895159
Test 30, loss: 0.971202, test acc: 0.918152, test avg acc: 0.876372
Train 31, loss: 0.971932, train acc: 0.936179, train avg acc: 0.906703
Test 31, loss: 0.978075, test acc: 0.911264, test avg acc: 0.878919
Train 32, loss: 0.973060, train acc: 0.934045, train avg acc: 0.900778
Test 32, loss: 0.963683, test acc: 0.920178, test avg acc: 0.880285
Train 33, loss: 0.968601, train acc: 0.934858, train avg acc: 0.900065
Test 33, loss: 0.966389, test acc: 0.915721, test avg acc: 0.875709
Train 34, loss: 0.970498, train acc: 0.934248, train avg acc: 0.902812
Test 34, loss: 0.964196, test acc: 0.916532, test avg acc: 0.887576
Train 35, loss: 0.968432, train acc: 0.934350, train avg acc: 0.901560
Test 35, loss: 0.971936, test acc: 0.915316, test avg acc: 0.879709
Train 36, loss: 0.964777, train acc: 0.936077, train avg acc: 0.905774
Test 36, loss: 0.969191, test acc: 0.914506, test avg acc: 0.871709
Train 37, loss: 0.960198, train acc: 0.936687, train avg acc: 0.904169
Test 37, loss: 0.966017, test acc: 0.916937, test avg acc: 0.886297
Train 38, loss: 0.956626, train acc: 0.938516, train avg acc: 0.909015
Test 38, loss: 0.977619, test acc: 0.911669, test avg acc: 0.878703
Train 39, loss: 0.955538, train acc: 0.937195, train avg acc: 0.906558
Test 39, loss: 0.972001, test acc: 0.916126, test avg acc: 0.878331
Train 40, loss: 0.953884, train acc: 0.939024, train avg acc: 0.911907
Test 40, loss: 0.969037, test acc: 0.912075, test avg acc: 0.875709
Train 41, loss: 0.939717, train acc: 0.945630, train avg acc: 0.918930
Test 41, loss: 0.952667, test acc: 0.919773, test avg acc: 0.881203
Train 42, loss: 0.938974, train acc: 0.946240, train avg acc: 0.921188
Test 42, loss: 0.953875, test acc: 0.919368, test avg acc: 0.881878
Train 43, loss: 0.929324, train acc: 0.948171, train avg acc: 0.921886
Test 43, loss: 0.958456, test acc: 0.924230, test avg acc: 0.888372
Train 44, loss: 0.928664, train acc: 0.949289, train avg acc: 0.922626
Test 44, loss: 0.954371, test acc: 0.917747, test avg acc: 0.882628
Train 45, loss: 0.929587, train acc: 0.947358, train avg acc: 0.922160
Test 45, loss: 0.953901, test acc: 0.917747, test avg acc: 0.884209
Train 46, loss: 0.925211, train acc: 0.951220, train avg acc: 0.928688
Test 46, loss: 0.949623, test acc: 0.919773, test avg acc: 0.885291
Train 47, loss: 0.922838, train acc: 0.951016, train avg acc: 0.926608
Test 47, loss: 0.946858, test acc: 0.919368, test avg acc: 0.881203
Train 48, loss: 0.922287, train acc: 0.952846, train avg acc: 0.929569
Test 48, loss: 0.952998, test acc: 0.921394, test avg acc: 0.889000
Train 49, loss: 0.924159, train acc: 0.948679, train avg acc: 0.924455
Test 49, loss: 0.947609, test acc: 0.920989, test avg acc: 0.887372
Train 50, loss: 0.925805, train acc: 0.949187, train avg acc: 0.923824
Test 50, loss: 0.953392, test acc: 0.917747, test avg acc: 0.883081
Train 51, loss: 0.914933, train acc: 0.953760, train avg acc: 0.931279
Test 51, loss: 0.947363, test acc: 0.922204, test avg acc: 0.890041
Train 52, loss: 0.917872, train acc: 0.952541, train avg acc: 0.929960
Test 52, loss: 0.951459, test acc: 0.921394, test avg acc: 0.884459
Train 53, loss: 0.920608, train acc: 0.955081, train avg acc: 0.933667
Test 53, loss: 0.947077, test acc: 0.919368, test avg acc: 0.886122
Train 54, loss: 0.917541, train acc: 0.953659, train avg acc: 0.930592
Test 54, loss: 0.957787, test acc: 0.918963, test avg acc: 0.887831
Train 55, loss: 0.915100, train acc: 0.953963, train avg acc: 0.932459
Test 55, loss: 0.952394, test acc: 0.917747, test avg acc: 0.885919
Train 56, loss: 0.916114, train acc: 0.953557, train avg acc: 0.930340
Test 56, loss: 0.952692, test acc: 0.916532, test avg acc: 0.889337
Train 57, loss: 0.909374, train acc: 0.954472, train avg acc: 0.933842
Test 57, loss: 0.951533, test acc: 0.919773, test avg acc: 0.892459
Train 58, loss: 0.911258, train acc: 0.953252, train avg acc: 0.929868
Test 58, loss: 0.945192, test acc: 0.924635, test avg acc: 0.892250
Train 59, loss: 0.908340, train acc: 0.956098, train avg acc: 0.935440
Test 59, loss: 0.949899, test acc: 0.921394, test avg acc: 0.895372
Train 60, loss: 0.909215, train acc: 0.953963, train avg acc: 0.930230
Test 60, loss: 0.953912, test acc: 0.921394, test avg acc: 0.890372
Train 61, loss: 0.897893, train acc: 0.958740, train avg acc: 0.937851
Test 61, loss: 0.946403, test acc: 0.919773, test avg acc: 0.887419
Train 62, loss: 0.903165, train acc: 0.955691, train avg acc: 0.934917
Test 62, loss: 0.950600, test acc: 0.921799, test avg acc: 0.890831
Train 63, loss: 0.901000, train acc: 0.957825, train avg acc: 0.939327
Test 63, loss: 0.949405, test acc: 0.920178, test avg acc: 0.889663
Train 64, loss: 0.901794, train acc: 0.958537, train avg acc: 0.936941
Test 64, loss: 0.951812, test acc: 0.919368, test avg acc: 0.883413
Train 65, loss: 0.896729, train acc: 0.959045, train avg acc: 0.939576
Test 65, loss: 0.948764, test acc: 0.918152, test avg acc: 0.886541
Train 66, loss: 0.891918, train acc: 0.961484, train avg acc: 0.943382
Test 66, loss: 0.950003, test acc: 0.920989, test avg acc: 0.891291
Train 67, loss: 0.894516, train acc: 0.961687, train avg acc: 0.944340
Test 67, loss: 0.948592, test acc: 0.921394, test avg acc: 0.893500
Train 68, loss: 0.893953, train acc: 0.961280, train avg acc: 0.942151
Test 68, loss: 0.941727, test acc: 0.919773, test avg acc: 0.887169
Train 69, loss: 0.896130, train acc: 0.959350, train avg acc: 0.939545
Test 69, loss: 0.942345, test acc: 0.918963, test avg acc: 0.883500
Train 70, loss: 0.890438, train acc: 0.960467, train avg acc: 0.941455
Test 70, loss: 0.945265, test acc: 0.914911, test avg acc: 0.883372
Train 71, loss: 0.895641, train acc: 0.960264, train avg acc: 0.939915
Test 71, loss: 0.955231, test acc: 0.919368, test avg acc: 0.889372
Train 72, loss: 0.894443, train acc: 0.959248, train avg acc: 0.939018
Test 72, loss: 0.945987, test acc: 0.920178, test avg acc: 0.887581
Train 73, loss: 0.891187, train acc: 0.960772, train avg acc: 0.941714
Test 73, loss: 0.944524, test acc: 0.921394, test avg acc: 0.886703
Train 74, loss: 0.894628, train acc: 0.959654, train avg acc: 0.941780
Test 74, loss: 0.946667, test acc: 0.922609, test avg acc: 0.894372
Train 75, loss: 0.893271, train acc: 0.960163, train avg acc: 0.939303
Test 75, loss: 0.945688, test acc: 0.921799, test avg acc: 0.894872
Train 76, loss: 0.892864, train acc: 0.960874, train avg acc: 0.939161
Test 76, loss: 0.945619, test acc: 0.919368, test avg acc: 0.884128
Train 77, loss: 0.888666, train acc: 0.961992, train avg acc: 0.941648
Test 77, loss: 0.948547, test acc: 0.918152, test avg acc: 0.889215
Train 78, loss: 0.892106, train acc: 0.961890, train avg acc: 0.942581
Test 78, loss: 0.945729, test acc: 0.916532, test avg acc: 0.881000
Train 79, loss: 0.889132, train acc: 0.963618, train avg acc: 0.946629
Test 79, loss: 0.945046, test acc: 0.920989, test avg acc: 0.886337
Train 80, loss: 0.886253, train acc: 0.962907, train avg acc: 0.944954
Test 80, loss: 0.938311, test acc: 0.923420, test avg acc: 0.887372
Train 81, loss: 0.884698, train acc: 0.963516, train avg acc: 0.943879
Test 81, loss: 0.941714, test acc: 0.920178, test avg acc: 0.883750
Train 82, loss: 0.884510, train acc: 0.964024, train avg acc: 0.946255
Test 82, loss: 0.938520, test acc: 0.921394, test avg acc: 0.891622
Train 83, loss: 0.882166, train acc: 0.962907, train avg acc: 0.947080
Test 83, loss: 0.938789, test acc: 0.920989, test avg acc: 0.885081
Train 84, loss: 0.887251, train acc: 0.961890, train avg acc: 0.941199
Test 84, loss: 0.940430, test acc: 0.920989, test avg acc: 0.889959
Train 85, loss: 0.882268, train acc: 0.962500, train avg acc: 0.944358
Test 85, loss: 0.942262, test acc: 0.919773, test avg acc: 0.890331
Train 86, loss: 0.883043, train acc: 0.963516, train avg acc: 0.947069
Test 86, loss: 0.941033, test acc: 0.921799, test avg acc: 0.886500
Train 87, loss: 0.882146, train acc: 0.963821, train avg acc: 0.946710
Test 87, loss: 0.941007, test acc: 0.923825, test avg acc: 0.893041
Train 88, loss: 0.884949, train acc: 0.963720, train avg acc: 0.946790
Test 88, loss: 0.941120, test acc: 0.922204, test avg acc: 0.890244
Train 89, loss: 0.885208, train acc: 0.961890, train avg acc: 0.942886
Test 89, loss: 0.935409, test acc: 0.925851, test avg acc: 0.896413
Train 90, loss: 0.882969, train acc: 0.962703, train avg acc: 0.944895
Test 90, loss: 0.937936, test acc: 0.923420, test avg acc: 0.885913
Train 91, loss: 0.880142, train acc: 0.965346, train avg acc: 0.948189
Test 91, loss: 0.940953, test acc: 0.921799, test avg acc: 0.887831
Train 92, loss: 0.880256, train acc: 0.965854, train avg acc: 0.950540
Test 92, loss: 0.939365, test acc: 0.921394, test avg acc: 0.892372
Train 93, loss: 0.877837, train acc: 0.965447, train avg acc: 0.948914
Test 93, loss: 0.940854, test acc: 0.926256, test avg acc: 0.894744
Train 94, loss: 0.879222, train acc: 0.966260, train avg acc: 0.948846
Test 94, loss: 0.938010, test acc: 0.923825, test avg acc: 0.893122
Train 95, loss: 0.876706, train acc: 0.966159, train avg acc: 0.949206
Test 95, loss: 0.938550, test acc: 0.923825, test avg acc: 0.892081
Train 96, loss: 0.875678, train acc: 0.966565, train avg acc: 0.950128
Test 96, loss: 0.936190, test acc: 0.925851, test avg acc: 0.892326
Train 97, loss: 0.876205, train acc: 0.965650, train avg acc: 0.948765
Test 97, loss: 0.938483, test acc: 0.922609, test avg acc: 0.890000
Train 98, loss: 0.878893, train acc: 0.965549, train avg acc: 0.948171
Test 98, loss: 0.942032, test acc: 0.917747, test avg acc: 0.888169
Train 99, loss: 0.872693, train acc: 0.968801, train avg acc: 0.955018
Test 99, loss: 0.936901, test acc: 0.928282, test avg acc: 0.898541
Train 100, loss: 0.878001, train acc: 0.964939, train avg acc: 0.947260
Test 100, loss: 0.941171, test acc: 0.921394, test avg acc: 0.889250
Train 101, loss: 0.877572, train acc: 0.964533, train avg acc: 0.948534
Test 101, loss: 0.936006, test acc: 0.920989, test avg acc: 0.886622
Train 102, loss: 0.872626, train acc: 0.969004, train avg acc: 0.953788
Test 102, loss: 0.940164, test acc: 0.923825, test avg acc: 0.889994
Train 103, loss: 0.876161, train acc: 0.965955, train avg acc: 0.948738
Test 103, loss: 0.939632, test acc: 0.920583, test avg acc: 0.885122
Train 104, loss: 0.874295, train acc: 0.966768, train avg acc: 0.948716
Test 104, loss: 0.939521, test acc: 0.921799, test avg acc: 0.886703
Train 105, loss: 0.876508, train acc: 0.965346, train avg acc: 0.949279
Test 105, loss: 0.933616, test acc: 0.923825, test avg acc: 0.887750
Train 106, loss: 0.874807, train acc: 0.967683, train avg acc: 0.951148
Test 106, loss: 0.936170, test acc: 0.924230, test avg acc: 0.886413
Train 107, loss: 0.873042, train acc: 0.969106, train avg acc: 0.955562
Test 107, loss: 0.938242, test acc: 0.923420, test avg acc: 0.888872
Train 108, loss: 0.876867, train acc: 0.967378, train avg acc: 0.953633
Test 108, loss: 0.939923, test acc: 0.923825, test avg acc: 0.888081
Train 109, loss: 0.872850, train acc: 0.968801, train avg acc: 0.953654
Test 109, loss: 0.937687, test acc: 0.920989, test avg acc: 0.889128
Train 110, loss: 0.873332, train acc: 0.966159, train avg acc: 0.950571
Test 110, loss: 0.934456, test acc: 0.923015, test avg acc: 0.890459
Train 111, loss: 0.873571, train acc: 0.967378, train avg acc: 0.952184
Test 111, loss: 0.936676, test acc: 0.924635, test avg acc: 0.889378
Train 112, loss: 0.874094, train acc: 0.969207, train avg acc: 0.953304
Test 112, loss: 0.936995, test acc: 0.925041, test avg acc: 0.890953
Train 113, loss: 0.870971, train acc: 0.967988, train avg acc: 0.952173
Test 113, loss: 0.937602, test acc: 0.922204, test avg acc: 0.892919
Train 114, loss: 0.872321, train acc: 0.968191, train avg acc: 0.953616
Test 114, loss: 0.939942, test acc: 0.919773, test avg acc: 0.886250
Train 115, loss: 0.873693, train acc: 0.967581, train avg acc: 0.949928
Test 115, loss: 0.938832, test acc: 0.920583, test avg acc: 0.887831
Train 116, loss: 0.869969, train acc: 0.968191, train avg acc: 0.952489
Test 116, loss: 0.940008, test acc: 0.921799, test avg acc: 0.885953
Train 117, loss: 0.874527, train acc: 0.964228, train avg acc: 0.948259
Test 117, loss: 0.938335, test acc: 0.923420, test avg acc: 0.891581
Train 118, loss: 0.869470, train acc: 0.969411, train avg acc: 0.954036
Test 118, loss: 0.935565, test acc: 0.923420, test avg acc: 0.890622
Train 119, loss: 0.869173, train acc: 0.968598, train avg acc: 0.954230
Test 119, loss: 0.936534, test acc: 0.926661, test avg acc: 0.894913
Train 120, loss: 0.869979, train acc: 0.970020, train avg acc: 0.954542
Test 120, loss: 0.938712, test acc: 0.920178, test avg acc: 0.887378
Train 121, loss: 0.870286, train acc: 0.969411, train avg acc: 0.953497
Test 121, loss: 0.939074, test acc: 0.926661, test avg acc: 0.897913
Train 122, loss: 0.871401, train acc: 0.967581, train avg acc: 0.953300
Test 122, loss: 0.935976, test acc: 0.926661, test avg acc: 0.893953
Train 123, loss: 0.870208, train acc: 0.969411, train avg acc: 0.955422
Test 123, loss: 0.939922, test acc: 0.922204, test avg acc: 0.889000
Train 124, loss: 0.872737, train acc: 0.968598, train avg acc: 0.955080
Test 124, loss: 0.936856, test acc: 0.922609, test avg acc: 0.890959
Train 125, loss: 0.869600, train acc: 0.970325, train avg acc: 0.955620
Test 125, loss: 0.933341, test acc: 0.923825, test avg acc: 0.890041
Train 126, loss: 0.869678, train acc: 0.968293, train avg acc: 0.952992
Test 126, loss: 0.937083, test acc: 0.921799, test avg acc: 0.889541
Train 127, loss: 0.870730, train acc: 0.967276, train avg acc: 0.951700
Test 127, loss: 0.935040, test acc: 0.923420, test avg acc: 0.888622
Train 128, loss: 0.870992, train acc: 0.967988, train avg acc: 0.952483
Test 128, loss: 0.935391, test acc: 0.924230, test avg acc: 0.892331
Train 129, loss: 0.867028, train acc: 0.969919, train avg acc: 0.956421
Test 129, loss: 0.934690, test acc: 0.920989, test avg acc: 0.886291
Train 130, loss: 0.867008, train acc: 0.970224, train avg acc: 0.955171
Test 130, loss: 0.940313, test acc: 0.925851, test avg acc: 0.890413
Train 131, loss: 0.870630, train acc: 0.970122, train avg acc: 0.956620
Test 131, loss: 0.935552, test acc: 0.918152, test avg acc: 0.884378
Train 132, loss: 0.868529, train acc: 0.970020, train avg acc: 0.954934
Test 132, loss: 0.932399, test acc: 0.924230, test avg acc: 0.891041
Train 133, loss: 0.868742, train acc: 0.968598, train avg acc: 0.953223
Test 133, loss: 0.942053, test acc: 0.922204, test avg acc: 0.888831
Train 134, loss: 0.871157, train acc: 0.967480, train avg acc: 0.952346
Test 134, loss: 0.934670, test acc: 0.925041, test avg acc: 0.890035
Train 135, loss: 0.868915, train acc: 0.970122, train avg acc: 0.953519
Test 135, loss: 0.940068, test acc: 0.923015, test avg acc: 0.892541
Train 136, loss: 0.867826, train acc: 0.969106, train avg acc: 0.953663
Test 136, loss: 0.934673, test acc: 0.920583, test avg acc: 0.886709
Train 137, loss: 0.866566, train acc: 0.970528, train avg acc: 0.956497
Test 137, loss: 0.935326, test acc: 0.923420, test avg acc: 0.891709
Train 138, loss: 0.868245, train acc: 0.968902, train avg acc: 0.951947
Test 138, loss: 0.937734, test acc: 0.920989, test avg acc: 0.891919
Train 139, loss: 0.868117, train acc: 0.970122, train avg acc: 0.956238
Test 139, loss: 0.938477, test acc: 0.919368, test avg acc: 0.888331
Train 140, loss: 0.867349, train acc: 0.969207, train avg acc: 0.952874
Test 140, loss: 0.940482, test acc: 0.921394, test avg acc: 0.888459
Train 141, loss: 0.865042, train acc: 0.970630, train avg acc: 0.956957
Test 141, loss: 0.937945, test acc: 0.921394, test avg acc: 0.887250
Train 142, loss: 0.868093, train acc: 0.969919, train avg acc: 0.954468
Test 142, loss: 0.939130, test acc: 0.923420, test avg acc: 0.891500
Train 143, loss: 0.868383, train acc: 0.969817, train avg acc: 0.954430
Test 143, loss: 0.935317, test acc: 0.922609, test avg acc: 0.886413
Train 144, loss: 0.870349, train acc: 0.969207, train avg acc: 0.955092
Test 144, loss: 0.936880, test acc: 0.923825, test avg acc: 0.889163
Train 145, loss: 0.871165, train acc: 0.968191, train avg acc: 0.953060
Test 145, loss: 0.940080, test acc: 0.918558, test avg acc: 0.886419
Train 146, loss: 0.869882, train acc: 0.967581, train avg acc: 0.955468
Test 146, loss: 0.934263, test acc: 0.925446, test avg acc: 0.894959
Train 147, loss: 0.871174, train acc: 0.965244, train avg acc: 0.951227
Test 147, loss: 0.936137, test acc: 0.924230, test avg acc: 0.891331
Train 148, loss: 0.867429, train acc: 0.969411, train avg acc: 0.953368
Test 148, loss: 0.933274, test acc: 0.923015, test avg acc: 0.887041
Train 149, loss: 0.870685, train acc: 0.968191, train avg acc: 0.951864
Test 149, loss: 0.937158, test acc: 0.920583, test avg acc: 0.887959
Train 150, loss: 0.862422, train acc: 0.970833, train avg acc: 0.956163
Test 150, loss: 0.935277, test acc: 0.925446, test avg acc: 0.893959
Train 151, loss: 0.865730, train acc: 0.970325, train avg acc: 0.954448
Test 151, loss: 0.939524, test acc: 0.924635, test avg acc: 0.895500
Train 152, loss: 0.866692, train acc: 0.969715, train avg acc: 0.955981
Test 152, loss: 0.936353, test acc: 0.923420, test avg acc: 0.893500
Train 153, loss: 0.870831, train acc: 0.968089, train avg acc: 0.954497
Test 153, loss: 0.934960, test acc: 0.923825, test avg acc: 0.889791
Train 154, loss: 0.869897, train acc: 0.968089, train avg acc: 0.950784
Test 154, loss: 0.932650, test acc: 0.921799, test avg acc: 0.886459
Train 155, loss: 0.870436, train acc: 0.968902, train avg acc: 0.954541
Test 155, loss: 0.939905, test acc: 0.922609, test avg acc: 0.890291
Train 156, loss: 0.868499, train acc: 0.967276, train avg acc: 0.950002
Test 156, loss: 0.934491, test acc: 0.926256, test avg acc: 0.896459
Train 157, loss: 0.867609, train acc: 0.970020, train avg acc: 0.953204
Test 157, loss: 0.936796, test acc: 0.921799, test avg acc: 0.890791
Train 158, loss: 0.867178, train acc: 0.971850, train avg acc: 0.957326
Test 158, loss: 0.935168, test acc: 0.922204, test avg acc: 0.888913
Train 159, loss: 0.868845, train acc: 0.966768, train avg acc: 0.949462
Test 159, loss: 0.938521, test acc: 0.923825, test avg acc: 0.890791
Train 160, loss: 0.865267, train acc: 0.970630, train avg acc: 0.956962
Test 160, loss: 0.933343, test acc: 0.922609, test avg acc: 0.887250
Train 161, loss: 0.865790, train acc: 0.969207, train avg acc: 0.954466
Test 161, loss: 0.934346, test acc: 0.923825, test avg acc: 0.893081
Train 162, loss: 0.865871, train acc: 0.969817, train avg acc: 0.956357
Test 162, loss: 0.941530, test acc: 0.920989, test avg acc: 0.889000
Train 163, loss: 0.874086, train acc: 0.965955, train avg acc: 0.950137
Test 163, loss: 0.933164, test acc: 0.922204, test avg acc: 0.886750
Train 164, loss: 0.866353, train acc: 0.970630, train avg acc: 0.957257
Test 164, loss: 0.936844, test acc: 0.921394, test avg acc: 0.890581
Train 165, loss: 0.866551, train acc: 0.968293, train avg acc: 0.953789
Test 165, loss: 0.938070, test acc: 0.918152, test avg acc: 0.887459
Train 166, loss: 0.863957, train acc: 0.971748, train avg acc: 0.956278
Test 166, loss: 0.939458, test acc: 0.920989, test avg acc: 0.891209
Train 167, loss: 0.868470, train acc: 0.970122, train avg acc: 0.955421
Test 167, loss: 0.935281, test acc: 0.922204, test avg acc: 0.891750
Train 168, loss: 0.867634, train acc: 0.969207, train avg acc: 0.954727
Test 168, loss: 0.937107, test acc: 0.925041, test avg acc: 0.890541
Train 169, loss: 0.864377, train acc: 0.971138, train avg acc: 0.956638
Test 169, loss: 0.939181, test acc: 0.918558, test avg acc: 0.884541
Train 170, loss: 0.867632, train acc: 0.968801, train avg acc: 0.953592
Test 170, loss: 0.935545, test acc: 0.925851, test avg acc: 0.895122
Train 171, loss: 0.867363, train acc: 0.968191, train avg acc: 0.953447
Test 171, loss: 0.936653, test acc: 0.923420, test avg acc: 0.889459
Train 172, loss: 0.866393, train acc: 0.971341, train avg acc: 0.957209
Test 172, loss: 0.939001, test acc: 0.922609, test avg acc: 0.889959
Train 173, loss: 0.866853, train acc: 0.969614, train avg acc: 0.954576
Test 173, loss: 0.932397, test acc: 0.924635, test avg acc: 0.892500
Train 174, loss: 0.869757, train acc: 0.969411, train avg acc: 0.954624
Test 174, loss: 0.936748, test acc: 0.924230, test avg acc: 0.894041
Train 175, loss: 0.867972, train acc: 0.967785, train avg acc: 0.954671
Test 175, loss: 0.937847, test acc: 0.923825, test avg acc: 0.891081
Train 176, loss: 0.866274, train acc: 0.969614, train avg acc: 0.956207
Test 176, loss: 0.931778, test acc: 0.924230, test avg acc: 0.889372
Train 177, loss: 0.866573, train acc: 0.969919, train avg acc: 0.956065
Test 177, loss: 0.938054, test acc: 0.920989, test avg acc: 0.887291
Train 178, loss: 0.866299, train acc: 0.971850, train avg acc: 0.957391
Test 178, loss: 0.932723, test acc: 0.921394, test avg acc: 0.888413
Train 179, loss: 0.867477, train acc: 0.970325, train avg acc: 0.955306
Test 179, loss: 0.937366, test acc: 0.922609, test avg acc: 0.894047
Train 180, loss: 0.865921, train acc: 0.969207, train avg acc: 0.956123
Test 180, loss: 0.936117, test acc: 0.923825, test avg acc: 0.888913
Train 181, loss: 0.864256, train acc: 0.970122, train avg acc: 0.955789
Test 181, loss: 0.936661, test acc: 0.923015, test avg acc: 0.887663
Train 182, loss: 0.865225, train acc: 0.970325, train avg acc: 0.955163
Test 182, loss: 0.937630, test acc: 0.923420, test avg acc: 0.893913
Train 183, loss: 0.865315, train acc: 0.969512, train avg acc: 0.953774
Test 183, loss: 0.938308, test acc: 0.919368, test avg acc: 0.888250
Train 184, loss: 0.863781, train acc: 0.969919, train avg acc: 0.956810
Test 184, loss: 0.934004, test acc: 0.924230, test avg acc: 0.892291
Train 185, loss: 0.867564, train acc: 0.968801, train avg acc: 0.954681
Test 185, loss: 0.937113, test acc: 0.922609, test avg acc: 0.892331
Train 186, loss: 0.862006, train acc: 0.971138, train avg acc: 0.957857
Test 186, loss: 0.940200, test acc: 0.921799, test avg acc: 0.886750
Train 187, loss: 0.865732, train acc: 0.970528, train avg acc: 0.955865
Test 187, loss: 0.934512, test acc: 0.924635, test avg acc: 0.893419
Train 188, loss: 0.865120, train acc: 0.969207, train avg acc: 0.954844
Test 188, loss: 0.937284, test acc: 0.920583, test avg acc: 0.887000
Train 189, loss: 0.864285, train acc: 0.969004, train avg acc: 0.955473
Test 189, loss: 0.936028, test acc: 0.925041, test avg acc: 0.894831
Train 190, loss: 0.868130, train acc: 0.968394, train avg acc: 0.953512
Test 190, loss: 0.937872, test acc: 0.923015, test avg acc: 0.889541
Train 191, loss: 0.870893, train acc: 0.968598, train avg acc: 0.953525
Test 191, loss: 0.934340, test acc: 0.924635, test avg acc: 0.890541
Train 192, loss: 0.869379, train acc: 0.967378, train avg acc: 0.953274
Test 192, loss: 0.934644, test acc: 0.923015, test avg acc: 0.891622
Train 193, loss: 0.862826, train acc: 0.972053, train avg acc: 0.959049
Test 193, loss: 0.938333, test acc: 0.922204, test avg acc: 0.888041
Train 194, loss: 0.864338, train acc: 0.970325, train avg acc: 0.955058
Test 194, loss: 0.936888, test acc: 0.922204, test avg acc: 0.886163
Train 195, loss: 0.868027, train acc: 0.967378, train avg acc: 0.950891
Test 195, loss: 0.940345, test acc: 0.923420, test avg acc: 0.889581
Train 196, loss: 0.867815, train acc: 0.969207, train avg acc: 0.954235
Test 196, loss: 0.934801, test acc: 0.922609, test avg acc: 0.891413
Train 197, loss: 0.868023, train acc: 0.968801, train avg acc: 0.954525
Test 197, loss: 0.939970, test acc: 0.923015, test avg acc: 0.893500
Train 198, loss: 0.864877, train acc: 0.967785, train avg acc: 0.950928
Test 198, loss: 0.931559, test acc: 0.927877, test avg acc: 0.893785
Train 199, loss: 0.862397, train acc: 0.973577, train avg acc: 0.959537
Test 199, loss: 0.939423, test acc: 0.925041, test avg acc: 0.895872
Train 200, loss: 0.865916, train acc: 0.968902, train avg acc: 0.954352
Test 200, loss: 0.936555, test acc: 0.920583, test avg acc: 0.884919
Train 201, loss: 0.869621, train acc: 0.968699, train avg acc: 0.955416
Test 201, loss: 0.934931, test acc: 0.919368, test avg acc: 0.887169
Train 202, loss: 0.865742, train acc: 0.969817, train avg acc: 0.955842
Test 202, loss: 0.933388, test acc: 0.924635, test avg acc: 0.891622
Train 203, loss: 0.869442, train acc: 0.969106, train avg acc: 0.953676
Test 203, loss: 0.935191, test acc: 0.925851, test avg acc: 0.892331
Train 204, loss: 0.864440, train acc: 0.970833, train avg acc: 0.958239
Test 204, loss: 0.932409, test acc: 0.924635, test avg acc: 0.893541
Train 205, loss: 0.866044, train acc: 0.969207, train avg acc: 0.954914
Test 205, loss: 0.939617, test acc: 0.922609, test avg acc: 0.890250
Train 206, loss: 0.867031, train acc: 0.970020, train avg acc: 0.956313
Test 206, loss: 0.935340, test acc: 0.923015, test avg acc: 0.891378
Train 207, loss: 0.866763, train acc: 0.967988, train avg acc: 0.951564
Test 207, loss: 0.938451, test acc: 0.921394, test avg acc: 0.890209
Train 208, loss: 0.863546, train acc: 0.973374, train avg acc: 0.959331
Test 208, loss: 0.935323, test acc: 0.923825, test avg acc: 0.888959
Train 209, loss: 0.870597, train acc: 0.968394, train avg acc: 0.954590
Test 209, loss: 0.937010, test acc: 0.922204, test avg acc: 0.892669
Train 210, loss: 0.869284, train acc: 0.967683, train avg acc: 0.951291
Test 210, loss: 0.936646, test acc: 0.923420, test avg acc: 0.891541
Train 211, loss: 0.868814, train acc: 0.968089, train avg acc: 0.950669
Test 211, loss: 0.935873, test acc: 0.922204, test avg acc: 0.890872
Train 212, loss: 0.865013, train acc: 0.970528, train avg acc: 0.955449
Test 212, loss: 0.936908, test acc: 0.924230, test avg acc: 0.894291
Train 213, loss: 0.863691, train acc: 0.971545, train avg acc: 0.958026
Test 213, loss: 0.934307, test acc: 0.923015, test avg acc: 0.889581
Train 214, loss: 0.863847, train acc: 0.972764, train avg acc: 0.960090
Test 214, loss: 0.934779, test acc: 0.922609, test avg acc: 0.888913
Train 215, loss: 0.867246, train acc: 0.968902, train avg acc: 0.954149
Test 215, loss: 0.935086, test acc: 0.924230, test avg acc: 0.892250
Train 216, loss: 0.862820, train acc: 0.971037, train avg acc: 0.955014
Test 216, loss: 0.937454, test acc: 0.922204, test avg acc: 0.890250
Train 217, loss: 0.865981, train acc: 0.968699, train avg acc: 0.955405
Test 217, loss: 0.937360, test acc: 0.927877, test avg acc: 0.899541
Train 218, loss: 0.866077, train acc: 0.970224, train avg acc: 0.955111
Test 218, loss: 0.938769, test acc: 0.920178, test avg acc: 0.887791
Train 219, loss: 0.865203, train acc: 0.970122, train avg acc: 0.955417
Test 219, loss: 0.939129, test acc: 0.920583, test avg acc: 0.890959
Train 220, loss: 0.866914, train acc: 0.972053, train avg acc: 0.958639
Test 220, loss: 0.935167, test acc: 0.923825, test avg acc: 0.894081
Train 221, loss: 0.870576, train acc: 0.968801, train avg acc: 0.953522
Test 221, loss: 0.932498, test acc: 0.927066, test avg acc: 0.895041
Train 222, loss: 0.865615, train acc: 0.970427, train avg acc: 0.956082
Test 222, loss: 0.938000, test acc: 0.923015, test avg acc: 0.890291
Train 223, loss: 0.861327, train acc: 0.972764, train avg acc: 0.958732
Test 223, loss: 0.936904, test acc: 0.922204, test avg acc: 0.892797
Train 224, loss: 0.865607, train acc: 0.970122, train avg acc: 0.956116
Test 224, loss: 0.939361, test acc: 0.921799, test avg acc: 0.889663
Train 225, loss: 0.868386, train acc: 0.971138, train avg acc: 0.958733
Test 225, loss: 0.936428, test acc: 0.921799, test avg acc: 0.890581
Train 226, loss: 0.865642, train acc: 0.969817, train avg acc: 0.955608
Test 226, loss: 0.933325, test acc: 0.923825, test avg acc: 0.890919
Train 227, loss: 0.865764, train acc: 0.968191, train avg acc: 0.952220
Test 227, loss: 0.936856, test acc: 0.926661, test avg acc: 0.895750
Train 228, loss: 0.867452, train acc: 0.968801, train avg acc: 0.953249
Test 228, loss: 0.931722, test acc: 0.921799, test avg acc: 0.886709
Train 229, loss: 0.864826, train acc: 0.969919, train avg acc: 0.955504
Test 229, loss: 0.933469, test acc: 0.920989, test avg acc: 0.883628
Train 230, loss: 0.864883, train acc: 0.969106, train avg acc: 0.954635
Test 230, loss: 0.934831, test acc: 0.923825, test avg acc: 0.891163
Train 231, loss: 0.864690, train acc: 0.970224, train avg acc: 0.954538
Test 231, loss: 0.937181, test acc: 0.919773, test avg acc: 0.887337
Train 232, loss: 0.867177, train acc: 0.972561, train avg acc: 0.960000
Test 232, loss: 0.940374, test acc: 0.920178, test avg acc: 0.892547
Train 233, loss: 0.863775, train acc: 0.970833, train avg acc: 0.955441
Test 233, loss: 0.937145, test acc: 0.922609, test avg acc: 0.893453
Train 234, loss: 0.864200, train acc: 0.971037, train avg acc: 0.955915
Test 234, loss: 0.938776, test acc: 0.918963, test avg acc: 0.885419
Train 235, loss: 0.867286, train acc: 0.969106, train avg acc: 0.954546
Test 235, loss: 0.937889, test acc: 0.919368, test avg acc: 0.888209
Train 236, loss: 0.864418, train acc: 0.970325, train avg acc: 0.957520
Test 236, loss: 0.931199, test acc: 0.923015, test avg acc: 0.889419
Train 237, loss: 0.868032, train acc: 0.969512, train avg acc: 0.957514
Test 237, loss: 0.935767, test acc: 0.923015, test avg acc: 0.890744
Train 238, loss: 0.870032, train acc: 0.968801, train avg acc: 0.954822
Test 238, loss: 0.936832, test acc: 0.924635, test avg acc: 0.892250
Train 239, loss: 0.860559, train acc: 0.971545, train avg acc: 0.957578
Test 239, loss: 0.936855, test acc: 0.925041, test avg acc: 0.892750
Train 240, loss: 0.867524, train acc: 0.967988, train avg acc: 0.952750
Test 240, loss: 0.938294, test acc: 0.923015, test avg acc: 0.891581
Train 241, loss: 0.868300, train acc: 0.969309, train avg acc: 0.955121
Test 241, loss: 0.933221, test acc: 0.921799, test avg acc: 0.887500
Train 242, loss: 0.865074, train acc: 0.969817, train avg acc: 0.955616
Test 242, loss: 0.939510, test acc: 0.920583, test avg acc: 0.888669
Train 243, loss: 0.865477, train acc: 0.968801, train avg acc: 0.955964
Test 243, loss: 0.932514, test acc: 0.922609, test avg acc: 0.889041
Train 244, loss: 0.862544, train acc: 0.972764, train avg acc: 0.959257
Test 244, loss: 0.937856, test acc: 0.922204, test avg acc: 0.887750
Train 245, loss: 0.863369, train acc: 0.971240, train avg acc: 0.956915
Test 245, loss: 0.934004, test acc: 0.924635, test avg acc: 0.896459
Train 246, loss: 0.865516, train acc: 0.971240, train avg acc: 0.956264
Test 246, loss: 0.934959, test acc: 0.920989, test avg acc: 0.892128
Train 247, loss: 0.870294, train acc: 0.968089, train avg acc: 0.950149
Test 247, loss: 0.938079, test acc: 0.917747, test avg acc: 0.885878
Train 248, loss: 0.863638, train acc: 0.969919, train avg acc: 0.956158
Test 248, loss: 0.937870, test acc: 0.925851, test avg acc: 0.895291
Train 249, loss: 0.866294, train acc: 0.970833, train avg acc: 0.956256
Test 249, loss: 0.934322, test acc: 0.922204, test avg acc: 0.888959
Train 250, loss: 0.868483, train acc: 0.968496, train avg acc: 0.953186
Test 250, loss: 0.938923, test acc: 0.922609, test avg acc: 0.889291
Train 251, loss: 0.864589, train acc: 0.970833, train avg acc: 0.959304
Test 251, loss: 0.938129, test acc: 0.922609, test avg acc: 0.891331
Train 252, loss: 0.866847, train acc: 0.969919, train avg acc: 0.953923
Test 252, loss: 0.934474, test acc: 0.922204, test avg acc: 0.892041
Train 253, loss: 0.867186, train acc: 0.970732, train avg acc: 0.956727
Test 253, loss: 0.934994, test acc: 0.923015, test avg acc: 0.890413
Train 254, loss: 0.864946, train acc: 0.969004, train avg acc: 0.954904
Test 254, loss: 0.939578, test acc: 0.922609, test avg acc: 0.890453
Train 255, loss: 0.865204, train acc: 0.969004, train avg acc: 0.951188
Test 255, loss: 0.940913, test acc: 0.920989, test avg acc: 0.890209
Train 256, loss: 0.865669, train acc: 0.968902, train avg acc: 0.952947
Test 256, loss: 0.929291, test acc: 0.923015, test avg acc: 0.886331
Train 257, loss: 0.866495, train acc: 0.970528, train avg acc: 0.955211
Test 257, loss: 0.939060, test acc: 0.920989, test avg acc: 0.887169
Train 258, loss: 0.864781, train acc: 0.970122, train avg acc: 0.955015
Test 258, loss: 0.933440, test acc: 0.927472, test avg acc: 0.893285
Train 259, loss: 0.863982, train acc: 0.970325, train avg acc: 0.956312
Test 259, loss: 0.934224, test acc: 0.925851, test avg acc: 0.891913
Train 260, loss: 0.866287, train acc: 0.969614, train avg acc: 0.954663
Test 260, loss: 0.934998, test acc: 0.920178, test avg acc: 0.889378
Train 261, loss: 0.860503, train acc: 0.970833, train avg acc: 0.957757
Test 261, loss: 0.935129, test acc: 0.923015, test avg acc: 0.884413
Train 262, loss: 0.863494, train acc: 0.970630, train avg acc: 0.956341
Test 262, loss: 0.934645, test acc: 0.923420, test avg acc: 0.888791
Train 263, loss: 0.863335, train acc: 0.971850, train avg acc: 0.958032
Test 263, loss: 0.932311, test acc: 0.923015, test avg acc: 0.893622
Train 264, loss: 0.865065, train acc: 0.970020, train avg acc: 0.955608
Test 264, loss: 0.939165, test acc: 0.922204, test avg acc: 0.889041
Train 265, loss: 0.864453, train acc: 0.968699, train avg acc: 0.952322
Test 265, loss: 0.936681, test acc: 0.916532, test avg acc: 0.882250
Train 266, loss: 0.866969, train acc: 0.968801, train avg acc: 0.950704
Test 266, loss: 0.934139, test acc: 0.925041, test avg acc: 0.891831
Train 267, loss: 0.864231, train acc: 0.971748, train avg acc: 0.958924
Test 267, loss: 0.935368, test acc: 0.922609, test avg acc: 0.889750
Train 268, loss: 0.863757, train acc: 0.971341, train avg acc: 0.957853
Test 268, loss: 0.935594, test acc: 0.924635, test avg acc: 0.890378
Train 269, loss: 0.864997, train acc: 0.971138, train avg acc: 0.958922
Test 269, loss: 0.939451, test acc: 0.921394, test avg acc: 0.884459
Train 270, loss: 0.865416, train acc: 0.969207, train avg acc: 0.955078
Test 270, loss: 0.932317, test acc: 0.922204, test avg acc: 0.888041
Train 271, loss: 0.865705, train acc: 0.970325, train avg acc: 0.956787
Test 271, loss: 0.938063, test acc: 0.920583, test avg acc: 0.885669
Train 272, loss: 0.867489, train acc: 0.969309, train avg acc: 0.954986
Test 272, loss: 0.934885, test acc: 0.924230, test avg acc: 0.892128
Train 273, loss: 0.865237, train acc: 0.971545, train avg acc: 0.958767
Test 273, loss: 0.937705, test acc: 0.923015, test avg acc: 0.892500
Train 274, loss: 0.864323, train acc: 0.969614, train avg acc: 0.956359
Test 274, loss: 0.936029, test acc: 0.922609, test avg acc: 0.895169
Train 275, loss: 0.867680, train acc: 0.970122, train avg acc: 0.955765
Test 275, loss: 0.935251, test acc: 0.920178, test avg acc: 0.890750
Train 276, loss: 0.868916, train acc: 0.969309, train avg acc: 0.954180
Test 276, loss: 0.933101, test acc: 0.925041, test avg acc: 0.894709
Train 277, loss: 0.864025, train acc: 0.972053, train avg acc: 0.956898
Test 277, loss: 0.936811, test acc: 0.922204, test avg acc: 0.886959
Train 278, loss: 0.865699, train acc: 0.969715, train avg acc: 0.955613
Test 278, loss: 0.932838, test acc: 0.921799, test avg acc: 0.888506
Train 279, loss: 0.866581, train acc: 0.968902, train avg acc: 0.953141
Test 279, loss: 0.934741, test acc: 0.923015, test avg acc: 0.890581
Train 280, loss: 0.863772, train acc: 0.970224, train avg acc: 0.957864
Test 280, loss: 0.935821, test acc: 0.923015, test avg acc: 0.889500
Train 281, loss: 0.866572, train acc: 0.970224, train avg acc: 0.955261
Test 281, loss: 0.940373, test acc: 0.920583, test avg acc: 0.890831
Train 282, loss: 0.866245, train acc: 0.969309, train avg acc: 0.955047
Test 282, loss: 0.941251, test acc: 0.917747, test avg acc: 0.883128
Train 283, loss: 0.865507, train acc: 0.971240, train avg acc: 0.957858
Test 283, loss: 0.933194, test acc: 0.923015, test avg acc: 0.890703
Train 284, loss: 0.867826, train acc: 0.970935, train avg acc: 0.957788
Test 284, loss: 0.937175, test acc: 0.922609, test avg acc: 0.892000
Train 285, loss: 0.862691, train acc: 0.970528, train avg acc: 0.955307
Test 285, loss: 0.937799, test acc: 0.922204, test avg acc: 0.890041
Train 286, loss: 0.866061, train acc: 0.968902, train avg acc: 0.953311
Test 286, loss: 0.936616, test acc: 0.921394, test avg acc: 0.885459
Train 287, loss: 0.867745, train acc: 0.969919, train avg acc: 0.956414
Test 287, loss: 0.938501, test acc: 0.923825, test avg acc: 0.890878
Train 288, loss: 0.868066, train acc: 0.969004, train avg acc: 0.953523
Test 288, loss: 0.936927, test acc: 0.923420, test avg acc: 0.891709
Train 289, loss: 0.864124, train acc: 0.970630, train avg acc: 0.954288
Test 289, loss: 0.935195, test acc: 0.921799, test avg acc: 0.889791
Train 290, loss: 0.863519, train acc: 0.970833, train avg acc: 0.956069
Test 290, loss: 0.934588, test acc: 0.924635, test avg acc: 0.894541
Train 291, loss: 0.864541, train acc: 0.972154, train avg acc: 0.958662
Test 291, loss: 0.933156, test acc: 0.923420, test avg acc: 0.889541
Train 292, loss: 0.862449, train acc: 0.970935, train avg acc: 0.955665
Test 292, loss: 0.939166, test acc: 0.924230, test avg acc: 0.890122
Train 293, loss: 0.864693, train acc: 0.968293, train avg acc: 0.953245
Test 293, loss: 0.934326, test acc: 0.924230, test avg acc: 0.891081
Train 294, loss: 0.863452, train acc: 0.969919, train avg acc: 0.953847
Test 294, loss: 0.937750, test acc: 0.919368, test avg acc: 0.885919
Train 295, loss: 0.865654, train acc: 0.970427, train avg acc: 0.958229
Test 295, loss: 0.939523, test acc: 0.921799, test avg acc: 0.890587
Train 296, loss: 0.862655, train acc: 0.972053, train avg acc: 0.959560
Test 296, loss: 0.937017, test acc: 0.920583, test avg acc: 0.886541
Train 297, loss: 0.866653, train acc: 0.969411, train avg acc: 0.955150
Test 297, loss: 0.940309, test acc: 0.920989, test avg acc: 0.891041
Train 298, loss: 0.865929, train acc: 0.970122, train avg acc: 0.953979
Test 298, loss: 0.934603, test acc: 0.925041, test avg acc: 0.890831
Train 299, loss: 0.868107, train acc: 0.966159, train avg acc: 0.949812
Test 299, loss: 0.933929, test acc: 0.925446, test avg acc: 0.893041
Train 300, loss: 0.863762, train acc: 0.970224, train avg acc: 0.955216
Test 300, loss: 0.937654, test acc: 0.919368, test avg acc: 0.887250
