Namespace(exp_name='part_seg_globalts', model='GTNet', dataset='shapenetpart', class_choice=None, batch_size=13, test_batch_size=13, epochs=300, use_sgd=True, lr=0.001, momentum=0.9, scheduler='cos', no_cuda=False, seed=100, eval=False, num_points=2048, dropout=0.5, emb_dims=512, k=20, ptv3_patch=256, ptv3_heads=4, ptv3_morton_bits=10, no_ptv3_shift=False, model_path='', visu='all', visu_format='ply')
Using GPU : 0 from 1 devices
Train 1, loss: 1.150976, train acc: 0.863326, train avg acc: 0.498491, train iou: 0.710363
Test 1, loss: 1.021372, test acc: 0.894125, test avg acc: 0.626665, test iou: 0.764733
Train 2, loss: 0.979447, train acc: 0.912817, train avg acc: 0.643759, train iou: 0.770650
Test 2, loss: 0.944339, test acc: 0.918427, test avg acc: 0.680662, test iou: 0.784114
Train 3, loss: 0.954396, train acc: 0.919049, train avg acc: 0.671622, train iou: 0.785537
Test 3, loss: 0.939751, test acc: 0.914833, test avg acc: 0.679255, test iou: 0.775378
Train 4, loss: 0.939664, train acc: 0.922783, train avg acc: 0.685074, train iou: 0.792752
Test 4, loss: 0.928480, test acc: 0.915331, test avg acc: 0.691355, test iou: 0.799523
Train 5, loss: 0.932648, train acc: 0.924672, train avg acc: 0.697172, train iou: 0.798531
Test 5, loss: 0.917649, test acc: 0.922848, test avg acc: 0.722148, test iou: 0.799915
Train 6, loss: 0.925656, train acc: 0.926515, train avg acc: 0.708868, train iou: 0.802303
Test 6, loss: 0.950918, test acc: 0.909371, test avg acc: 0.683377, test iou: 0.773571
Train 7, loss: 0.920825, train acc: 0.927907, train avg acc: 0.715457, train iou: 0.805178
Test 7, loss: 0.918637, test acc: 0.923087, test avg acc: 0.729513, test iou: 0.802259
Train 8, loss: 0.918871, train acc: 0.928027, train avg acc: 0.718794, train iou: 0.806886
Test 8, loss: 0.928338, test acc: 0.915519, test avg acc: 0.708122, test iou: 0.789664
Train 9, loss: 0.917001, train acc: 0.928481, train avg acc: 0.723542, train iou: 0.809340
Test 9, loss: 0.912037, test acc: 0.921279, test avg acc: 0.743639, test iou: 0.804855
Train 10, loss: 0.913257, train acc: 0.929926, train avg acc: 0.732266, train iou: 0.810768
Test 10, loss: 0.899410, test acc: 0.930793, test avg acc: 0.755776, test iou: 0.818521
Train 11, loss: 0.912086, train acc: 0.929621, train avg acc: 0.733419, train iou: 0.811817
Test 11, loss: 0.910458, test acc: 0.921623, test avg acc: 0.738722, test iou: 0.800703
Train 12, loss: 0.911643, train acc: 0.929577, train avg acc: 0.731731, train iou: 0.811354
Test 12, loss: 0.892337, test acc: 0.929986, test avg acc: 0.759549, test iou: 0.816433
Train 13, loss: 0.909882, train acc: 0.930417, train avg acc: 0.740298, train iou: 0.813738
Test 13, loss: 0.897494, test acc: 0.928537, test avg acc: 0.729867, test iou: 0.809022
Train 14, loss: 0.908585, train acc: 0.930864, train avg acc: 0.737276, train iou: 0.814000
Test 14, loss: 0.894727, test acc: 0.930049, test avg acc: 0.783669, test iou: 0.816435
Train 15, loss: 0.908901, train acc: 0.930838, train avg acc: 0.742324, train iou: 0.814005
Test 15, loss: 0.914503, test acc: 0.920841, test avg acc: 0.746177, test iou: 0.810527
Train 16, loss: 0.906464, train acc: 0.931365, train avg acc: 0.744177, train iou: 0.815535
Test 16, loss: 0.909444, test acc: 0.923757, test avg acc: 0.746313, test iou: 0.800706
Train 17, loss: 0.906123, train acc: 0.931514, train avg acc: 0.747979, train iou: 0.815761
Test 17, loss: 0.904412, test acc: 0.927353, test avg acc: 0.729653, test iou: 0.814396
Train 18, loss: 0.905528, train acc: 0.931810, train avg acc: 0.745212, train iou: 0.816473
Test 18, loss: 0.906513, test acc: 0.924600, test avg acc: 0.755676, test iou: 0.815181
Train 19, loss: 0.905242, train acc: 0.931459, train avg acc: 0.744866, train iou: 0.816178
Test 19, loss: 0.904748, test acc: 0.925901, test avg acc: 0.734283, test iou: 0.814784
Train 20, loss: 0.902670, train acc: 0.932537, train avg acc: 0.750082, train iou: 0.818604
Test 20, loss: 0.892371, test acc: 0.928990, test avg acc: 0.778770, test iou: 0.820423
Train 21, loss: 0.902651, train acc: 0.932397, train avg acc: 0.750900, train iou: 0.818165
Test 21, loss: 0.901640, test acc: 0.926435, test avg acc: 0.759377, test iou: 0.807984
Train 22, loss: 0.903358, train acc: 0.932387, train avg acc: 0.753640, train iou: 0.817522
Test 22, loss: 0.892703, test acc: 0.928615, test avg acc: 0.773445, test iou: 0.820504
Train 23, loss: 0.901229, train acc: 0.932573, train avg acc: 0.756817, train iou: 0.819015
Test 23, loss: 0.907138, test acc: 0.926258, test avg acc: 0.759102, test iou: 0.812748
Train 24, loss: 0.899764, train acc: 0.933327, train avg acc: 0.755438, train iou: 0.820058
Test 24, loss: 0.904984, test acc: 0.924624, test avg acc: 0.769667, test iou: 0.808797
Train 25, loss: 0.898326, train acc: 0.933972, train avg acc: 0.758839, train iou: 0.820905
Test 25, loss: 0.897457, test acc: 0.929608, test avg acc: 0.785734, test iou: 0.818361
Train 26, loss: 0.900341, train acc: 0.932786, train avg acc: 0.756642, train iou: 0.819612
Test 26, loss: 0.897187, test acc: 0.927519, test avg acc: 0.765194, test iou: 0.817084
Train 27, loss: 0.899540, train acc: 0.933253, train avg acc: 0.760278, train iou: 0.820178
Test 27, loss: 0.889357, test acc: 0.931077, test avg acc: 0.778489, test iou: 0.822209
Train 28, loss: 0.897482, train acc: 0.934086, train avg acc: 0.766018, train iou: 0.822375
Test 28, loss: 0.897272, test acc: 0.927143, test avg acc: 0.768966, test iou: 0.812822
Train 29, loss: 0.897228, train acc: 0.933597, train avg acc: 0.760998, train iou: 0.821262
Test 29, loss: 0.910824, test acc: 0.921815, test avg acc: 0.788820, test iou: 0.818040
Train 30, loss: 0.898310, train acc: 0.933946, train avg acc: 0.764341, train iou: 0.821750
Test 30, loss: 0.895704, test acc: 0.929593, test avg acc: 0.782740, test iou: 0.818052
Train 31, loss: 0.899056, train acc: 0.933786, train avg acc: 0.764770, train iou: 0.821600
Test 31, loss: 0.899674, test acc: 0.926252, test avg acc: 0.771235, test iou: 0.815967
Train 32, loss: 0.896221, train acc: 0.934203, train avg acc: 0.772867, train iou: 0.821855
Test 32, loss: 0.893295, test acc: 0.931134, test avg acc: 0.760440, test iou: 0.821494
Train 33, loss: 0.895780, train acc: 0.934114, train avg acc: 0.770461, train iou: 0.822790
Test 33, loss: 0.913482, test acc: 0.921357, test avg acc: 0.782397, test iou: 0.804418
Train 34, loss: 0.894733, train acc: 0.934838, train avg acc: 0.768172, train iou: 0.822368
Test 34, loss: 0.890181, test acc: 0.931368, test avg acc: 0.784663, test iou: 0.821497
Train 35, loss: 0.895424, train acc: 0.934494, train avg acc: 0.769083, train iou: 0.822749
Test 35, loss: 0.891617, test acc: 0.930100, test avg acc: 0.799624, test iou: 0.821761
Train 36, loss: 0.895147, train acc: 0.934091, train avg acc: 0.770431, train iou: 0.823428
Test 36, loss: 0.889649, test acc: 0.931610, test avg acc: 0.781174, test iou: 0.826031
Train 37, loss: 0.896314, train acc: 0.934638, train avg acc: 0.772244, train iou: 0.823204
Test 37, loss: 0.894839, test acc: 0.928831, test avg acc: 0.757858, test iou: 0.815366
Train 38, loss: 0.891802, train acc: 0.935704, train avg acc: 0.773610, train iou: 0.825798
Test 38, loss: 0.905087, test acc: 0.927795, test avg acc: 0.757613, test iou: 0.813658
Train 39, loss: 0.892214, train acc: 0.935585, train avg acc: 0.775406, train iou: 0.826177
Test 39, loss: 0.908811, test acc: 0.920843, test avg acc: 0.773713, test iou: 0.812422
Train 40, loss: 0.895553, train acc: 0.934599, train avg acc: 0.772718, train iou: 0.822714
Test 40, loss: 0.894348, test acc: 0.930337, test avg acc: 0.780111, test iou: 0.821639
Train 41, loss: 0.890083, train acc: 0.936115, train avg acc: 0.776168, train iou: 0.826095
Test 41, loss: 0.893207, test acc: 0.928272, test avg acc: 0.787413, test iou: 0.819028
Train 42, loss: 0.894145, train acc: 0.934734, train avg acc: 0.773078, train iou: 0.823672
Test 42, loss: 0.888970, test acc: 0.930139, test avg acc: 0.809991, test iou: 0.825015
Train 43, loss: 0.891371, train acc: 0.936092, train avg acc: 0.778157, train iou: 0.826724
Test 43, loss: 0.946931, test acc: 0.914804, test avg acc: 0.783085, test iou: 0.813126
Train 44, loss: 0.892210, train acc: 0.935558, train avg acc: 0.775536, train iou: 0.825131
Test 44, loss: 0.886032, test acc: 0.930109, test avg acc: 0.770122, test iou: 0.825663
Train 45, loss: 0.891266, train acc: 0.935919, train avg acc: 0.778149, train iou: 0.825744
Test 45, loss: 0.898800, test acc: 0.925799, test avg acc: 0.781511, test iou: 0.812396
Train 46, loss: 0.891400, train acc: 0.936135, train avg acc: 0.783478, train iou: 0.826402
Test 46, loss: 0.894092, test acc: 0.929231, test avg acc: 0.770822, test iou: 0.818202
Train 47, loss: 0.891061, train acc: 0.935989, train avg acc: 0.779017, train iou: 0.826263
Test 47, loss: 0.894309, test acc: 0.930044, test avg acc: 0.810365, test iou: 0.820330
Train 48, loss: 0.889960, train acc: 0.935887, train avg acc: 0.780683, train iou: 0.825181
Test 48, loss: 0.892272, test acc: 0.930313, test avg acc: 0.822355, test iou: 0.822520
Train 49, loss: 0.889136, train acc: 0.936624, train avg acc: 0.783418, train iou: 0.827812
Test 49, loss: 0.897719, test acc: 0.925569, test avg acc: 0.767093, test iou: 0.811217
Train 50, loss: 0.890018, train acc: 0.935961, train avg acc: 0.779431, train iou: 0.826820
Test 50, loss: 0.890447, test acc: 0.931382, test avg acc: 0.795259, test iou: 0.826988
Train 51, loss: 0.887613, train acc: 0.937272, train avg acc: 0.787768, train iou: 0.828199
Test 51, loss: 0.908441, test acc: 0.924182, test avg acc: 0.737985, test iou: 0.818158
Train 52, loss: 0.888387, train acc: 0.936685, train avg acc: 0.780976, train iou: 0.826619
Test 52, loss: 0.893908, test acc: 0.928914, test avg acc: 0.809980, test iou: 0.825715
Train 53, loss: 0.887906, train acc: 0.937115, train avg acc: 0.783673, train iou: 0.828296
Test 53, loss: 0.902792, test acc: 0.924281, test avg acc: 0.778379, test iou: 0.809601
Train 54, loss: 0.887509, train acc: 0.936885, train avg acc: 0.783051, train iou: 0.828216
Test 54, loss: 0.887309, test acc: 0.931431, test avg acc: 0.799844, test iou: 0.829770
Train 55, loss: 0.889696, train acc: 0.936781, train avg acc: 0.780956, train iou: 0.827936
Test 55, loss: 0.891650, test acc: 0.927240, test avg acc: 0.814596, test iou: 0.824988
Train 56, loss: 0.889504, train acc: 0.936529, train avg acc: 0.783257, train iou: 0.826392
Test 56, loss: 0.890684, test acc: 0.930598, test avg acc: 0.788706, test iou: 0.822577
Train 57, loss: 0.888443, train acc: 0.936702, train avg acc: 0.787101, train iou: 0.827132
Test 57, loss: 0.888199, test acc: 0.932355, test avg acc: 0.799468, test iou: 0.829636
Train 58, loss: 0.887671, train acc: 0.937033, train avg acc: 0.782023, train iou: 0.826998
Test 58, loss: 0.885739, test acc: 0.932965, test avg acc: 0.798154, test iou: 0.824006
Train 59, loss: 0.890023, train acc: 0.936568, train avg acc: 0.783812, train iou: 0.827102
Test 59, loss: 0.898171, test acc: 0.925504, test avg acc: 0.806009, test iou: 0.817056
Train 60, loss: 0.886518, train acc: 0.937362, train avg acc: 0.785211, train iou: 0.828534
Test 60, loss: 0.893038, test acc: 0.932328, test avg acc: 0.805054, test iou: 0.827499
Train 61, loss: 0.886897, train acc: 0.936916, train avg acc: 0.786832, train iou: 0.828047
Test 61, loss: 0.887581, test acc: 0.930657, test avg acc: 0.791617, test iou: 0.822917
Train 62, loss: 0.886309, train acc: 0.937488, train avg acc: 0.785066, train iou: 0.828578
Test 62, loss: 0.883110, test acc: 0.933103, test avg acc: 0.813715, test iou: 0.831445
Train 63, loss: 0.885062, train acc: 0.937874, train avg acc: 0.790801, train iou: 0.829355
Test 63, loss: 0.887725, test acc: 0.931179, test avg acc: 0.801696, test iou: 0.825347
Train 64, loss: 0.885604, train acc: 0.937516, train avg acc: 0.783416, train iou: 0.828617
Test 64, loss: 0.879251, test acc: 0.933793, test avg acc: 0.820967, test iou: 0.832951
Train 65, loss: 0.884179, train acc: 0.938278, train avg acc: 0.787429, train iou: 0.830614
Test 65, loss: 0.903691, test acc: 0.928551, test avg acc: 0.774898, test iou: 0.819303
Train 66, loss: 0.885492, train acc: 0.937624, train avg acc: 0.788305, train iou: 0.829416
Test 66, loss: 0.899314, test acc: 0.928037, test avg acc: 0.770731, test iou: 0.817273
Train 67, loss: 0.883315, train acc: 0.938485, train avg acc: 0.791485, train iou: 0.830483
Test 67, loss: 0.905808, test acc: 0.922982, test avg acc: 0.783831, test iou: 0.822959
Train 68, loss: 0.883931, train acc: 0.937947, train avg acc: 0.787740, train iou: 0.830395
Test 68, loss: 0.886220, test acc: 0.932299, test avg acc: 0.820752, test iou: 0.828840
Train 69, loss: 0.887231, train acc: 0.936961, train avg acc: 0.786657, train iou: 0.827109
Test 69, loss: 0.904105, test acc: 0.926421, test avg acc: 0.806069, test iou: 0.823250
Train 70, loss: 0.884525, train acc: 0.938113, train avg acc: 0.788352, train iou: 0.829222
Test 70, loss: 0.902833, test acc: 0.923906, test avg acc: 0.804196, test iou: 0.818752
Train 71, loss: 0.884827, train acc: 0.938153, train avg acc: 0.788526, train iou: 0.829593
Test 71, loss: 0.910925, test acc: 0.924441, test avg acc: 0.782873, test iou: 0.814126
Train 72, loss: 0.883947, train acc: 0.938438, train avg acc: 0.790903, train iou: 0.829908
Test 72, loss: 0.906395, test acc: 0.924435, test avg acc: 0.785096, test iou: 0.820295
Train 73, loss: 0.882989, train acc: 0.938373, train avg acc: 0.789211, train iou: 0.830355
Test 73, loss: 0.879402, test acc: 0.933744, test avg acc: 0.821692, test iou: 0.827397
Train 74, loss: 0.884501, train acc: 0.937974, train avg acc: 0.788847, train iou: 0.828816
Test 74, loss: 0.924025, test acc: 0.914939, test avg acc: 0.789526, test iou: 0.815068
Train 75, loss: 0.883996, train acc: 0.938343, train avg acc: 0.792508, train iou: 0.830361
Test 75, loss: 0.887297, test acc: 0.932702, test avg acc: 0.809040, test iou: 0.826531
Train 76, loss: 0.885106, train acc: 0.937973, train avg acc: 0.790418, train iou: 0.829913
Test 76, loss: 0.913341, test acc: 0.920414, test avg acc: 0.768808, test iou: 0.814379
Train 77, loss: 0.882835, train acc: 0.938528, train avg acc: 0.792975, train iou: 0.831171
Test 77, loss: 0.901159, test acc: 0.925793, test avg acc: 0.797088, test iou: 0.808827
Train 78, loss: 0.882261, train acc: 0.938809, train avg acc: 0.797193, train iou: 0.830901
Test 78, loss: 0.893853, test acc: 0.930799, test avg acc: 0.800142, test iou: 0.824445
Train 79, loss: 0.881928, train acc: 0.938869, train avg acc: 0.794349, train iou: 0.830563
Test 79, loss: 0.884302, test acc: 0.933519, test avg acc: 0.801269, test iou: 0.828906
Train 80, loss: 0.882523, train acc: 0.938601, train avg acc: 0.792986, train iou: 0.830551
Test 80, loss: 0.907136, test acc: 0.924036, test avg acc: 0.793166, test iou: 0.817724
Train 81, loss: 0.881943, train acc: 0.938570, train avg acc: 0.792121, train iou: 0.830898
Test 81, loss: 0.881810, test acc: 0.933270, test avg acc: 0.812952, test iou: 0.832943
Train 82, loss: 0.880046, train acc: 0.939702, train avg acc: 0.798902, train iou: 0.832656
Test 82, loss: 0.890948, test acc: 0.927553, test avg acc: 0.813576, test iou: 0.830838
Train 83, loss: 0.880560, train acc: 0.939257, train avg acc: 0.795711, train iou: 0.832010
Test 83, loss: 0.892235, test acc: 0.930199, test avg acc: 0.826064, test iou: 0.825549
Train 84, loss: 0.882707, train acc: 0.938672, train avg acc: 0.796446, train iou: 0.830552
Test 84, loss: 0.930454, test acc: 0.913020, test avg acc: 0.783756, test iou: 0.798643
Train 85, loss: 0.882618, train acc: 0.938406, train avg acc: 0.791411, train iou: 0.830915
Test 85, loss: 0.911789, test acc: 0.924537, test avg acc: 0.790334, test iou: 0.815286
Train 86, loss: 0.879046, train acc: 0.940042, train avg acc: 0.798885, train iou: 0.832767
Test 86, loss: 0.876610, test acc: 0.934973, test avg acc: 0.828417, test iou: 0.827787
Train 87, loss: 0.879408, train acc: 0.939645, train avg acc: 0.796418, train iou: 0.831752
Test 87, loss: 0.890014, test acc: 0.931722, test avg acc: 0.813182, test iou: 0.830125
Train 88, loss: 0.882359, train acc: 0.938372, train avg acc: 0.794739, train iou: 0.831225
Test 88, loss: 0.880327, test acc: 0.933911, test avg acc: 0.808676, test iou: 0.829411
Train 89, loss: 0.879862, train acc: 0.939435, train avg acc: 0.796845, train iou: 0.832783
Test 89, loss: 0.882295, test acc: 0.933582, test avg acc: 0.817202, test iou: 0.827240
Train 90, loss: 0.879690, train acc: 0.939595, train avg acc: 0.801098, train iou: 0.832787
Test 90, loss: 0.894419, test acc: 0.927170, test avg acc: 0.808078, test iou: 0.819831
Train 91, loss: 0.878991, train acc: 0.939598, train avg acc: 0.797302, train iou: 0.833002
Test 91, loss: 0.885965, test acc: 0.931891, test avg acc: 0.824137, test iou: 0.832965
Train 92, loss: 0.879355, train acc: 0.939180, train avg acc: 0.795411, train iou: 0.832465
Test 92, loss: 0.879422, test acc: 0.934176, test avg acc: 0.787451, test iou: 0.830413
Train 93, loss: 0.877152, train acc: 0.940129, train avg acc: 0.799766, train iou: 0.833669
Test 93, loss: 0.886552, test acc: 0.931622, test avg acc: 0.818847, test iou: 0.824274
Train 94, loss: 0.877283, train acc: 0.940150, train avg acc: 0.801100, train iou: 0.833139
Test 94, loss: 0.886625, test acc: 0.932122, test avg acc: 0.787366, test iou: 0.827380
Train 95, loss: 0.880399, train acc: 0.939359, train avg acc: 0.798935, train iou: 0.832355
Test 95, loss: 0.888350, test acc: 0.931453, test avg acc: 0.792537, test iou: 0.822835
Train 96, loss: 0.879287, train acc: 0.939552, train avg acc: 0.796296, train iou: 0.832174
Test 96, loss: 0.879316, test acc: 0.933348, test avg acc: 0.821188, test iou: 0.832739
Train 97, loss: 0.878311, train acc: 0.939717, train avg acc: 0.798496, train iou: 0.833280
Test 97, loss: 0.883294, test acc: 0.932215, test avg acc: 0.824560, test iou: 0.835452
Train 98, loss: 0.877160, train acc: 0.940021, train avg acc: 0.798914, train iou: 0.833401
Test 98, loss: 0.878826, test acc: 0.933805, test avg acc: 0.819125, test iou: 0.834419
Train 99, loss: 0.877763, train acc: 0.940047, train avg acc: 0.802172, train iou: 0.832569
Test 99, loss: 0.887309, test acc: 0.931354, test avg acc: 0.814095, test iou: 0.829484
Train 100, loss: 0.876306, train acc: 0.940221, train avg acc: 0.800785, train iou: 0.834027
Test 100, loss: 0.878306, test acc: 0.934968, test avg acc: 0.823638, test iou: 0.832912
Train 101, loss: 0.876875, train acc: 0.940274, train avg acc: 0.798185, train iou: 0.834079
Test 101, loss: 0.888928, test acc: 0.934972, test avg acc: 0.816417, test iou: 0.832461
Train 102, loss: 0.877659, train acc: 0.940321, train avg acc: 0.800749, train iou: 0.834372
Test 102, loss: 0.888517, test acc: 0.929843, test avg acc: 0.822039, test iou: 0.824011
Train 103, loss: 0.877255, train acc: 0.940287, train avg acc: 0.797460, train iou: 0.833835
Test 103, loss: 0.888093, test acc: 0.932646, test avg acc: 0.823676, test iou: 0.828201
Train 104, loss: 0.877339, train acc: 0.940066, train avg acc: 0.800334, train iou: 0.833849
Test 104, loss: 0.885779, test acc: 0.931845, test avg acc: 0.817285, test iou: 0.825461
Train 105, loss: 0.875112, train acc: 0.940897, train avg acc: 0.805518, train iou: 0.834916
Test 105, loss: 0.897576, test acc: 0.927364, test avg acc: 0.781694, test iou: 0.816045
Train 106, loss: 0.875104, train acc: 0.940802, train avg acc: 0.804050, train iou: 0.833824
Test 106, loss: 0.882017, test acc: 0.934242, test avg acc: 0.800740, test iou: 0.830849
Train 107, loss: 0.876176, train acc: 0.940712, train avg acc: 0.798537, train iou: 0.835303
Test 107, loss: 0.888566, test acc: 0.930142, test avg acc: 0.812617, test iou: 0.826494
Train 108, loss: 0.875112, train acc: 0.940891, train avg acc: 0.803195, train iou: 0.835260
Test 108, loss: 0.886700, test acc: 0.931610, test avg acc: 0.822136, test iou: 0.826915
Train 109, loss: 0.874213, train acc: 0.940987, train avg acc: 0.805459, train iou: 0.835016
Test 109, loss: 0.873035, test acc: 0.935279, test avg acc: 0.830672, test iou: 0.833814
Train 110, loss: 0.873741, train acc: 0.941522, train avg acc: 0.807547, train iou: 0.836948
Test 110, loss: 0.886572, test acc: 0.934414, test avg acc: 0.802751, test iou: 0.828935
Train 111, loss: 0.875369, train acc: 0.940927, train avg acc: 0.802670, train iou: 0.835586
Test 111, loss: 0.906055, test acc: 0.924249, test avg acc: 0.811169, test iou: 0.825385
Train 112, loss: 0.873611, train acc: 0.941602, train avg acc: 0.807791, train iou: 0.836411
Test 112, loss: 0.889444, test acc: 0.931854, test avg acc: 0.800829, test iou: 0.829624
Train 113, loss: 0.872871, train acc: 0.941505, train avg acc: 0.805557, train iou: 0.836615
Test 113, loss: 0.889821, test acc: 0.932112, test avg acc: 0.823517, test iou: 0.829443
Train 114, loss: 0.872394, train acc: 0.941934, train avg acc: 0.809592, train iou: 0.836966
Test 114, loss: 0.878441, test acc: 0.934804, test avg acc: 0.819621, test iou: 0.829882
Train 115, loss: 0.873367, train acc: 0.941556, train avg acc: 0.804011, train iou: 0.835673
Test 115, loss: 0.884435, test acc: 0.932503, test avg acc: 0.801615, test iou: 0.827185
Train 116, loss: 0.872695, train acc: 0.941503, train avg acc: 0.808715, train iou: 0.836444
Test 116, loss: 0.875141, test acc: 0.936308, test avg acc: 0.825975, test iou: 0.836175
Train 117, loss: 0.872137, train acc: 0.941862, train avg acc: 0.808195, train iou: 0.836600
Test 117, loss: 0.879537, test acc: 0.933855, test avg acc: 0.816530, test iou: 0.830278
Train 118, loss: 0.871045, train acc: 0.942256, train avg acc: 0.810164, train iou: 0.838295
Test 118, loss: 0.881627, test acc: 0.932394, test avg acc: 0.810070, test iou: 0.829401
Train 119, loss: 0.869891, train acc: 0.942689, train avg acc: 0.811900, train iou: 0.837436
Test 119, loss: 0.878802, test acc: 0.934771, test avg acc: 0.815818, test iou: 0.833919
Train 120, loss: 0.872079, train acc: 0.941934, train avg acc: 0.808858, train iou: 0.837014
Test 120, loss: 0.888272, test acc: 0.930742, test avg acc: 0.813410, test iou: 0.826150
Train 121, loss: 0.871627, train acc: 0.941976, train avg acc: 0.810056, train iou: 0.836872
Test 121, loss: 0.876002, test acc: 0.934899, test avg acc: 0.808576, test iou: 0.831755
Train 122, loss: 0.873136, train acc: 0.941593, train avg acc: 0.806478, train iou: 0.835861
Test 122, loss: 0.882759, test acc: 0.931714, test avg acc: 0.813282, test iou: 0.826350
Train 123, loss: 0.870949, train acc: 0.942139, train avg acc: 0.808495, train iou: 0.838066
Test 123, loss: 0.873615, test acc: 0.935964, test avg acc: 0.802712, test iou: 0.835126
Train 124, loss: 0.869921, train acc: 0.942280, train avg acc: 0.810602, train iou: 0.837255
Test 124, loss: 0.888045, test acc: 0.932306, test avg acc: 0.826385, test iou: 0.831606
Train 125, loss: 0.872549, train acc: 0.941477, train avg acc: 0.809693, train iou: 0.836969
Test 125, loss: 0.878349, test acc: 0.934373, test avg acc: 0.793607, test iou: 0.829052
Train 126, loss: 0.869142, train acc: 0.942987, train avg acc: 0.810821, train iou: 0.838206
Test 126, loss: 0.874336, test acc: 0.935354, test avg acc: 0.819506, test iou: 0.834168
Train 127, loss: 0.870342, train acc: 0.942362, train avg acc: 0.807261, train iou: 0.837217
Test 127, loss: 0.909238, test acc: 0.923749, test avg acc: 0.822028, test iou: 0.818942
Train 128, loss: 0.869902, train acc: 0.942573, train avg acc: 0.811487, train iou: 0.837765
Test 128, loss: 0.879919, test acc: 0.936063, test avg acc: 0.800499, test iou: 0.835304
Train 129, loss: 0.868127, train acc: 0.943599, train avg acc: 0.817898, train iou: 0.839209
Test 129, loss: 0.884345, test acc: 0.933918, test avg acc: 0.817977, test iou: 0.829334
Train 130, loss: 0.871487, train acc: 0.941910, train avg acc: 0.806975, train iou: 0.836720
Test 130, loss: 0.883159, test acc: 0.932502, test avg acc: 0.805424, test iou: 0.831668
Train 131, loss: 0.868916, train acc: 0.943297, train avg acc: 0.812500, train iou: 0.838671
Test 131, loss: 0.873432, test acc: 0.938029, test avg acc: 0.834970, test iou: 0.839125
Train 132, loss: 0.868650, train acc: 0.943289, train avg acc: 0.813524, train iou: 0.839985
Test 132, loss: 0.877375, test acc: 0.935191, test avg acc: 0.815035, test iou: 0.836998
Train 133, loss: 0.866575, train acc: 0.943884, train avg acc: 0.815302, train iou: 0.840374
Test 133, loss: 0.874068, test acc: 0.935299, test avg acc: 0.824053, test iou: 0.835243
Train 134, loss: 0.866722, train acc: 0.943581, train avg acc: 0.814991, train iou: 0.839824
Test 134, loss: 0.896968, test acc: 0.927739, test avg acc: 0.805262, test iou: 0.820798
Train 135, loss: 0.866214, train acc: 0.944058, train avg acc: 0.817034, train iou: 0.840735
Test 135, loss: 0.903497, test acc: 0.920322, test avg acc: 0.804567, test iou: 0.827322
Train 136, loss: 0.865729, train acc: 0.943939, train avg acc: 0.816992, train iou: 0.840026
Test 136, loss: 0.889600, test acc: 0.929746, test avg acc: 0.798311, test iou: 0.819510
Train 137, loss: 0.865782, train acc: 0.943962, train avg acc: 0.818402, train iou: 0.839767
Test 137, loss: 0.882819, test acc: 0.934322, test avg acc: 0.806715, test iou: 0.827600
Train 138, loss: 0.864776, train acc: 0.944455, train avg acc: 0.818793, train iou: 0.840480
Test 138, loss: 0.868754, test acc: 0.938410, test avg acc: 0.828687, test iou: 0.836380
Train 139, loss: 0.866951, train acc: 0.943623, train avg acc: 0.814172, train iou: 0.840037
Test 139, loss: 0.884280, test acc: 0.931623, test avg acc: 0.832579, test iou: 0.823593
Train 140, loss: 0.864323, train acc: 0.944662, train avg acc: 0.822007, train iou: 0.842216
Test 140, loss: 0.874730, test acc: 0.936919, test avg acc: 0.831154, test iou: 0.840860
Train 141, loss: 0.865480, train acc: 0.944354, train avg acc: 0.820698, train iou: 0.841387
Test 141, loss: 0.875505, test acc: 0.935804, test avg acc: 0.811514, test iou: 0.835742
Train 142, loss: 0.865303, train acc: 0.944228, train avg acc: 0.817854, train iou: 0.840896
Test 142, loss: 0.881525, test acc: 0.933682, test avg acc: 0.808991, test iou: 0.829513
Train 143, loss: 0.866519, train acc: 0.943490, train avg acc: 0.816262, train iou: 0.838864
Test 143, loss: 0.872986, test acc: 0.937280, test avg acc: 0.810079, test iou: 0.838447
Train 144, loss: 0.865115, train acc: 0.944380, train avg acc: 0.816523, train iou: 0.841379
Test 144, loss: 0.898631, test acc: 0.927104, test avg acc: 0.827164, test iou: 0.819053
Train 145, loss: 0.868093, train acc: 0.943061, train avg acc: 0.811863, train iou: 0.838663
Test 145, loss: 0.880769, test acc: 0.934493, test avg acc: 0.819158, test iou: 0.834910
Train 146, loss: 0.863823, train acc: 0.944705, train avg acc: 0.815875, train iou: 0.841199
Test 146, loss: 0.880600, test acc: 0.934722, test avg acc: 0.837434, test iou: 0.834812
Train 147, loss: 0.863823, train acc: 0.944598, train avg acc: 0.818993, train iou: 0.842376
Test 147, loss: 0.875862, test acc: 0.933631, test avg acc: 0.817905, test iou: 0.833611
Train 148, loss: 0.863054, train acc: 0.944902, train avg acc: 0.818506, train iou: 0.841720
Test 148, loss: 0.881344, test acc: 0.933257, test avg acc: 0.820113, test iou: 0.832146
Train 149, loss: 0.861936, train acc: 0.945269, train avg acc: 0.821120, train iou: 0.842370
Test 149, loss: 0.891381, test acc: 0.927855, test avg acc: 0.819448, test iou: 0.824832
Train 150, loss: 0.861897, train acc: 0.945173, train avg acc: 0.821625, train iou: 0.842226
Test 150, loss: 0.892799, test acc: 0.929962, test avg acc: 0.804034, test iou: 0.822641
Train 151, loss: 0.862933, train acc: 0.945080, train avg acc: 0.821884, train iou: 0.842300
Test 151, loss: 0.876520, test acc: 0.935973, test avg acc: 0.831077, test iou: 0.834549
Train 152, loss: 0.861346, train acc: 0.945367, train avg acc: 0.821853, train iou: 0.842823
Test 152, loss: 0.873878, test acc: 0.937190, test avg acc: 0.826121, test iou: 0.838608
Train 153, loss: 0.862791, train acc: 0.944935, train avg acc: 0.819573, train iou: 0.842298
Test 153, loss: 0.872785, test acc: 0.936314, test avg acc: 0.820258, test iou: 0.837241
Train 154, loss: 0.860850, train acc: 0.945575, train avg acc: 0.824545, train iou: 0.843585
Test 154, loss: 0.920995, test acc: 0.917908, test avg acc: 0.804416, test iou: 0.811731
Train 155, loss: 0.861309, train acc: 0.945476, train avg acc: 0.824806, train iou: 0.843140
Test 155, loss: 0.876932, test acc: 0.935678, test avg acc: 0.819700, test iou: 0.836418
Train 156, loss: 0.860227, train acc: 0.945801, train avg acc: 0.821836, train iou: 0.843185
Test 156, loss: 0.878799, test acc: 0.934687, test avg acc: 0.835663, test iou: 0.837880
Train 157, loss: 0.860791, train acc: 0.945772, train avg acc: 0.825162, train iou: 0.842976
Test 157, loss: 0.873088, test acc: 0.936214, test avg acc: 0.825213, test iou: 0.837302
Train 158, loss: 0.861065, train acc: 0.945382, train avg acc: 0.822935, train iou: 0.842028
Test 158, loss: 0.876089, test acc: 0.936066, test avg acc: 0.827472, test iou: 0.835276
Train 159, loss: 0.856923, train acc: 0.947037, train avg acc: 0.827886, train iou: 0.845374
Test 159, loss: 0.888954, test acc: 0.931743, test avg acc: 0.831554, test iou: 0.828753
Train 160, loss: 0.860749, train acc: 0.945706, train avg acc: 0.824231, train iou: 0.843159
Test 160, loss: 0.879392, test acc: 0.934922, test avg acc: 0.830558, test iou: 0.834024
Train 161, loss: 0.857870, train acc: 0.946962, train avg acc: 0.828817, train iou: 0.845203
Test 161, loss: 0.878982, test acc: 0.935387, test avg acc: 0.823687, test iou: 0.835255
Train 162, loss: 0.856299, train acc: 0.947340, train avg acc: 0.830103, train iou: 0.845737
Test 162, loss: 0.871671, test acc: 0.937225, test avg acc: 0.833529, test iou: 0.836076
Train 163, loss: 0.856934, train acc: 0.947059, train avg acc: 0.828251, train iou: 0.845374
Test 163, loss: 0.875091, test acc: 0.936726, test avg acc: 0.818371, test iou: 0.838859
Train 164, loss: 0.860143, train acc: 0.945920, train avg acc: 0.822397, train iou: 0.843665
Test 164, loss: 0.871121, test acc: 0.937082, test avg acc: 0.821099, test iou: 0.835252
Train 165, loss: 0.855698, train acc: 0.947670, train avg acc: 0.830832, train iou: 0.846532
Test 165, loss: 0.874016, test acc: 0.936637, test avg acc: 0.840502, test iou: 0.839502
Train 166, loss: 0.856452, train acc: 0.947095, train avg acc: 0.831376, train iou: 0.845581
Test 166, loss: 0.874939, test acc: 0.936133, test avg acc: 0.825925, test iou: 0.835138
Train 167, loss: 0.855085, train acc: 0.947779, train avg acc: 0.829321, train iou: 0.846131
Test 167, loss: 0.881275, test acc: 0.933130, test avg acc: 0.810286, test iou: 0.834110
Train 168, loss: 0.857340, train acc: 0.946887, train avg acc: 0.830039, train iou: 0.844273
Test 168, loss: 0.872786, test acc: 0.936317, test avg acc: 0.830972, test iou: 0.834058
Train 169, loss: 0.857570, train acc: 0.946890, train avg acc: 0.828220, train iou: 0.844835
Test 169, loss: 0.875902, test acc: 0.935340, test avg acc: 0.818841, test iou: 0.835456
Train 170, loss: 0.855263, train acc: 0.947720, train avg acc: 0.830489, train iou: 0.846909
Test 170, loss: 0.874517, test acc: 0.936671, test avg acc: 0.832890, test iou: 0.838731
Train 171, loss: 0.853596, train acc: 0.948190, train avg acc: 0.832488, train iou: 0.848724
Test 171, loss: 0.889355, test acc: 0.933524, test avg acc: 0.837295, test iou: 0.830218
Train 172, loss: 0.853545, train acc: 0.948103, train avg acc: 0.832889, train iou: 0.847638
Test 172, loss: 0.888101, test acc: 0.931073, test avg acc: 0.819993, test iou: 0.833324
Train 173, loss: 0.854105, train acc: 0.947882, train avg acc: 0.832223, train iou: 0.847131
Test 173, loss: 0.879103, test acc: 0.935411, test avg acc: 0.819522, test iou: 0.836226
Train 174, loss: 0.854005, train acc: 0.948217, train avg acc: 0.833467, train iou: 0.848108
Test 174, loss: 0.874207, test acc: 0.935821, test avg acc: 0.827280, test iou: 0.836019
Train 175, loss: 0.852546, train acc: 0.948513, train avg acc: 0.834472, train iou: 0.847687
Test 175, loss: 0.871113, test acc: 0.937691, test avg acc: 0.843172, test iou: 0.840926
Train 176, loss: 0.852161, train acc: 0.948489, train avg acc: 0.833952, train iou: 0.848306
Test 176, loss: 0.885191, test acc: 0.931901, test avg acc: 0.818092, test iou: 0.826464
Train 177, loss: 0.853021, train acc: 0.948598, train avg acc: 0.833996, train iou: 0.848050
Test 177, loss: 0.888607, test acc: 0.932813, test avg acc: 0.826856, test iou: 0.830530
Train 178, loss: 0.851532, train acc: 0.948874, train avg acc: 0.834755, train iou: 0.848418
Test 178, loss: 0.870895, test acc: 0.937652, test avg acc: 0.834397, test iou: 0.842312
Train 179, loss: 0.852460, train acc: 0.948718, train avg acc: 0.834359, train iou: 0.848392
Test 179, loss: 0.876300, test acc: 0.937466, test avg acc: 0.816356, test iou: 0.839185
Train 180, loss: 0.853186, train acc: 0.948472, train avg acc: 0.836474, train iou: 0.848040
Test 180, loss: 0.872662, test acc: 0.936875, test avg acc: 0.817979, test iou: 0.835072
Train 181, loss: 0.849025, train acc: 0.949680, train avg acc: 0.837779, train iou: 0.850833
Test 181, loss: 0.873768, test acc: 0.937412, test avg acc: 0.827450, test iou: 0.839995
Train 182, loss: 0.849858, train acc: 0.949593, train avg acc: 0.838662, train iou: 0.849929
Test 182, loss: 0.875564, test acc: 0.935223, test avg acc: 0.834543, test iou: 0.832742
Train 183, loss: 0.849174, train acc: 0.949849, train avg acc: 0.839094, train iou: 0.851198
Test 183, loss: 0.874432, test acc: 0.936049, test avg acc: 0.819061, test iou: 0.839960
Train 184, loss: 0.848070, train acc: 0.950049, train avg acc: 0.839758, train iou: 0.850425
Test 184, loss: 0.871011, test acc: 0.937262, test avg acc: 0.838624, test iou: 0.840279
Train 185, loss: 0.848087, train acc: 0.950078, train avg acc: 0.838319, train iou: 0.851545
Test 185, loss: 0.870190, test acc: 0.937107, test avg acc: 0.837817, test iou: 0.838651
Train 186, loss: 0.847707, train acc: 0.950296, train avg acc: 0.840859, train iou: 0.851348
Test 186, loss: 0.874546, test acc: 0.937873, test avg acc: 0.827699, test iou: 0.840347
Train 187, loss: 0.849363, train acc: 0.949625, train avg acc: 0.836202, train iou: 0.850128
Test 187, loss: 0.872286, test acc: 0.937109, test avg acc: 0.837827, test iou: 0.840919
Train 188, loss: 0.848096, train acc: 0.950290, train avg acc: 0.838877, train iou: 0.851308
Test 188, loss: 0.872075, test acc: 0.937419, test avg acc: 0.838000, test iou: 0.840074
Train 189, loss: 0.846491, train acc: 0.950768, train avg acc: 0.840814, train iou: 0.853297
Test 189, loss: 0.869219, test acc: 0.937603, test avg acc: 0.834577, test iou: 0.841306
Train 190, loss: 0.848231, train acc: 0.950125, train avg acc: 0.839603, train iou: 0.852077
Test 190, loss: 0.895092, test acc: 0.929375, test avg acc: 0.822219, test iou: 0.824937
Train 191, loss: 0.846179, train acc: 0.950962, train avg acc: 0.840379, train iou: 0.851908
Test 191, loss: 0.880710, test acc: 0.933964, test avg acc: 0.835328, test iou: 0.839054
Train 192, loss: 0.846646, train acc: 0.950854, train avg acc: 0.841857, train iou: 0.851969
Test 192, loss: 0.876798, test acc: 0.935259, test avg acc: 0.830617, test iou: 0.838396
Train 193, loss: 0.846964, train acc: 0.950619, train avg acc: 0.841598, train iou: 0.851863
Test 193, loss: 0.879806, test acc: 0.935114, test avg acc: 0.834046, test iou: 0.836984
Train 194, loss: 0.844262, train acc: 0.951457, train avg acc: 0.841907, train iou: 0.853695
Test 194, loss: 0.868933, test acc: 0.938226, test avg acc: 0.809282, test iou: 0.839587
Train 195, loss: 0.843518, train acc: 0.951799, train avg acc: 0.844579, train iou: 0.853880
Test 195, loss: 0.873811, test acc: 0.937357, test avg acc: 0.846161, test iou: 0.838825
Train 196, loss: 0.843483, train acc: 0.951656, train avg acc: 0.846233, train iou: 0.853445
Test 196, loss: 0.872009, test acc: 0.937478, test avg acc: 0.819171, test iou: 0.838776
Train 197, loss: 0.844272, train acc: 0.951491, train avg acc: 0.845254, train iou: 0.854273
Test 197, loss: 0.871495, test acc: 0.937875, test avg acc: 0.836182, test iou: 0.839525
Train 198, loss: 0.842905, train acc: 0.952223, train avg acc: 0.847041, train iou: 0.855664
Test 198, loss: 0.875661, test acc: 0.936846, test avg acc: 0.813316, test iou: 0.836058
Train 199, loss: 0.843914, train acc: 0.951820, train avg acc: 0.844310, train iou: 0.854524
Test 199, loss: 0.878630, test acc: 0.934119, test avg acc: 0.833456, test iou: 0.835239
Train 200, loss: 0.844678, train acc: 0.951266, train avg acc: 0.844013, train iou: 0.853676
Test 200, loss: 0.870707, test acc: 0.938887, test avg acc: 0.834797, test iou: 0.841662
Train 201, loss: 0.841621, train acc: 0.952510, train avg acc: 0.848907, train iou: 0.855322
Test 201, loss: 0.871197, test acc: 0.937238, test avg acc: 0.833927, test iou: 0.840708
Train 202, loss: 0.840061, train acc: 0.953113, train avg acc: 0.849510, train iou: 0.857137
Test 202, loss: 0.865464, test acc: 0.940746, test avg acc: 0.835217, test iou: 0.846658
Train 203, loss: 0.841997, train acc: 0.952406, train avg acc: 0.847901, train iou: 0.856271
Test 203, loss: 0.877522, test acc: 0.935822, test avg acc: 0.816681, test iou: 0.836810
Train 204, loss: 0.841861, train acc: 0.952503, train avg acc: 0.848636, train iou: 0.856067
Test 204, loss: 0.871805, test acc: 0.937028, test avg acc: 0.819450, test iou: 0.837099
Train 205, loss: 0.840182, train acc: 0.952994, train avg acc: 0.850523, train iou: 0.856771
Test 205, loss: 0.865477, test acc: 0.939606, test avg acc: 0.845528, test iou: 0.844369
Train 206, loss: 0.839843, train acc: 0.952984, train avg acc: 0.849710, train iou: 0.856805
Test 206, loss: 0.871372, test acc: 0.937174, test avg acc: 0.836872, test iou: 0.835472
Train 207, loss: 0.837900, train acc: 0.953925, train avg acc: 0.852536, train iou: 0.858367
Test 207, loss: 0.875955, test acc: 0.936397, test avg acc: 0.846132, test iou: 0.834682
Train 208, loss: 0.838788, train acc: 0.953484, train avg acc: 0.850217, train iou: 0.857447
Test 208, loss: 0.875000, test acc: 0.936429, test avg acc: 0.837244, test iou: 0.838795
Train 209, loss: 0.838606, train acc: 0.953596, train avg acc: 0.850280, train iou: 0.858075
Test 209, loss: 0.868827, test acc: 0.938969, test avg acc: 0.839458, test iou: 0.843193
Train 210, loss: 0.838606, train acc: 0.953525, train avg acc: 0.851146, train iou: 0.857670
Test 210, loss: 0.870995, test acc: 0.938187, test avg acc: 0.842333, test iou: 0.839180
Train 211, loss: 0.837876, train acc: 0.953803, train avg acc: 0.851944, train iou: 0.858228
Test 211, loss: 0.877475, test acc: 0.935634, test avg acc: 0.821539, test iou: 0.829365
Train 212, loss: 0.836412, train acc: 0.954378, train avg acc: 0.853322, train iou: 0.859280
Test 212, loss: 0.869922, test acc: 0.939021, test avg acc: 0.838690, test iou: 0.842149
Train 213, loss: 0.836892, train acc: 0.954398, train avg acc: 0.854350, train iou: 0.859898
Test 213, loss: 0.870120, test acc: 0.938534, test avg acc: 0.838074, test iou: 0.843710
Train 214, loss: 0.836833, train acc: 0.954295, train avg acc: 0.853615, train iou: 0.859629
Test 214, loss: 0.871696, test acc: 0.938208, test avg acc: 0.844482, test iou: 0.840577
Train 215, loss: 0.836332, train acc: 0.954330, train avg acc: 0.855668, train iou: 0.859851
Test 215, loss: 0.869152, test acc: 0.937902, test avg acc: 0.837178, test iou: 0.841461
Train 216, loss: 0.834681, train acc: 0.955097, train avg acc: 0.854543, train iou: 0.861495
Test 216, loss: 0.873273, test acc: 0.937756, test avg acc: 0.836522, test iou: 0.835890
Train 217, loss: 0.835033, train acc: 0.955121, train avg acc: 0.856915, train iou: 0.860983
Test 217, loss: 0.867681, test acc: 0.939864, test avg acc: 0.835789, test iou: 0.844610
Train 218, loss: 0.835143, train acc: 0.954941, train avg acc: 0.855092, train iou: 0.860636
Test 218, loss: 0.869624, test acc: 0.939132, test avg acc: 0.837100, test iou: 0.845309
Train 219, loss: 0.835656, train acc: 0.954979, train avg acc: 0.854366, train iou: 0.861485
Test 219, loss: 0.868540, test acc: 0.939267, test avg acc: 0.840368, test iou: 0.844124
Train 220, loss: 0.834593, train acc: 0.954927, train avg acc: 0.855453, train iou: 0.860465
Test 220, loss: 0.873458, test acc: 0.936740, test avg acc: 0.838275, test iou: 0.836316
Train 221, loss: 0.834143, train acc: 0.955255, train avg acc: 0.855719, train iou: 0.861316
Test 221, loss: 0.866494, test acc: 0.939411, test avg acc: 0.835160, test iou: 0.845047
Train 222, loss: 0.832970, train acc: 0.955695, train avg acc: 0.857661, train iou: 0.862186
Test 222, loss: 0.867785, test acc: 0.939003, test avg acc: 0.838504, test iou: 0.840238
Train 223, loss: 0.833305, train acc: 0.955434, train avg acc: 0.857579, train iou: 0.862323
Test 223, loss: 0.866602, test acc: 0.939299, test avg acc: 0.829788, test iou: 0.843043
Train 224, loss: 0.832827, train acc: 0.955704, train avg acc: 0.856951, train iou: 0.862662
Test 224, loss: 0.869458, test acc: 0.939581, test avg acc: 0.840560, test iou: 0.845142
Train 225, loss: 0.831638, train acc: 0.956230, train avg acc: 0.859511, train iou: 0.863802
Test 225, loss: 0.868856, test acc: 0.939485, test avg acc: 0.846299, test iou: 0.846887
Namespace(exp_name='part_seg_globalts', model='GTNet', dataset='shapenetpart', class_choice=None, batch_size=13, test_batch_size=13, epochs=300, use_sgd=True, lr=0.001, momentum=0.9, scheduler='cos', no_cuda=False, seed=100, eval=True, num_points=2048, dropout=0.5, emb_dims=512, k=20, ptv3_patch=256, ptv3_heads=4, ptv3_morton_bits=10, no_ptv3_shift=False, model_path='', visu='all', visu_format='ply')
Using GPU : 0 from 1 devices
Namespace(exp_name='part_seg_globalts', model='GTNet', dataset='shapenetpart', class_choice=None, batch_size=13, test_batch_size=13, epochs=300, use_sgd=True, lr=0.001, momentum=0.9, scheduler='cos', no_cuda=False, seed=100, eval=True, num_points=2048, dropout=0.5, emb_dims=512, k=20, ptv3_patch=256, ptv3_heads=4, ptv3_morton_bits=10, no_ptv3_shift=False, model_path='', visu='all', visu_format='ply')
Using GPU : 0 from 1 devices
Namespace(exp_name='part_seg_globalts', model='GTNet', dataset='shapenetpart', class_choice=None, batch_size=13, test_batch_size=13, epochs=300, use_sgd=True, lr=0.001, momentum=0.9, scheduler='cos', no_cuda=False, seed=100, eval=True, num_points=2048, dropout=0.5, emb_dims=512, k=20, ptv3_patch=256, ptv3_heads=4, ptv3_morton_bits=10, no_ptv3_shift=False, model_path='', visu='all', visu_format='ply')
Using GPU : 0 from 1 devices
eval mIoU of Airplane       0.823479
eval mIoU of Bag            0.811218
eval mIoU of Cap            0.731053
eval mIoU of Car            0.766820
eval mIoU of Chair          0.904209
eval mIoU of Earphone       0.703066
eval mIoU of Guitar         0.909049
eval mIoU of Knife          0.873312
eval mIoU of Lamp           0.837755
eval mIoU of Laptop         0.956077
eval mIoU of Motorbike      0.611550
eval mIoU of Mug            0.946884
eval mIoU of Pistol         0.825598
eval mIoU of Rocket         0.560076
eval mIoU of Skateboard     0.733069
eval mIoU of Table          0.824314
Test :: test acc: 0.939170, test avg acc: 0.846177, test iou: 0.846585,test classs iou:0.801096
