Namespace(exp_name='CAN_LRGM', model='GTNet', dataset='modelnet40', batch_size=16, test_batch_size=16, epochs=250, use_sgd=True, lr=0.01, momentum=0.9, scheduler='step', no_cuda=False, seed=1, eval=False, num_points=1024, dropout=0.5, emb_dims=1024, k=20, model_path='', test_sampler='random_fixed')
Using GPU : 0 from 1 devices
Train 1, loss: nan, train acc: 0.063415, train avg acc: 0.024960
Namespace(exp_name='CAN_LRGM', model='GTNet', dataset='modelnet40', batch_size=16, test_batch_size=16, epochs=250, use_sgd=True, lr=0.01, momentum=0.9, scheduler='step', no_cuda=False, seed=1, eval=False, num_points=1024, dropout=0.5, emb_dims=1024, k=20, model_path='', test_sampler='random_fixed')
Using GPU : 0 from 1 devices
Train 1, loss: 2.040872, train acc: 0.561687, train avg acc: 0.391249
Test 1, loss: 1.683231, test acc: 0.666532, test avg acc: 0.573395
Train 2, loss: 1.556066, train acc: 0.731707, train avg acc: 0.602175
Test 2, loss: 1.304576, test acc: 0.811994, test avg acc: 0.704936
Train 3, loss: 1.437314, train acc: 0.774797, train avg acc: 0.668331
Test 3, loss: 1.249524, test acc: 0.824959, test avg acc: 0.741198
Train 4, loss: 1.337330, train acc: 0.809858, train avg acc: 0.714392
Test 4, loss: 1.155130, test acc: 0.868720, test avg acc: 0.784610
Train 5, loss: 1.279718, train acc: 0.832114, train avg acc: 0.744985
Test 5, loss: 1.138072, test acc: 0.868720, test avg acc: 0.806622
Train 6, loss: 1.242554, train acc: 0.843394, train avg acc: 0.766211
Test 6, loss: 1.118542, test acc: 0.876418, test avg acc: 0.819523
Train 7, loss: 1.208775, train acc: 0.857317, train avg acc: 0.787217
Test 7, loss: 1.107453, test acc: 0.878444, test avg acc: 0.837733
Train 8, loss: 1.188008, train acc: 0.863821, train avg acc: 0.796585
Test 8, loss: 1.115378, test acc: 0.868720, test avg acc: 0.809866
Train 9, loss: 1.167682, train acc: 0.870427, train avg acc: 0.803340
Test 9, loss: 1.087096, test acc: 0.882091, test avg acc: 0.823599
Train 10, loss: 1.157870, train acc: 0.870528, train avg acc: 0.806744
Test 10, loss: 1.073601, test acc: 0.891410, test avg acc: 0.831424
Train 11, loss: 1.133577, train acc: 0.882317, train avg acc: 0.823438
Test 11, loss: 1.053987, test acc: 0.897893, test avg acc: 0.836547
Train 12, loss: 1.121756, train acc: 0.885467, train avg acc: 0.827150
Test 12, loss: 1.061266, test acc: 0.890600, test avg acc: 0.835250
Train 13, loss: 1.104043, train acc: 0.891972, train avg acc: 0.836510
Test 13, loss: 1.042999, test acc: 0.896677, test avg acc: 0.845006
Train 14, loss: 1.095172, train acc: 0.894411, train avg acc: 0.841971
Test 14, loss: 1.028851, test acc: 0.902755, test avg acc: 0.860000
Train 15, loss: 1.081474, train acc: 0.897053, train avg acc: 0.847083
Test 15, loss: 1.025872, test acc: 0.901945, test avg acc: 0.851390
Train 16, loss: 1.080718, train acc: 0.896646, train avg acc: 0.846924
Test 16, loss: 1.042413, test acc: 0.899514, test avg acc: 0.864628
Train 17, loss: 1.062942, train acc: 0.904065, train avg acc: 0.854950
Test 17, loss: 1.040344, test acc: 0.895867, test avg acc: 0.865558
Train 18, loss: 1.065384, train acc: 0.904370, train avg acc: 0.857941
Test 18, loss: 1.043441, test acc: 0.900324, test avg acc: 0.867163
Train 19, loss: 1.058453, train acc: 0.908130, train avg acc: 0.863122
Test 19, loss: 1.004599, test acc: 0.903971, test avg acc: 0.869337
Train 20, loss: 1.052857, train acc: 0.906707, train avg acc: 0.859132
Test 20, loss: 1.003656, test acc: 0.905186, test avg acc: 0.864419
Train 21, loss: 1.022478, train acc: 0.918293, train avg acc: 0.879338
Test 21, loss: 0.996893, test acc: 0.909238, test avg acc: 0.873709
Train 22, loss: 1.014191, train acc: 0.918598, train avg acc: 0.877673
Test 22, loss: 0.990131, test acc: 0.910049, test avg acc: 0.871343
Train 23, loss: 1.002082, train acc: 0.923882, train avg acc: 0.887446
Test 23, loss: 0.985352, test acc: 0.913290, test avg acc: 0.872494
Train 24, loss: 1.001813, train acc: 0.921138, train avg acc: 0.883345
Test 24, loss: 0.985665, test acc: 0.909643, test avg acc: 0.876959
Train 25, loss: 0.991678, train acc: 0.929065, train avg acc: 0.893846
Test 25, loss: 0.971460, test acc: 0.916126, test avg acc: 0.870041
Train 26, loss: 0.988972, train acc: 0.927236, train avg acc: 0.888338
Test 26, loss: 0.977799, test acc: 0.917342, test avg acc: 0.880372
Train 27, loss: 0.990115, train acc: 0.928557, train avg acc: 0.895188
Test 27, loss: 0.983481, test acc: 0.910859, test avg acc: 0.876384
Train 28, loss: 0.980002, train acc: 0.932724, train avg acc: 0.896826
Test 28, loss: 0.969760, test acc: 0.918152, test avg acc: 0.880203
Train 29, loss: 0.977657, train acc: 0.934146, train avg acc: 0.901703
Test 29, loss: 0.977008, test acc: 0.912885, test avg acc: 0.871291
Train 30, loss: 0.980941, train acc: 0.928150, train avg acc: 0.892556
Test 30, loss: 0.975374, test acc: 0.916937, test avg acc: 0.882372
Train 31, loss: 0.968198, train acc: 0.935874, train avg acc: 0.905330
Test 31, loss: 0.979010, test acc: 0.917342, test avg acc: 0.888703
Train 32, loss: 0.969929, train acc: 0.931199, train avg acc: 0.897503
Test 32, loss: 0.959654, test acc: 0.918963, test avg acc: 0.883622
Train 33, loss: 0.965766, train acc: 0.935163, train avg acc: 0.903191
Test 33, loss: 0.970574, test acc: 0.914506, test avg acc: 0.874041
Train 34, loss: 0.967243, train acc: 0.935163, train avg acc: 0.903941
Test 34, loss: 0.971414, test acc: 0.912075, test avg acc: 0.883453
Train 35, loss: 0.962827, train acc: 0.937703, train avg acc: 0.907062
Test 35, loss: 0.968506, test acc: 0.917747, test avg acc: 0.885331
Train 36, loss: 0.961593, train acc: 0.940142, train avg acc: 0.910881
Test 36, loss: 0.968174, test acc: 0.918152, test avg acc: 0.877535
Train 37, loss: 0.953235, train acc: 0.940650, train avg acc: 0.910441
Test 37, loss: 0.968583, test acc: 0.911669, test avg acc: 0.884169
Train 38, loss: 0.957737, train acc: 0.936890, train avg acc: 0.907414
Test 38, loss: 0.972360, test acc: 0.915721, test avg acc: 0.877994
Train 39, loss: 0.958897, train acc: 0.937805, train avg acc: 0.909644
Test 39, loss: 0.979088, test acc: 0.919773, test avg acc: 0.888744
Train 40, loss: 0.953154, train acc: 0.941260, train avg acc: 0.911263
Test 40, loss: 0.977690, test acc: 0.910454, test avg acc: 0.875709
Train 41, loss: 0.939375, train acc: 0.943089, train avg acc: 0.916436
Test 41, loss: 0.956908, test acc: 0.921394, test avg acc: 0.887791
Train 42, loss: 0.939633, train acc: 0.944614, train avg acc: 0.916875
Test 42, loss: 0.953528, test acc: 0.923825, test avg acc: 0.889831
Train 43, loss: 0.928699, train acc: 0.947256, train avg acc: 0.921623
Test 43, loss: 0.957551, test acc: 0.923015, test avg acc: 0.890372
Train 44, loss: 0.929987, train acc: 0.950508, train avg acc: 0.926700
Test 44, loss: 0.961096, test acc: 0.916126, test avg acc: 0.883372
Train 45, loss: 0.924235, train acc: 0.951016, train avg acc: 0.926061
Test 45, loss: 0.963254, test acc: 0.919368, test avg acc: 0.883413
Train 46, loss: 0.931028, train acc: 0.946037, train avg acc: 0.918855
Test 46, loss: 0.954563, test acc: 0.922609, test avg acc: 0.889122
Train 47, loss: 0.921462, train acc: 0.951321, train avg acc: 0.925582
Test 47, loss: 0.955131, test acc: 0.918558, test avg acc: 0.881953
Train 48, loss: 0.921681, train acc: 0.949797, train avg acc: 0.925588
Test 48, loss: 0.958818, test acc: 0.915721, test avg acc: 0.883872
Train 49, loss: 0.923834, train acc: 0.950203, train avg acc: 0.925668
Test 49, loss: 0.950761, test acc: 0.919773, test avg acc: 0.884413
Train 50, loss: 0.921615, train acc: 0.953760, train avg acc: 0.932116
Test 50, loss: 0.953578, test acc: 0.916126, test avg acc: 0.885203
Train 51, loss: 0.921602, train acc: 0.950508, train avg acc: 0.927153
Test 51, loss: 0.953362, test acc: 0.918152, test avg acc: 0.891413
Train 52, loss: 0.912419, train acc: 0.955793, train avg acc: 0.934954
Test 52, loss: 0.953193, test acc: 0.919773, test avg acc: 0.884285
Train 53, loss: 0.919570, train acc: 0.951321, train avg acc: 0.929105
Test 53, loss: 0.950659, test acc: 0.923015, test avg acc: 0.887657
Train 54, loss: 0.917960, train acc: 0.953150, train avg acc: 0.929638
Test 54, loss: 0.961610, test acc: 0.914506, test avg acc: 0.888000
Train 55, loss: 0.914002, train acc: 0.954268, train avg acc: 0.934113
Test 55, loss: 0.952152, test acc: 0.919773, test avg acc: 0.890250
Train 56, loss: 0.917465, train acc: 0.951728, train avg acc: 0.927273
Test 56, loss: 0.948071, test acc: 0.922609, test avg acc: 0.894326
Train 57, loss: 0.914009, train acc: 0.953049, train avg acc: 0.929307
Test 57, loss: 0.946650, test acc: 0.919368, test avg acc: 0.884244
Train 58, loss: 0.907147, train acc: 0.956301, train avg acc: 0.933942
Test 58, loss: 0.946007, test acc: 0.921799, test avg acc: 0.889994
Train 59, loss: 0.907622, train acc: 0.956809, train avg acc: 0.936867
Test 59, loss: 0.953873, test acc: 0.916126, test avg acc: 0.887331
Train 60, loss: 0.909948, train acc: 0.955488, train avg acc: 0.934980
Test 60, loss: 0.950870, test acc: 0.916532, test avg acc: 0.887413
Train 61, loss: 0.896500, train acc: 0.959045, train avg acc: 0.938010
Test 61, loss: 0.945973, test acc: 0.919773, test avg acc: 0.889209
Train 62, loss: 0.909115, train acc: 0.951423, train avg acc: 0.927519
Test 62, loss: 0.948207, test acc: 0.919368, test avg acc: 0.891081
Train 63, loss: 0.898983, train acc: 0.956707, train avg acc: 0.935904
Test 63, loss: 0.950448, test acc: 0.918963, test avg acc: 0.885994
Train 64, loss: 0.898933, train acc: 0.959654, train avg acc: 0.941407
Test 64, loss: 0.948360, test acc: 0.920583, test avg acc: 0.885244
Train 65, loss: 0.898036, train acc: 0.959959, train avg acc: 0.939952
Test 65, loss: 0.951006, test acc: 0.918558, test avg acc: 0.888616
Train 66, loss: 0.893894, train acc: 0.963211, train avg acc: 0.944718
Test 66, loss: 0.950562, test acc: 0.920989, test avg acc: 0.892657
Train 67, loss: 0.894956, train acc: 0.961585, train avg acc: 0.941757
Test 67, loss: 0.944223, test acc: 0.919368, test avg acc: 0.889163
Train 68, loss: 0.893460, train acc: 0.959146, train avg acc: 0.939284
Test 68, loss: 0.946791, test acc: 0.914506, test avg acc: 0.885122
Train 69, loss: 0.896021, train acc: 0.959858, train avg acc: 0.940216
Test 69, loss: 0.948060, test acc: 0.917747, test avg acc: 0.883331
Train 70, loss: 0.888774, train acc: 0.962297, train avg acc: 0.943315
Test 70, loss: 0.944224, test acc: 0.922609, test avg acc: 0.894494
Train 71, loss: 0.891326, train acc: 0.961687, train avg acc: 0.941701
Test 71, loss: 0.950920, test acc: 0.917747, test avg acc: 0.887494
Train 72, loss: 0.896701, train acc: 0.957825, train avg acc: 0.935979
Test 72, loss: 0.943185, test acc: 0.915721, test avg acc: 0.883000
Train 73, loss: 0.892496, train acc: 0.961585, train avg acc: 0.943239
Test 73, loss: 0.944253, test acc: 0.922204, test avg acc: 0.895878
Train 74, loss: 0.894975, train acc: 0.960061, train avg acc: 0.941561
Test 74, loss: 0.945338, test acc: 0.919773, test avg acc: 0.888703
Train 75, loss: 0.892153, train acc: 0.960874, train avg acc: 0.942073
Test 75, loss: 0.945130, test acc: 0.920989, test avg acc: 0.895372
Train 76, loss: 0.892264, train acc: 0.962093, train avg acc: 0.943200
Test 76, loss: 0.951469, test acc: 0.922204, test avg acc: 0.890831
Train 77, loss: 0.887472, train acc: 0.961992, train avg acc: 0.944693
Test 77, loss: 0.946406, test acc: 0.922609, test avg acc: 0.895372
Train 78, loss: 0.888685, train acc: 0.960772, train avg acc: 0.943297
Test 78, loss: 0.940883, test acc: 0.923420, test avg acc: 0.892703
Train 79, loss: 0.886649, train acc: 0.963618, train avg acc: 0.945599
Test 79, loss: 0.943037, test acc: 0.921799, test avg acc: 0.890372
Train 80, loss: 0.886634, train acc: 0.963821, train avg acc: 0.944799
Test 80, loss: 0.945894, test acc: 0.915316, test avg acc: 0.884500
Train 81, loss: 0.888526, train acc: 0.962093, train avg acc: 0.944027
Test 81, loss: 0.943221, test acc: 0.918152, test avg acc: 0.888500
Train 82, loss: 0.883773, train acc: 0.965650, train avg acc: 0.948807
Test 82, loss: 0.940821, test acc: 0.922609, test avg acc: 0.888285
Train 83, loss: 0.884407, train acc: 0.963720, train avg acc: 0.947506
Test 83, loss: 0.943789, test acc: 0.916532, test avg acc: 0.883209
Train 84, loss: 0.885774, train acc: 0.961687, train avg acc: 0.943594
Test 84, loss: 0.937160, test acc: 0.921799, test avg acc: 0.886994
Train 85, loss: 0.878348, train acc: 0.965955, train avg acc: 0.948820
Test 85, loss: 0.945810, test acc: 0.920178, test avg acc: 0.889372
Train 86, loss: 0.884997, train acc: 0.964228, train avg acc: 0.946082
Test 86, loss: 0.943888, test acc: 0.921394, test avg acc: 0.892000
Train 87, loss: 0.883918, train acc: 0.962703, train avg acc: 0.945074
Test 87, loss: 0.940688, test acc: 0.918558, test avg acc: 0.888622
Train 88, loss: 0.884565, train acc: 0.963008, train avg acc: 0.945123
Test 88, loss: 0.936027, test acc: 0.921394, test avg acc: 0.892831
Train 89, loss: 0.882477, train acc: 0.963110, train avg acc: 0.945287
Test 89, loss: 0.936862, test acc: 0.924635, test avg acc: 0.892331
Train 90, loss: 0.878871, train acc: 0.965650, train avg acc: 0.948627
Test 90, loss: 0.941079, test acc: 0.919773, test avg acc: 0.888541
Train 91, loss: 0.879290, train acc: 0.965854, train avg acc: 0.949001
Test 91, loss: 0.941815, test acc: 0.921394, test avg acc: 0.887541
Train 92, loss: 0.876595, train acc: 0.968801, train avg acc: 0.953091
Test 92, loss: 0.942358, test acc: 0.919773, test avg acc: 0.888413
Train 93, loss: 0.875394, train acc: 0.966565, train avg acc: 0.950386
Test 93, loss: 0.941642, test acc: 0.919368, test avg acc: 0.890081
Train 94, loss: 0.878240, train acc: 0.966057, train avg acc: 0.947985
Test 94, loss: 0.941454, test acc: 0.922204, test avg acc: 0.894163
Train 95, loss: 0.875323, train acc: 0.966768, train avg acc: 0.948523
Test 95, loss: 0.942242, test acc: 0.918558, test avg acc: 0.886035
Train 96, loss: 0.876807, train acc: 0.966463, train avg acc: 0.949906
Test 96, loss: 0.940831, test acc: 0.923420, test avg acc: 0.894035
Train 97, loss: 0.878658, train acc: 0.965447, train avg acc: 0.948120
Test 97, loss: 0.939028, test acc: 0.920583, test avg acc: 0.891919
Train 98, loss: 0.877910, train acc: 0.966870, train avg acc: 0.949799
Test 98, loss: 0.945676, test acc: 0.914506, test avg acc: 0.882959
Train 99, loss: 0.873061, train acc: 0.967988, train avg acc: 0.951330
Test 99, loss: 0.942846, test acc: 0.925041, test avg acc: 0.893872
Train 100, loss: 0.876212, train acc: 0.968191, train avg acc: 0.952154
Test 100, loss: 0.945096, test acc: 0.920178, test avg acc: 0.887953
Train 101, loss: 0.876072, train acc: 0.966159, train avg acc: 0.948324
Test 101, loss: 0.941212, test acc: 0.923825, test avg acc: 0.895953
Train 102, loss: 0.875995, train acc: 0.966870, train avg acc: 0.950704
Test 102, loss: 0.940517, test acc: 0.921394, test avg acc: 0.891663
Train 103, loss: 0.876097, train acc: 0.964634, train avg acc: 0.947123
Test 103, loss: 0.937462, test acc: 0.922204, test avg acc: 0.892122
Train 104, loss: 0.876455, train acc: 0.966057, train avg acc: 0.948364
Test 104, loss: 0.939837, test acc: 0.925041, test avg acc: 0.896953
Train 105, loss: 0.875349, train acc: 0.969207, train avg acc: 0.955982
Test 105, loss: 0.940041, test acc: 0.923420, test avg acc: 0.892581
Train 106, loss: 0.874833, train acc: 0.967073, train avg acc: 0.952311
Test 106, loss: 0.939957, test acc: 0.920583, test avg acc: 0.890541
Train 107, loss: 0.872630, train acc: 0.968293, train avg acc: 0.951720
Test 107, loss: 0.939169, test acc: 0.922204, test avg acc: 0.891122
Train 108, loss: 0.871794, train acc: 0.967988, train avg acc: 0.953839
Test 108, loss: 0.938509, test acc: 0.919368, test avg acc: 0.887000
Train 109, loss: 0.873686, train acc: 0.968191, train avg acc: 0.953331
Test 109, loss: 0.942825, test acc: 0.920178, test avg acc: 0.890872
Train 110, loss: 0.871911, train acc: 0.970020, train avg acc: 0.957097
Test 110, loss: 0.936913, test acc: 0.923420, test avg acc: 0.894076
Train 111, loss: 0.872320, train acc: 0.966667, train avg acc: 0.949896
Test 111, loss: 0.939101, test acc: 0.920989, test avg acc: 0.889413
Train 112, loss: 0.868833, train acc: 0.969106, train avg acc: 0.953948
Test 112, loss: 0.946390, test acc: 0.918558, test avg acc: 0.886541
Train 113, loss: 0.870382, train acc: 0.968598, train avg acc: 0.952376
Test 113, loss: 0.940771, test acc: 0.924635, test avg acc: 0.894581
Train 114, loss: 0.874361, train acc: 0.968902, train avg acc: 0.954361
Test 114, loss: 0.945010, test acc: 0.918558, test avg acc: 0.890750
Train 115, loss: 0.869992, train acc: 0.966972, train avg acc: 0.950707
Test 115, loss: 0.947142, test acc: 0.918558, test avg acc: 0.891663
Train 116, loss: 0.871023, train acc: 0.970935, train avg acc: 0.957216
Test 116, loss: 0.944357, test acc: 0.918152, test avg acc: 0.885331
Train 117, loss: 0.871631, train acc: 0.969411, train avg acc: 0.954834
Test 117, loss: 0.940598, test acc: 0.921799, test avg acc: 0.890663
Train 118, loss: 0.870441, train acc: 0.969715, train avg acc: 0.955277
Test 118, loss: 0.943636, test acc: 0.920583, test avg acc: 0.889163
Train 119, loss: 0.871088, train acc: 0.966565, train avg acc: 0.950080
Test 119, loss: 0.944412, test acc: 0.920178, test avg acc: 0.890872
Train 120, loss: 0.871925, train acc: 0.966463, train avg acc: 0.950841
Test 120, loss: 0.949250, test acc: 0.918558, test avg acc: 0.887831
Train 121, loss: 0.868498, train acc: 0.969411, train avg acc: 0.953745
Test 121, loss: 0.944954, test acc: 0.920989, test avg acc: 0.887453
Train 122, loss: 0.866915, train acc: 0.970122, train avg acc: 0.956545
Test 122, loss: 0.938739, test acc: 0.920583, test avg acc: 0.891163
Train 123, loss: 0.867202, train acc: 0.970833, train avg acc: 0.956748
Test 123, loss: 0.941643, test acc: 0.918963, test avg acc: 0.889000
Train 124, loss: 0.868771, train acc: 0.969512, train avg acc: 0.955927
Test 124, loss: 0.940019, test acc: 0.924635, test avg acc: 0.891785
Train 125, loss: 0.869647, train acc: 0.968496, train avg acc: 0.951225
Test 125, loss: 0.937190, test acc: 0.922609, test avg acc: 0.891331
Train 126, loss: 0.868122, train acc: 0.970122, train avg acc: 0.956538
Test 126, loss: 0.939956, test acc: 0.921799, test avg acc: 0.887663
Train 127, loss: 0.870346, train acc: 0.966260, train avg acc: 0.948882
Test 127, loss: 0.942191, test acc: 0.919773, test avg acc: 0.886372
Train 128, loss: 0.866875, train acc: 0.969411, train avg acc: 0.954704
Test 128, loss: 0.938977, test acc: 0.919368, test avg acc: 0.886331
Train 129, loss: 0.866775, train acc: 0.970833, train avg acc: 0.957828
Test 129, loss: 0.942241, test acc: 0.918558, test avg acc: 0.889750
Train 130, loss: 0.866912, train acc: 0.969919, train avg acc: 0.955578
Test 130, loss: 0.942243, test acc: 0.920583, test avg acc: 0.889163
Train 131, loss: 0.867656, train acc: 0.970325, train avg acc: 0.956185
Test 131, loss: 0.942365, test acc: 0.921394, test avg acc: 0.889581
Train 132, loss: 0.867859, train acc: 0.969309, train avg acc: 0.953103
Test 132, loss: 0.940074, test acc: 0.923825, test avg acc: 0.889913
Train 133, loss: 0.871608, train acc: 0.969106, train avg acc: 0.955280
Test 133, loss: 0.940781, test acc: 0.921394, test avg acc: 0.891291
Train 134, loss: 0.869872, train acc: 0.969411, train avg acc: 0.954765
Test 134, loss: 0.942898, test acc: 0.920583, test avg acc: 0.889913
Train 135, loss: 0.867019, train acc: 0.968801, train avg acc: 0.953860
Test 135, loss: 0.942378, test acc: 0.922204, test avg acc: 0.894163
Train 136, loss: 0.865888, train acc: 0.970935, train avg acc: 0.957190
Test 136, loss: 0.937872, test acc: 0.921799, test avg acc: 0.891622
Train 137, loss: 0.864176, train acc: 0.969207, train avg acc: 0.955116
Test 137, loss: 0.936643, test acc: 0.922609, test avg acc: 0.891750
Train 138, loss: 0.866215, train acc: 0.971748, train avg acc: 0.958198
Test 138, loss: 0.943239, test acc: 0.923420, test avg acc: 0.891953
Train 139, loss: 0.866793, train acc: 0.971646, train avg acc: 0.957486
Test 139, loss: 0.941496, test acc: 0.920989, test avg acc: 0.892331
Train 140, loss: 0.863429, train acc: 0.971748, train avg acc: 0.956419
Test 140, loss: 0.943736, test acc: 0.921394, test avg acc: 0.889663
Train 141, loss: 0.868265, train acc: 0.967785, train avg acc: 0.952252
Test 141, loss: 0.937856, test acc: 0.920989, test avg acc: 0.891169
Train 142, loss: 0.867937, train acc: 0.970224, train avg acc: 0.956624
Test 142, loss: 0.942680, test acc: 0.920178, test avg acc: 0.892791
Train 143, loss: 0.869326, train acc: 0.968089, train avg acc: 0.953228
Test 143, loss: 0.936876, test acc: 0.925446, test avg acc: 0.894203
Train 144, loss: 0.868202, train acc: 0.969207, train avg acc: 0.956434
Test 144, loss: 0.934071, test acc: 0.923825, test avg acc: 0.890163
Train 145, loss: 0.867282, train acc: 0.969207, train avg acc: 0.953177
Test 145, loss: 0.942599, test acc: 0.923420, test avg acc: 0.891913
Train 146, loss: 0.867249, train acc: 0.968394, train avg acc: 0.953828
Test 146, loss: 0.941005, test acc: 0.918558, test avg acc: 0.887791
Train 147, loss: 0.867552, train acc: 0.969207, train avg acc: 0.954004
Test 147, loss: 0.943820, test acc: 0.920178, test avg acc: 0.888791
Train 148, loss: 0.867199, train acc: 0.969411, train avg acc: 0.953926
Test 148, loss: 0.940960, test acc: 0.920989, test avg acc: 0.893331
Train 149, loss: 0.868272, train acc: 0.970224, train avg acc: 0.954701
Test 149, loss: 0.941734, test acc: 0.920583, test avg acc: 0.890581
Train 150, loss: 0.863567, train acc: 0.971646, train avg acc: 0.958252
Test 150, loss: 0.939734, test acc: 0.922609, test avg acc: 0.896919
Train 151, loss: 0.864285, train acc: 0.970020, train avg acc: 0.953508
Test 151, loss: 0.944241, test acc: 0.917747, test avg acc: 0.888709
Train 152, loss: 0.864903, train acc: 0.970427, train avg acc: 0.955324
Test 152, loss: 0.940790, test acc: 0.918963, test avg acc: 0.889872
Train 153, loss: 0.867364, train acc: 0.969715, train avg acc: 0.954277
Test 153, loss: 0.943912, test acc: 0.918152, test avg acc: 0.888581
Train 154, loss: 0.866747, train acc: 0.967073, train avg acc: 0.951586
Test 154, loss: 0.936872, test acc: 0.925851, test avg acc: 0.897122
Train 155, loss: 0.867517, train acc: 0.970732, train avg acc: 0.959167
Test 155, loss: 0.940244, test acc: 0.924230, test avg acc: 0.892953
Train 156, loss: 0.865937, train acc: 0.971240, train avg acc: 0.957760
Test 156, loss: 0.943257, test acc: 0.920178, test avg acc: 0.892622
Train 157, loss: 0.865185, train acc: 0.970630, train avg acc: 0.955433
Test 157, loss: 0.942449, test acc: 0.924635, test avg acc: 0.895372
Train 158, loss: 0.866716, train acc: 0.970427, train avg acc: 0.956819
Test 158, loss: 0.940139, test acc: 0.917342, test avg acc: 0.886791
Train 159, loss: 0.866892, train acc: 0.969919, train avg acc: 0.954773
Test 159, loss: 0.940584, test acc: 0.923015, test avg acc: 0.896250
Train 160, loss: 0.865218, train acc: 0.969614, train avg acc: 0.955790
Test 160, loss: 0.939221, test acc: 0.920583, test avg acc: 0.890081
Train 161, loss: 0.865304, train acc: 0.970630, train avg acc: 0.957584
Test 161, loss: 0.938623, test acc: 0.923015, test avg acc: 0.895663
Train 162, loss: 0.864260, train acc: 0.970020, train avg acc: 0.955304
Test 162, loss: 0.940023, test acc: 0.922204, test avg acc: 0.891163
Train 163, loss: 0.873412, train acc: 0.967175, train avg acc: 0.950516
Test 163, loss: 0.937259, test acc: 0.919368, test avg acc: 0.888122
Train 164, loss: 0.862689, train acc: 0.971341, train avg acc: 0.957714
Test 164, loss: 0.943749, test acc: 0.919368, test avg acc: 0.891331
Train 165, loss: 0.862869, train acc: 0.970935, train avg acc: 0.958884
Test 165, loss: 0.940524, test acc: 0.922609, test avg acc: 0.894163
Train 166, loss: 0.865059, train acc: 0.971951, train avg acc: 0.957535
Test 166, loss: 0.939160, test acc: 0.922204, test avg acc: 0.890831
Train 167, loss: 0.866844, train acc: 0.970020, train avg acc: 0.955620
Test 167, loss: 0.941905, test acc: 0.924230, test avg acc: 0.894035
Train 168, loss: 0.864937, train acc: 0.968902, train avg acc: 0.952829
Test 168, loss: 0.939493, test acc: 0.920178, test avg acc: 0.886750
Train 169, loss: 0.863882, train acc: 0.972053, train avg acc: 0.959401
Test 169, loss: 0.945325, test acc: 0.916532, test avg acc: 0.883378
Train 170, loss: 0.868280, train acc: 0.969512, train avg acc: 0.953593
Test 170, loss: 0.938723, test acc: 0.920178, test avg acc: 0.886791
Train 171, loss: 0.868755, train acc: 0.968801, train avg acc: 0.954086
Test 171, loss: 0.942317, test acc: 0.922204, test avg acc: 0.893203
Train 172, loss: 0.864491, train acc: 0.972866, train avg acc: 0.959332
Test 172, loss: 0.946231, test acc: 0.918558, test avg acc: 0.890913
Train 173, loss: 0.865219, train acc: 0.970122, train avg acc: 0.957396
Test 173, loss: 0.939939, test acc: 0.923825, test avg acc: 0.893791
Train 174, loss: 0.870253, train acc: 0.968394, train avg acc: 0.954266
Test 174, loss: 0.944395, test acc: 0.923015, test avg acc: 0.893459
Train 175, loss: 0.864184, train acc: 0.969817, train avg acc: 0.956680
Test 175, loss: 0.939517, test acc: 0.925446, test avg acc: 0.896163
Train 176, loss: 0.864576, train acc: 0.971037, train avg acc: 0.956671
Test 176, loss: 0.938750, test acc: 0.918963, test avg acc: 0.888122
Train 177, loss: 0.866413, train acc: 0.969919, train avg acc: 0.953318
Test 177, loss: 0.941060, test acc: 0.922204, test avg acc: 0.891244
Train 178, loss: 0.865315, train acc: 0.971037, train avg acc: 0.955196
Test 178, loss: 0.944219, test acc: 0.918963, test avg acc: 0.888837
Train 179, loss: 0.862372, train acc: 0.971646, train avg acc: 0.958143
Test 179, loss: 0.938804, test acc: 0.923420, test avg acc: 0.895709
Train 180, loss: 0.867196, train acc: 0.968394, train avg acc: 0.953079
Test 180, loss: 0.940360, test acc: 0.920989, test avg acc: 0.888163
Train 181, loss: 0.864466, train acc: 0.971545, train avg acc: 0.958228
Test 181, loss: 0.942430, test acc: 0.917342, test avg acc: 0.888872
Train 182, loss: 0.866300, train acc: 0.970732, train avg acc: 0.956601
Test 182, loss: 0.947154, test acc: 0.916532, test avg acc: 0.887250
Train 183, loss: 0.861386, train acc: 0.972358, train avg acc: 0.956877
Test 183, loss: 0.939965, test acc: 0.922204, test avg acc: 0.890163
Train 184, loss: 0.865356, train acc: 0.968191, train avg acc: 0.952807
Test 184, loss: 0.939629, test acc: 0.924230, test avg acc: 0.893244
Train 185, loss: 0.866624, train acc: 0.971240, train avg acc: 0.956019
Test 185, loss: 0.942717, test acc: 0.921394, test avg acc: 0.893459
Train 186, loss: 0.864825, train acc: 0.970122, train avg acc: 0.956606
Test 186, loss: 0.943559, test acc: 0.921799, test avg acc: 0.891541
Train 187, loss: 0.865032, train acc: 0.969614, train avg acc: 0.954669
Test 187, loss: 0.943779, test acc: 0.917747, test avg acc: 0.886291
Train 188, loss: 0.863955, train acc: 0.971138, train avg acc: 0.958527
Test 188, loss: 0.943314, test acc: 0.920178, test avg acc: 0.887709
Train 189, loss: 0.864473, train acc: 0.969919, train avg acc: 0.954633
Test 189, loss: 0.944773, test acc: 0.919773, test avg acc: 0.891291
Train 190, loss: 0.866085, train acc: 0.970427, train avg acc: 0.956089
Test 190, loss: 0.943726, test acc: 0.921799, test avg acc: 0.891494
Train 191, loss: 0.864613, train acc: 0.972154, train avg acc: 0.960106
Test 191, loss: 0.939494, test acc: 0.919368, test avg acc: 0.889331
Train 192, loss: 0.864747, train acc: 0.970020, train avg acc: 0.956277
Test 192, loss: 0.942441, test acc: 0.922204, test avg acc: 0.892826
Train 193, loss: 0.865343, train acc: 0.970732, train avg acc: 0.958127
Test 193, loss: 0.942551, test acc: 0.922609, test avg acc: 0.890122
Train 194, loss: 0.867127, train acc: 0.968699, train avg acc: 0.954781
Test 194, loss: 0.932647, test acc: 0.923825, test avg acc: 0.893000
Train 195, loss: 0.862435, train acc: 0.971037, train avg acc: 0.957235
Test 195, loss: 0.940967, test acc: 0.920583, test avg acc: 0.888791
Train 196, loss: 0.862778, train acc: 0.970833, train avg acc: 0.957215
Test 196, loss: 0.937978, test acc: 0.921394, test avg acc: 0.887494
Train 197, loss: 0.866737, train acc: 0.968598, train avg acc: 0.955047
Test 197, loss: 0.943729, test acc: 0.919773, test avg acc: 0.889413
Train 198, loss: 0.864573, train acc: 0.969207, train avg acc: 0.954614
Test 198, loss: 0.937764, test acc: 0.926256, test avg acc: 0.895413
Train 199, loss: 0.868631, train acc: 0.968496, train avg acc: 0.952935
Test 199, loss: 0.943465, test acc: 0.924635, test avg acc: 0.897331
Train 200, loss: 0.865128, train acc: 0.971646, train avg acc: 0.958268
Test 200, loss: 0.944688, test acc: 0.918963, test avg acc: 0.887081
Train 201, loss: 0.863542, train acc: 0.972663, train avg acc: 0.959493
Test 201, loss: 0.943743, test acc: 0.919368, test avg acc: 0.890041
Train 202, loss: 0.866406, train acc: 0.969512, train avg acc: 0.955725
Test 202, loss: 0.939999, test acc: 0.922204, test avg acc: 0.892041
Train 203, loss: 0.866215, train acc: 0.971138, train avg acc: 0.955846
Test 203, loss: 0.942757, test acc: 0.918152, test avg acc: 0.886209
Train 204, loss: 0.866562, train acc: 0.971240, train avg acc: 0.958693
Test 204, loss: 0.942263, test acc: 0.919773, test avg acc: 0.885250
Train 205, loss: 0.865588, train acc: 0.972764, train avg acc: 0.960518
Test 205, loss: 0.943668, test acc: 0.923015, test avg acc: 0.887581
Train 206, loss: 0.867109, train acc: 0.970528, train avg acc: 0.955499
Test 206, loss: 0.937396, test acc: 0.922204, test avg acc: 0.892122
Train 207, loss: 0.863527, train acc: 0.970427, train avg acc: 0.956964
Test 207, loss: 0.937899, test acc: 0.922609, test avg acc: 0.891453
Train 208, loss: 0.863557, train acc: 0.971748, train avg acc: 0.956361
Test 208, loss: 0.945835, test acc: 0.920583, test avg acc: 0.890122
Train 209, loss: 0.867073, train acc: 0.970325, train avg acc: 0.954334
Test 209, loss: 0.939813, test acc: 0.921799, test avg acc: 0.891663
Train 210, loss: 0.867822, train acc: 0.968191, train avg acc: 0.952990
Test 210, loss: 0.942398, test acc: 0.918558, test avg acc: 0.888541
Train 211, loss: 0.872080, train acc: 0.969817, train avg acc: 0.956395
Test 211, loss: 0.941161, test acc: 0.924230, test avg acc: 0.892372
Train 212, loss: 0.867040, train acc: 0.969004, train avg acc: 0.953919
Test 212, loss: 0.943636, test acc: 0.918558, test avg acc: 0.887541
Train 213, loss: 0.863120, train acc: 0.971545, train avg acc: 0.957834
Test 213, loss: 0.944907, test acc: 0.920178, test avg acc: 0.891581
Train 214, loss: 0.859959, train acc: 0.972764, train avg acc: 0.958937
Test 214, loss: 0.939692, test acc: 0.920583, test avg acc: 0.893041
Train 215, loss: 0.870727, train acc: 0.967378, train avg acc: 0.949339
Test 215, loss: 0.946955, test acc: 0.916937, test avg acc: 0.889169
Train 216, loss: 0.865019, train acc: 0.969512, train avg acc: 0.954023
Test 216, loss: 0.942795, test acc: 0.916937, test avg acc: 0.886291
Train 217, loss: 0.864184, train acc: 0.970732, train avg acc: 0.958269
Test 217, loss: 0.949087, test acc: 0.918152, test avg acc: 0.889413
Train 218, loss: 0.865721, train acc: 0.970325, train avg acc: 0.955466
Test 218, loss: 0.941564, test acc: 0.920178, test avg acc: 0.891419
Train 219, loss: 0.868425, train acc: 0.968801, train avg acc: 0.953670
Test 219, loss: 0.944167, test acc: 0.919368, test avg acc: 0.889169
Train 220, loss: 0.864221, train acc: 0.970020, train avg acc: 0.956146
Test 220, loss: 0.945228, test acc: 0.920583, test avg acc: 0.893244
Train 221, loss: 0.867540, train acc: 0.970020, train avg acc: 0.955137
Test 221, loss: 0.941580, test acc: 0.919368, test avg acc: 0.892291
Train 222, loss: 0.864418, train acc: 0.970427, train avg acc: 0.956442
Test 222, loss: 0.941576, test acc: 0.920989, test avg acc: 0.892122
Train 223, loss: 0.863903, train acc: 0.970427, train avg acc: 0.956315
Test 223, loss: 0.939972, test acc: 0.921799, test avg acc: 0.894372
Train 224, loss: 0.864790, train acc: 0.970325, train avg acc: 0.955172
Test 224, loss: 0.943770, test acc: 0.920178, test avg acc: 0.892663
Train 225, loss: 0.863607, train acc: 0.972764, train avg acc: 0.960616
Test 225, loss: 0.943454, test acc: 0.921799, test avg acc: 0.890663
Train 226, loss: 0.864468, train acc: 0.970935, train avg acc: 0.957595
Test 226, loss: 0.938940, test acc: 0.920178, test avg acc: 0.888419
Train 227, loss: 0.864695, train acc: 0.968293, train avg acc: 0.954403
Test 227, loss: 0.942390, test acc: 0.921799, test avg acc: 0.892541
Train 228, loss: 0.865591, train acc: 0.970528, train avg acc: 0.957322
Test 228, loss: 0.938419, test acc: 0.919368, test avg acc: 0.887081
Train 229, loss: 0.864727, train acc: 0.968293, train avg acc: 0.952693
Test 229, loss: 0.938113, test acc: 0.920583, test avg acc: 0.892541
Train 230, loss: 0.862965, train acc: 0.971545, train avg acc: 0.956104
Test 230, loss: 0.939521, test acc: 0.921799, test avg acc: 0.890831
Train 231, loss: 0.862732, train acc: 0.972154, train avg acc: 0.958341
Test 231, loss: 0.939694, test acc: 0.918152, test avg acc: 0.887581
Train 232, loss: 0.866922, train acc: 0.968902, train avg acc: 0.951748
Test 232, loss: 0.941535, test acc: 0.920583, test avg acc: 0.893000
Train 233, loss: 0.863317, train acc: 0.973374, train avg acc: 0.958237
Test 233, loss: 0.945183, test acc: 0.919773, test avg acc: 0.889122
Train 234, loss: 0.864321, train acc: 0.971646, train avg acc: 0.956533
Test 234, loss: 0.941027, test acc: 0.920178, test avg acc: 0.887872
Train 235, loss: 0.866176, train acc: 0.969715, train avg acc: 0.953876
Test 235, loss: 0.940716, test acc: 0.921394, test avg acc: 0.891581
Train 236, loss: 0.865772, train acc: 0.970122, train avg acc: 0.954766
Test 236, loss: 0.935400, test acc: 0.922609, test avg acc: 0.892331
Train 237, loss: 0.866937, train acc: 0.970528, train avg acc: 0.956118
Test 237, loss: 0.938347, test acc: 0.920178, test avg acc: 0.887791
Train 238, loss: 0.864521, train acc: 0.971240, train avg acc: 0.958972
Test 238, loss: 0.942728, test acc: 0.920989, test avg acc: 0.891709
Train 239, loss: 0.862821, train acc: 0.970935, train avg acc: 0.955978
Test 239, loss: 0.943588, test acc: 0.918152, test avg acc: 0.888581
Train 240, loss: 0.862871, train acc: 0.971037, train avg acc: 0.958478
Test 240, loss: 0.945244, test acc: 0.920989, test avg acc: 0.892081
Train 241, loss: 0.863357, train acc: 0.970630, train avg acc: 0.957338
Test 241, loss: 0.940892, test acc: 0.921799, test avg acc: 0.892500
Train 242, loss: 0.863766, train acc: 0.970122, train avg acc: 0.957352
Test 242, loss: 0.949360, test acc: 0.918152, test avg acc: 0.888122
Train 243, loss: 0.863141, train acc: 0.971545, train avg acc: 0.957377
Test 243, loss: 0.938631, test acc: 0.918963, test avg acc: 0.891000
Train 244, loss: 0.863755, train acc: 0.971646, train avg acc: 0.958960
Test 244, loss: 0.941509, test acc: 0.918963, test avg acc: 0.886750
Train 245, loss: 0.866419, train acc: 0.970224, train avg acc: 0.958553
Test 245, loss: 0.942624, test acc: 0.920178, test avg acc: 0.890622
Train 246, loss: 0.863416, train acc: 0.970630, train avg acc: 0.957381
Test 246, loss: 0.938397, test acc: 0.923420, test avg acc: 0.891622
Train 247, loss: 0.871385, train acc: 0.967886, train avg acc: 0.952652
Test 247, loss: 0.940982, test acc: 0.920178, test avg acc: 0.888872
Train 248, loss: 0.863830, train acc: 0.972663, train avg acc: 0.959222
Test 248, loss: 0.943452, test acc: 0.920583, test avg acc: 0.890750
Train 249, loss: 0.864593, train acc: 0.971646, train avg acc: 0.958367
Test 249, loss: 0.938183, test acc: 0.917342, test avg acc: 0.885122
Train 250, loss: 0.864797, train acc: 0.970630, train avg acc: 0.958737
Test 250, loss: 0.945555, test acc: 0.921799, test avg acc: 0.891831
