Namespace(exp_name='LLRGM_seg', model='GTNet', dataset='shapenetpart', class_choice=None, batch_size=13, test_batch_size=13, epochs=250, use_sgd=True, lr=0.001, momentum=0.9, scheduler='cos', no_cuda=False, seed=100, eval=False, num_points=2048, dropout=0.5, emb_dims=512, k=20, model_path='', visu='all', visu_format='ply')
Using GPU : 0 from 1 devices
Train 1, loss: 1.143617, train acc: 0.867529, train avg acc: 0.506080, train iou: 0.714752
Test 1, loss: 0.973195, test acc: 0.905074, test avg acc: 0.617663, test iou: 0.749433
Train 2, loss: 0.974193, train acc: 0.915290, train avg acc: 0.645291, train iou: 0.775357
Test 2, loss: 0.952340, test acc: 0.908811, test avg acc: 0.660573, test iou: 0.784147
Train 3, loss: 0.946161, train acc: 0.921426, train avg acc: 0.674787, train iou: 0.789210
Test 3, loss: 0.936529, test acc: 0.915798, test avg acc: 0.697686, test iou: 0.788824
Train 4, loss: 0.934001, train acc: 0.924935, train avg acc: 0.694359, train iou: 0.798614
Test 4, loss: 0.926968, test acc: 0.917019, test avg acc: 0.724492, test iou: 0.793769
Train 5, loss: 0.922926, train acc: 0.927643, train avg acc: 0.708053, train iou: 0.805710
Test 5, loss: 0.913415, test acc: 0.923385, test avg acc: 0.710004, test iou: 0.805838
Train 6, loss: 0.918636, train acc: 0.929263, train avg acc: 0.718980, train iou: 0.809622
Test 6, loss: 0.955578, test acc: 0.906093, test avg acc: 0.675982, test iou: 0.793957
Train 7, loss: 0.914965, train acc: 0.929832, train avg acc: 0.725254, train iou: 0.812680
Test 7, loss: 0.909093, test acc: 0.922523, test avg acc: 0.752050, test iou: 0.803527
Train 8, loss: 0.910576, train acc: 0.930838, train avg acc: 0.731098, train iou: 0.814661
Test 8, loss: 0.890077, test acc: 0.930586, test avg acc: 0.746227, test iou: 0.819201
Train 9, loss: 0.907873, train acc: 0.931797, train avg acc: 0.736827, train iou: 0.816635
Test 9, loss: 0.902050, test acc: 0.928012, test avg acc: 0.740453, test iou: 0.812546
Train 10, loss: 0.904610, train acc: 0.932663, train avg acc: 0.741907, train iou: 0.818401
Test 10, loss: 0.897661, test acc: 0.923869, test avg acc: 0.737272, test iou: 0.811256
Train 11, loss: 0.904475, train acc: 0.932391, train avg acc: 0.747386, train iou: 0.818595
Test 11, loss: 0.906861, test acc: 0.924412, test avg acc: 0.756421, test iou: 0.805455
Train 12, loss: 0.902891, train acc: 0.932573, train avg acc: 0.747834, train iou: 0.819173
Test 12, loss: 0.907604, test acc: 0.924242, test avg acc: 0.748940, test iou: 0.812782
Train 13, loss: 0.902496, train acc: 0.932794, train avg acc: 0.749606, train iou: 0.819448
Test 13, loss: 0.897443, test acc: 0.930314, test avg acc: 0.769637, test iou: 0.819396
Train 14, loss: 0.900253, train acc: 0.933689, train avg acc: 0.754880, train iou: 0.821698
Test 14, loss: 0.894491, test acc: 0.929880, test avg acc: 0.767846, test iou: 0.820062
Train 15, loss: 0.900751, train acc: 0.933347, train avg acc: 0.757724, train iou: 0.821122
Test 15, loss: 0.891261, test acc: 0.930455, test avg acc: 0.759809, test iou: 0.818631
Train 16, loss: 0.898775, train acc: 0.934428, train avg acc: 0.759012, train iou: 0.822640
Test 16, loss: 0.913255, test acc: 0.922774, test avg acc: 0.766144, test iou: 0.806845
Train 17, loss: 0.897092, train acc: 0.934418, train avg acc: 0.761275, train iou: 0.824308
Test 17, loss: 0.890607, test acc: 0.931484, test avg acc: 0.771801, test iou: 0.825096
Train 18, loss: 0.893767, train acc: 0.935044, train avg acc: 0.766722, train iou: 0.824754
Test 18, loss: 0.897758, test acc: 0.927900, test avg acc: 0.770578, test iou: 0.817782
Train 19, loss: 0.897967, train acc: 0.934398, train avg acc: 0.763766, train iou: 0.825134
Test 19, loss: 0.884665, test acc: 0.933918, test avg acc: 0.810597, test iou: 0.827533
Train 20, loss: 0.894641, train acc: 0.934961, train avg acc: 0.768650, train iou: 0.825344
Test 20, loss: 0.892351, test acc: 0.928351, test avg acc: 0.763712, test iou: 0.818640
Train 21, loss: 0.893681, train acc: 0.935290, train avg acc: 0.770076, train iou: 0.825957
Test 21, loss: 0.897106, test acc: 0.928277, test avg acc: 0.768813, test iou: 0.819228
Train 22, loss: 0.894358, train acc: 0.935508, train avg acc: 0.770269, train iou: 0.826376
Test 22, loss: 0.906504, test acc: 0.924246, test avg acc: 0.759520, test iou: 0.807554
Train 23, loss: 0.894159, train acc: 0.935502, train avg acc: 0.769551, train iou: 0.825747
Test 23, loss: 0.884406, test acc: 0.932807, test avg acc: 0.778910, test iou: 0.827149
Train 24, loss: 0.892934, train acc: 0.935611, train avg acc: 0.773303, train iou: 0.826824
Test 24, loss: 0.892962, test acc: 0.929977, test avg acc: 0.768602, test iou: 0.816537
Train 25, loss: 0.891881, train acc: 0.936057, train avg acc: 0.771623, train iou: 0.828155
Test 25, loss: 0.897625, test acc: 0.925497, test avg acc: 0.787753, test iou: 0.819912
Train 26, loss: 0.890403, train acc: 0.936616, train avg acc: 0.781576, train iou: 0.828438
Test 26, loss: 0.891674, test acc: 0.928998, test avg acc: 0.768807, test iou: 0.819164
Train 27, loss: 0.889314, train acc: 0.936930, train avg acc: 0.778449, train iou: 0.829510
Test 27, loss: 0.892630, test acc: 0.932910, test avg acc: 0.757009, test iou: 0.826073
Train 28, loss: 0.890399, train acc: 0.936532, train avg acc: 0.777453, train iou: 0.829097
Test 28, loss: 0.895018, test acc: 0.929274, test avg acc: 0.783517, test iou: 0.820396
Train 29, loss: 0.889700, train acc: 0.936914, train avg acc: 0.779875, train iou: 0.829632
Test 29, loss: 0.883696, test acc: 0.931581, test avg acc: 0.804473, test iou: 0.826962
Train 30, loss: 0.889340, train acc: 0.936918, train avg acc: 0.782470, train iou: 0.829411
Test 30, loss: 0.890476, test acc: 0.931495, test avg acc: 0.770425, test iou: 0.821376
Train 31, loss: 0.888108, train acc: 0.937086, train avg acc: 0.783609, train iou: 0.829787
Test 31, loss: 0.885636, test acc: 0.934007, test avg acc: 0.797002, test iou: 0.831991
Train 32, loss: 0.887682, train acc: 0.937154, train avg acc: 0.780280, train iou: 0.829745
Test 32, loss: 0.890042, test acc: 0.930157, test avg acc: 0.809947, test iou: 0.825935
Train 33, loss: 0.885692, train acc: 0.937890, train avg acc: 0.789540, train iou: 0.832073
Test 33, loss: 0.892137, test acc: 0.930222, test avg acc: 0.789000, test iou: 0.824591
Train 34, loss: 0.886686, train acc: 0.937629, train avg acc: 0.783263, train iou: 0.831481
Test 34, loss: 0.887642, test acc: 0.931556, test avg acc: 0.797552, test iou: 0.826700
Train 35, loss: 0.886586, train acc: 0.937762, train avg acc: 0.786317, train iou: 0.831187
Test 35, loss: 0.887094, test acc: 0.932487, test avg acc: 0.779843, test iou: 0.822212
Train 36, loss: 0.886318, train acc: 0.937568, train avg acc: 0.788661, train iou: 0.830988
Test 36, loss: 0.892072, test acc: 0.927660, test avg acc: 0.762164, test iou: 0.803896
Train 37, loss: 0.885868, train acc: 0.938115, train avg acc: 0.788458, train iou: 0.832951
Test 37, loss: 0.879878, test acc: 0.933857, test avg acc: 0.789863, test iou: 0.830150
Train 38, loss: 0.884959, train acc: 0.938392, train avg acc: 0.786230, train iou: 0.833174
Test 38, loss: 0.885595, test acc: 0.931729, test avg acc: 0.792795, test iou: 0.829764
Train 39, loss: 0.884020, train acc: 0.938647, train avg acc: 0.789645, train iou: 0.832805
Test 39, loss: 0.889578, test acc: 0.931753, test avg acc: 0.760384, test iou: 0.823159
Train 40, loss: 0.882571, train acc: 0.939061, train avg acc: 0.793820, train iou: 0.833757
Test 40, loss: 0.902639, test acc: 0.926429, test avg acc: 0.795063, test iou: 0.821942
Train 41, loss: 0.882837, train acc: 0.938601, train avg acc: 0.793170, train iou: 0.832521
Test 41, loss: 0.890578, test acc: 0.931068, test avg acc: 0.804298, test iou: 0.822239
Train 42, loss: 0.882244, train acc: 0.938964, train avg acc: 0.796979, train iou: 0.833866
Test 42, loss: 0.885661, test acc: 0.932181, test avg acc: 0.829203, test iou: 0.833100
Train 43, loss: 0.882196, train acc: 0.939093, train avg acc: 0.792731, train iou: 0.834319
Test 43, loss: 0.877841, test acc: 0.934549, test avg acc: 0.819244, test iou: 0.830637
Train 44, loss: 0.881397, train acc: 0.939083, train avg acc: 0.794350, train iou: 0.834114
Test 44, loss: 0.900104, test acc: 0.924879, test avg acc: 0.818646, test iou: 0.821631
Train 45, loss: 0.884145, train acc: 0.938240, train avg acc: 0.791000, train iou: 0.833221
Test 45, loss: 0.888216, test acc: 0.931649, test avg acc: 0.814523, test iou: 0.827392
Train 46, loss: 0.882825, train acc: 0.939296, train avg acc: 0.797774, train iou: 0.834607
Test 46, loss: 0.900435, test acc: 0.928831, test avg acc: 0.754504, test iou: 0.821153
Train 47, loss: 0.882943, train acc: 0.938585, train avg acc: 0.791720, train iou: 0.833417
Test 47, loss: 0.881312, test acc: 0.935190, test avg acc: 0.818336, test iou: 0.835596
Train 48, loss: 0.881025, train acc: 0.939396, train avg acc: 0.796466, train iou: 0.834292
Test 48, loss: 0.910288, test acc: 0.924121, test avg acc: 0.796249, test iou: 0.812659
Train 49, loss: 0.879771, train acc: 0.939273, train avg acc: 0.794766, train iou: 0.835069
Test 49, loss: 0.881564, test acc: 0.932750, test avg acc: 0.789284, test iou: 0.818865
Train 50, loss: 0.880919, train acc: 0.939246, train avg acc: 0.798585, train iou: 0.835434
Test 50, loss: 0.899857, test acc: 0.926878, test avg acc: 0.779724, test iou: 0.814244
Train 51, loss: 0.880515, train acc: 0.939228, train avg acc: 0.796046, train iou: 0.834911
Test 51, loss: 0.889649, test acc: 0.929268, test avg acc: 0.819562, test iou: 0.829660
Train 52, loss: 0.880805, train acc: 0.939413, train avg acc: 0.799687, train iou: 0.835180
Test 52, loss: 0.881465, test acc: 0.935005, test avg acc: 0.767220, test iou: 0.828987
Train 53, loss: 0.878456, train acc: 0.939896, train avg acc: 0.799214, train iou: 0.836522
Test 53, loss: 0.886503, test acc: 0.932150, test avg acc: 0.808747, test iou: 0.826813
Train 54, loss: 0.879370, train acc: 0.939752, train avg acc: 0.796758, train iou: 0.835897
Test 54, loss: 0.874594, test acc: 0.936742, test avg acc: 0.833939, test iou: 0.836098
Train 55, loss: 0.880346, train acc: 0.939606, train avg acc: 0.796947, train iou: 0.835193
Test 55, loss: 0.889111, test acc: 0.931903, test avg acc: 0.798068, test iou: 0.828067
Train 56, loss: 0.876413, train acc: 0.941009, train avg acc: 0.802491, train iou: 0.838120
Test 56, loss: 0.874202, test acc: 0.935778, test avg acc: 0.818988, test iou: 0.835300
Train 57, loss: 0.879390, train acc: 0.939700, train avg acc: 0.797105, train iou: 0.836279
Test 57, loss: 0.876498, test acc: 0.934450, test avg acc: 0.805009, test iou: 0.830191
Train 58, loss: 0.878515, train acc: 0.940380, train avg acc: 0.804514, train iou: 0.837584
Test 58, loss: 0.890202, test acc: 0.933338, test avg acc: 0.785614, test iou: 0.827231
Train 59, loss: 0.877972, train acc: 0.940095, train avg acc: 0.800860, train iou: 0.837091
Test 59, loss: 0.890059, test acc: 0.932760, test avg acc: 0.793031, test iou: 0.831762
Train 60, loss: 0.876704, train acc: 0.940678, train avg acc: 0.800800, train iou: 0.837266
Test 60, loss: 0.882986, test acc: 0.933189, test avg acc: 0.826796, test iou: 0.825168
Train 61, loss: 0.875752, train acc: 0.941135, train avg acc: 0.806465, train iou: 0.838214
Test 61, loss: 0.908621, test acc: 0.923566, test avg acc: 0.823086, test iou: 0.806274
Train 62, loss: 0.877486, train acc: 0.940341, train avg acc: 0.801921, train iou: 0.836327
Test 62, loss: 0.899630, test acc: 0.927273, test avg acc: 0.787831, test iou: 0.823281
Train 63, loss: 0.876364, train acc: 0.940768, train avg acc: 0.804567, train iou: 0.838397
Test 63, loss: 0.898404, test acc: 0.925905, test avg acc: 0.824664, test iou: 0.827823
Train 64, loss: 0.875972, train acc: 0.940814, train avg acc: 0.802770, train iou: 0.838099
Test 64, loss: 0.892252, test acc: 0.930627, test avg acc: 0.829973, test iou: 0.819760
Train 65, loss: 0.875573, train acc: 0.940866, train avg acc: 0.801281, train iou: 0.837656
Test 65, loss: 0.878094, test acc: 0.934252, test avg acc: 0.823770, test iou: 0.834061
Train 66, loss: 0.874560, train acc: 0.941329, train avg acc: 0.807993, train iou: 0.839101
Test 66, loss: 0.875168, test acc: 0.936038, test avg acc: 0.790301, test iou: 0.833640
Train 67, loss: 0.875088, train acc: 0.940976, train avg acc: 0.808541, train iou: 0.837775
Test 67, loss: 0.888737, test acc: 0.930443, test avg acc: 0.797904, test iou: 0.829827
Train 68, loss: 0.876031, train acc: 0.940722, train avg acc: 0.802331, train iou: 0.838026
Test 68, loss: 0.877869, test acc: 0.934968, test avg acc: 0.834933, test iou: 0.837543
Train 69, loss: 0.875251, train acc: 0.941101, train avg acc: 0.805971, train iou: 0.838526
Test 69, loss: 0.877961, test acc: 0.935286, test avg acc: 0.817270, test iou: 0.836309
Train 70, loss: 0.873798, train acc: 0.941625, train avg acc: 0.804816, train iou: 0.839569
Test 70, loss: 0.879007, test acc: 0.933794, test avg acc: 0.822696, test iou: 0.831099
Train 71, loss: 0.873144, train acc: 0.941772, train avg acc: 0.809628, train iou: 0.838950
Test 71, loss: 0.878286, test acc: 0.935995, test avg acc: 0.832703, test iou: 0.835082
Train 72, loss: 0.874498, train acc: 0.941268, train avg acc: 0.807453, train iou: 0.838984
Test 72, loss: 0.925580, test acc: 0.921081, test avg acc: 0.739820, test iou: 0.813126
Train 73, loss: 0.874889, train acc: 0.941016, train avg acc: 0.803230, train iou: 0.838618
Test 73, loss: 0.877979, test acc: 0.935519, test avg acc: 0.799730, test iou: 0.835667
Train 74, loss: 0.875735, train acc: 0.940921, train avg acc: 0.802650, train iou: 0.838523
Test 74, loss: 0.885588, test acc: 0.930692, test avg acc: 0.819825, test iou: 0.831164
Train 75, loss: 0.872938, train acc: 0.942075, train avg acc: 0.812602, train iou: 0.840286
Test 75, loss: 0.878707, test acc: 0.933731, test avg acc: 0.823777, test iou: 0.835392
Train 76, loss: 0.870928, train acc: 0.942238, train avg acc: 0.808087, train iou: 0.840100
Test 76, loss: 0.882023, test acc: 0.932985, test avg acc: 0.836848, test iou: 0.830711
Train 77, loss: 0.871702, train acc: 0.942470, train avg acc: 0.810604, train iou: 0.841584
Test 77, loss: 0.890789, test acc: 0.929581, test avg acc: 0.817554, test iou: 0.832699
Train 78, loss: 0.869890, train acc: 0.943025, train avg acc: 0.812783, train iou: 0.841198
Test 78, loss: 0.878881, test acc: 0.933758, test avg acc: 0.816155, test iou: 0.833492
Train 79, loss: 0.870510, train acc: 0.943097, train avg acc: 0.816925, train iou: 0.841411
Test 79, loss: 0.872801, test acc: 0.937469, test avg acc: 0.832635, test iou: 0.839298
Train 80, loss: 0.870078, train acc: 0.942691, train avg acc: 0.814144, train iou: 0.841649
Test 80, loss: 0.910665, test acc: 0.920712, test avg acc: 0.793389, test iou: 0.815460
Train 81, loss: 0.873114, train acc: 0.941853, train avg acc: 0.810207, train iou: 0.839842
Test 81, loss: 0.883367, test acc: 0.932211, test avg acc: 0.823586, test iou: 0.831932
Train 82, loss: 0.869201, train acc: 0.942936, train avg acc: 0.811397, train iou: 0.841388
Test 82, loss: 0.877979, test acc: 0.934643, test avg acc: 0.808803, test iou: 0.832833
Train 83, loss: 0.870541, train acc: 0.942368, train avg acc: 0.812459, train iou: 0.840477
Test 83, loss: 0.888118, test acc: 0.931424, test avg acc: 0.816218, test iou: 0.826022
Train 84, loss: 0.869321, train acc: 0.943088, train avg acc: 0.814228, train iou: 0.841877
Test 84, loss: 0.868197, test acc: 0.936742, test avg acc: 0.839528, test iou: 0.837712
Train 85, loss: 0.870195, train acc: 0.942890, train avg acc: 0.810925, train iou: 0.841938
Test 85, loss: 0.879643, test acc: 0.933080, test avg acc: 0.804480, test iou: 0.828842
Train 86, loss: 0.871281, train acc: 0.942411, train avg acc: 0.807094, train iou: 0.840678
Test 86, loss: 0.877101, test acc: 0.935158, test avg acc: 0.814732, test iou: 0.838194
Train 87, loss: 0.870052, train acc: 0.942802, train avg acc: 0.816849, train iou: 0.841236
Test 87, loss: 0.889154, test acc: 0.929692, test avg acc: 0.819845, test iou: 0.824525
Train 88, loss: 0.870059, train acc: 0.942731, train avg acc: 0.811605, train iou: 0.841221
Test 88, loss: 0.874868, test acc: 0.936835, test avg acc: 0.823432, test iou: 0.839460
Train 89, loss: 0.868183, train acc: 0.943244, train avg acc: 0.817444, train iou: 0.842759
Test 89, loss: 0.902038, test acc: 0.926220, test avg acc: 0.791405, test iou: 0.810851
Train 90, loss: 0.866809, train acc: 0.943786, train avg acc: 0.816800, train iou: 0.843083
Test 90, loss: 0.878088, test acc: 0.934981, test avg acc: 0.802101, test iou: 0.835032
Train 91, loss: 0.866618, train acc: 0.943824, train avg acc: 0.818001, train iou: 0.843404
Test 91, loss: 0.883132, test acc: 0.932739, test avg acc: 0.819995, test iou: 0.832202
Train 92, loss: 0.867142, train acc: 0.943469, train avg acc: 0.814042, train iou: 0.842168
Test 92, loss: 0.885028, test acc: 0.930955, test avg acc: 0.815790, test iou: 0.824887
Train 93, loss: 0.866949, train acc: 0.943683, train avg acc: 0.817482, train iou: 0.842224
Test 93, loss: 0.873492, test acc: 0.936808, test avg acc: 0.824132, test iou: 0.840960
Train 94, loss: 0.868152, train acc: 0.943282, train avg acc: 0.815369, train iou: 0.843135
Test 94, loss: 0.875486, test acc: 0.935388, test avg acc: 0.836561, test iou: 0.837012
Train 95, loss: 0.865551, train acc: 0.944086, train avg acc: 0.818947, train iou: 0.843327
Test 95, loss: 0.891053, test acc: 0.930429, test avg acc: 0.803398, test iou: 0.828978
Train 96, loss: 0.867199, train acc: 0.944064, train avg acc: 0.819044, train iou: 0.842891
Test 96, loss: 0.873630, test acc: 0.936444, test avg acc: 0.825900, test iou: 0.839439
Train 97, loss: 0.864623, train acc: 0.944712, train avg acc: 0.817673, train iou: 0.844547
Test 97, loss: 0.881121, test acc: 0.931908, test avg acc: 0.830778, test iou: 0.832485
Train 98, loss: 0.866428, train acc: 0.943785, train avg acc: 0.814835, train iou: 0.843769
Test 98, loss: 0.881210, test acc: 0.933127, test avg acc: 0.797495, test iou: 0.832715
Train 99, loss: 0.866757, train acc: 0.943789, train avg acc: 0.813543, train iou: 0.842748
Test 99, loss: 0.876676, test acc: 0.935844, test avg acc: 0.838359, test iou: 0.843307
Train 100, loss: 0.863584, train acc: 0.944836, train avg acc: 0.822189, train iou: 0.845375
Test 100, loss: 0.869158, test acc: 0.937582, test avg acc: 0.813562, test iou: 0.840370
Train 101, loss: 0.863775, train acc: 0.944704, train avg acc: 0.819766, train iou: 0.845640
Test 101, loss: 0.882263, test acc: 0.935597, test avg acc: 0.827770, test iou: 0.838294
Train 102, loss: 0.865442, train acc: 0.944160, train avg acc: 0.819395, train iou: 0.843983
Test 102, loss: 0.875265, test acc: 0.935997, test avg acc: 0.827057, test iou: 0.838937
Train 103, loss: 0.862330, train acc: 0.945280, train avg acc: 0.824988, train iou: 0.846301
Test 103, loss: 0.878634, test acc: 0.933959, test avg acc: 0.827389, test iou: 0.836756
Train 104, loss: 0.863595, train acc: 0.944901, train avg acc: 0.818824, train iou: 0.844784
Test 104, loss: 0.894987, test acc: 0.928656, test avg acc: 0.844803, test iou: 0.812514
Train 105, loss: 0.863638, train acc: 0.944833, train avg acc: 0.821100, train iou: 0.844821
Test 105, loss: 0.875861, test acc: 0.935162, test avg acc: 0.835233, test iou: 0.838588
Train 106, loss: 0.864231, train acc: 0.944699, train avg acc: 0.823640, train iou: 0.845112
Test 106, loss: 0.882410, test acc: 0.932526, test avg acc: 0.835046, test iou: 0.828189
Train 107, loss: 0.859532, train acc: 0.946260, train avg acc: 0.827641, train iou: 0.846644
Test 107, loss: 0.868345, test acc: 0.938153, test avg acc: 0.833518, test iou: 0.840544
Train 108, loss: 0.860090, train acc: 0.946085, train avg acc: 0.825363, train iou: 0.847345
Test 108, loss: 0.875832, test acc: 0.935292, test avg acc: 0.827986, test iou: 0.842278
Train 109, loss: 0.860042, train acc: 0.946031, train avg acc: 0.827739, train iou: 0.847084
Test 109, loss: 0.885887, test acc: 0.932877, test avg acc: 0.837648, test iou: 0.833938
Train 110, loss: 0.861524, train acc: 0.945882, train avg acc: 0.823900, train iou: 0.846360
Test 110, loss: 0.887000, test acc: 0.932905, test avg acc: 0.776798, test iou: 0.827833
Train 111, loss: 0.861429, train acc: 0.945363, train avg acc: 0.823874, train iou: 0.845610
Test 111, loss: 0.871740, test acc: 0.937392, test avg acc: 0.830783, test iou: 0.840943
Train 112, loss: 0.862706, train acc: 0.945228, train avg acc: 0.824101, train iou: 0.845925
Test 112, loss: 0.872548, test acc: 0.936223, test avg acc: 0.837887, test iou: 0.842351
Train 113, loss: 0.861742, train acc: 0.945255, train avg acc: 0.824007, train iou: 0.846726
Test 113, loss: 0.875669, test acc: 0.934825, test avg acc: 0.830860, test iou: 0.837179
Train 114, loss: 0.861911, train acc: 0.945540, train avg acc: 0.825117, train iou: 0.846269
Test 114, loss: 0.869427, test acc: 0.938081, test avg acc: 0.834473, test iou: 0.838838
Train 115, loss: 0.859571, train acc: 0.946144, train avg acc: 0.828229, train iou: 0.847493
Test 115, loss: 0.867836, test acc: 0.939679, test avg acc: 0.840942, test iou: 0.842818
Train 116, loss: 0.857317, train acc: 0.947114, train avg acc: 0.828968, train iou: 0.848785
Test 116, loss: 0.876147, test acc: 0.934368, test avg acc: 0.829398, test iou: 0.837829
Train 117, loss: 0.859692, train acc: 0.945954, train avg acc: 0.826952, train iou: 0.847289
Test 117, loss: 0.873027, test acc: 0.936949, test avg acc: 0.819930, test iou: 0.833714
Train 118, loss: 0.858907, train acc: 0.946506, train avg acc: 0.827645, train iou: 0.847138
Test 118, loss: 0.873768, test acc: 0.937267, test avg acc: 0.820582, test iou: 0.833811
Train 119, loss: 0.855785, train acc: 0.947267, train avg acc: 0.829930, train iou: 0.849201
Test 119, loss: 0.872238, test acc: 0.936650, test avg acc: 0.814887, test iou: 0.839983
Train 120, loss: 0.860640, train acc: 0.945796, train avg acc: 0.828590, train iou: 0.846936
Test 120, loss: 0.870834, test acc: 0.936773, test avg acc: 0.819296, test iou: 0.839527
Train 121, loss: 0.855357, train acc: 0.947525, train avg acc: 0.833405, train iou: 0.849481
Test 121, loss: 0.876605, test acc: 0.934640, test avg acc: 0.834419, test iou: 0.836330
Train 122, loss: 0.855328, train acc: 0.947841, train avg acc: 0.831155, train iou: 0.849470
Test 122, loss: 0.871019, test acc: 0.937685, test avg acc: 0.846501, test iou: 0.838878
Train 123, loss: 0.855600, train acc: 0.947725, train avg acc: 0.832156, train iou: 0.849965
Test 123, loss: 0.871325, test acc: 0.938411, test avg acc: 0.838307, test iou: 0.841522
Train 124, loss: 0.855201, train acc: 0.947771, train avg acc: 0.832658, train iou: 0.849549
Test 124, loss: 0.884156, test acc: 0.933022, test avg acc: 0.824421, test iou: 0.824388
Train 125, loss: 0.855875, train acc: 0.947253, train avg acc: 0.830586, train iou: 0.847944
Test 125, loss: 0.887478, test acc: 0.932410, test avg acc: 0.824771, test iou: 0.835752
Train 126, loss: 0.857032, train acc: 0.946855, train avg acc: 0.829172, train iou: 0.848291
Test 126, loss: 0.871570, test acc: 0.936614, test avg acc: 0.832350, test iou: 0.841043
Train 127, loss: 0.857422, train acc: 0.946840, train avg acc: 0.830663, train iou: 0.848745
Test 127, loss: 0.869976, test acc: 0.938413, test avg acc: 0.837393, test iou: 0.844213
Train 128, loss: 0.854183, train acc: 0.947867, train avg acc: 0.836991, train iou: 0.849736
Test 128, loss: 0.876684, test acc: 0.934915, test avg acc: 0.826746, test iou: 0.831928
Train 129, loss: 0.853001, train acc: 0.948292, train avg acc: 0.834430, train iou: 0.851395
Test 129, loss: 0.873920, test acc: 0.935507, test avg acc: 0.826596, test iou: 0.835611
Train 130, loss: 0.852166, train acc: 0.948682, train avg acc: 0.836652, train iou: 0.851734
Test 130, loss: 0.875509, test acc: 0.936878, test avg acc: 0.810222, test iou: 0.839289
Train 131, loss: 0.850620, train acc: 0.949285, train avg acc: 0.838133, train iou: 0.852310
Test 131, loss: 0.883855, test acc: 0.932523, test avg acc: 0.833701, test iou: 0.832145
Train 132, loss: 0.852438, train acc: 0.948378, train avg acc: 0.834601, train iou: 0.850772
Test 132, loss: 0.869231, test acc: 0.937855, test avg acc: 0.851578, test iou: 0.840446
Train 133, loss: 0.853121, train acc: 0.948239, train avg acc: 0.838040, train iou: 0.850628
Test 133, loss: 0.872895, test acc: 0.936635, test avg acc: 0.836275, test iou: 0.835922
Train 134, loss: 0.852204, train acc: 0.948711, train avg acc: 0.834985, train iou: 0.851395
Test 134, loss: 0.865821, test acc: 0.939139, test avg acc: 0.854643, test iou: 0.843718
Train 135, loss: 0.849205, train acc: 0.949893, train avg acc: 0.842510, train iou: 0.853284
Test 135, loss: 0.868547, test acc: 0.938415, test avg acc: 0.833353, test iou: 0.845220
Train 136, loss: 0.851048, train acc: 0.949031, train avg acc: 0.836113, train iou: 0.851992
Test 136, loss: 0.868452, test acc: 0.938790, test avg acc: 0.837595, test iou: 0.842942
Train 137, loss: 0.852835, train acc: 0.948265, train avg acc: 0.833183, train iou: 0.850294
Test 137, loss: 0.870081, test acc: 0.937898, test avg acc: 0.840869, test iou: 0.840939
Train 138, loss: 0.850306, train acc: 0.949152, train avg acc: 0.838967, train iou: 0.851890
Test 138, loss: 0.862639, test acc: 0.940773, test avg acc: 0.839712, test iou: 0.845505
Train 139, loss: 0.850486, train acc: 0.949151, train avg acc: 0.839993, train iou: 0.851719
Test 139, loss: 0.878193, test acc: 0.934064, test avg acc: 0.842221, test iou: 0.836813
Train 140, loss: 0.851640, train acc: 0.948757, train avg acc: 0.840732, train iou: 0.851167
Test 140, loss: 0.871347, test acc: 0.938232, test avg acc: 0.847234, test iou: 0.845651
Train 141, loss: 0.848109, train acc: 0.950123, train avg acc: 0.839279, train iou: 0.853966
Test 141, loss: 0.873502, test acc: 0.937461, test avg acc: 0.845105, test iou: 0.842814
Train 142, loss: 0.849397, train acc: 0.949772, train avg acc: 0.843644, train iou: 0.852777
Test 142, loss: 0.872401, test acc: 0.938164, test avg acc: 0.842804, test iou: 0.843952
Train 143, loss: 0.851100, train acc: 0.948835, train avg acc: 0.839252, train iou: 0.851802
Test 143, loss: 0.870040, test acc: 0.936765, test avg acc: 0.835975, test iou: 0.837192
Train 144, loss: 0.847653, train acc: 0.950232, train avg acc: 0.843204, train iou: 0.854270
Test 144, loss: 0.865196, test acc: 0.939220, test avg acc: 0.837773, test iou: 0.839951
Train 145, loss: 0.845459, train acc: 0.950948, train avg acc: 0.845145, train iou: 0.855507
Test 145, loss: 0.867390, test acc: 0.939535, test avg acc: 0.842312, test iou: 0.840289
Train 146, loss: 0.844520, train acc: 0.951316, train avg acc: 0.845151, train iou: 0.856119
Test 146, loss: 0.866343, test acc: 0.939621, test avg acc: 0.827270, test iou: 0.844910
Train 147, loss: 0.846643, train acc: 0.950427, train avg acc: 0.842342, train iou: 0.854903
Test 147, loss: 0.876772, test acc: 0.936978, test avg acc: 0.814583, test iou: 0.840223
Train 148, loss: 0.847320, train acc: 0.950551, train avg acc: 0.842551, train iou: 0.854459
Test 148, loss: 0.868853, test acc: 0.936959, test avg acc: 0.840068, test iou: 0.839001
Train 149, loss: 0.844654, train acc: 0.951118, train avg acc: 0.846164, train iou: 0.855128
Test 149, loss: 0.870714, test acc: 0.938325, test avg acc: 0.842349, test iou: 0.840322
Train 150, loss: 0.843829, train acc: 0.951711, train avg acc: 0.845554, train iou: 0.856757
Test 150, loss: 0.870838, test acc: 0.936996, test avg acc: 0.834628, test iou: 0.837959
Train 151, loss: 0.844463, train acc: 0.951405, train avg acc: 0.847631, train iou: 0.856405
Test 151, loss: 0.863758, test acc: 0.941032, test avg acc: 0.840035, test iou: 0.846058
Train 152, loss: 0.844292, train acc: 0.951334, train avg acc: 0.848180, train iou: 0.855885
Test 152, loss: 0.869851, test acc: 0.937765, test avg acc: 0.815999, test iou: 0.842516
Train 153, loss: 0.843901, train acc: 0.951573, train avg acc: 0.848798, train iou: 0.856519
Test 153, loss: 0.868916, test acc: 0.938224, test avg acc: 0.844989, test iou: 0.843454
Train 154, loss: 0.842356, train acc: 0.952240, train avg acc: 0.849642, train iou: 0.857262
Test 154, loss: 0.869062, test acc: 0.939792, test avg acc: 0.841243, test iou: 0.845781
Train 155, loss: 0.841803, train acc: 0.952071, train avg acc: 0.850457, train iou: 0.857630
Test 155, loss: 0.867627, test acc: 0.940456, test avg acc: 0.847876, test iou: 0.845848
Train 156, loss: 0.841010, train acc: 0.952535, train avg acc: 0.850489, train iou: 0.858339
Test 156, loss: 0.868043, test acc: 0.938960, test avg acc: 0.843521, test iou: 0.841610
Train 157, loss: 0.841974, train acc: 0.952255, train avg acc: 0.848726, train iou: 0.857427
Test 157, loss: 0.866526, test acc: 0.939542, test avg acc: 0.844502, test iou: 0.845585
Train 158, loss: 0.842000, train acc: 0.952317, train avg acc: 0.849156, train iou: 0.857287
Test 158, loss: 0.869623, test acc: 0.938957, test avg acc: 0.843460, test iou: 0.843214
Train 159, loss: 0.839365, train acc: 0.953182, train avg acc: 0.852829, train iou: 0.858553
Test 159, loss: 0.875759, test acc: 0.933981, test avg acc: 0.830855, test iou: 0.824512
Train 160, loss: 0.838873, train acc: 0.953353, train avg acc: 0.853843, train iou: 0.858714
Test 160, loss: 0.867884, test acc: 0.938866, test avg acc: 0.848519, test iou: 0.838312
Train 161, loss: 0.841318, train acc: 0.952488, train avg acc: 0.850157, train iou: 0.857870
Test 161, loss: 0.864593, test acc: 0.940348, test avg acc: 0.846797, test iou: 0.847413
Train 162, loss: 0.838950, train acc: 0.953230, train avg acc: 0.853239, train iou: 0.859780
Test 162, loss: 0.879556, test acc: 0.934746, test avg acc: 0.842985, test iou: 0.835079
Train 163, loss: 0.840020, train acc: 0.952805, train avg acc: 0.852023, train iou: 0.858986
Test 163, loss: 0.869689, test acc: 0.938882, test avg acc: 0.842634, test iou: 0.839996
Train 164, loss: 0.839357, train acc: 0.953178, train avg acc: 0.852692, train iou: 0.859455
Test 164, loss: 0.862044, test acc: 0.941558, test avg acc: 0.848758, test iou: 0.848866
Train 165, loss: 0.836982, train acc: 0.953984, train avg acc: 0.856692, train iou: 0.860821
Test 165, loss: 0.866590, test acc: 0.939390, test avg acc: 0.840599, test iou: 0.844950
Train 166, loss: 0.835843, train acc: 0.954390, train avg acc: 0.856553, train iou: 0.861292
Test 166, loss: 0.869672, test acc: 0.937972, test avg acc: 0.843930, test iou: 0.840837
Train 167, loss: 0.835412, train acc: 0.954390, train avg acc: 0.856087, train iou: 0.862058
Test 167, loss: 0.869969, test acc: 0.938810, test avg acc: 0.841927, test iou: 0.842103
Train 168, loss: 0.836689, train acc: 0.954101, train avg acc: 0.855476, train iou: 0.860958
Test 168, loss: 0.863204, test acc: 0.941018, test avg acc: 0.848325, test iou: 0.847696
Train 169, loss: 0.836279, train acc: 0.954266, train avg acc: 0.856318, train iou: 0.861393
Test 169, loss: 0.869544, test acc: 0.938573, test avg acc: 0.837800, test iou: 0.840530
Train 170, loss: 0.835137, train acc: 0.954709, train avg acc: 0.857965, train iou: 0.861673
Test 170, loss: 0.867055, test acc: 0.939096, test avg acc: 0.846768, test iou: 0.840789
Train 171, loss: 0.834398, train acc: 0.954896, train avg acc: 0.857850, train iou: 0.863042
Test 171, loss: 0.866043, test acc: 0.940457, test avg acc: 0.850519, test iou: 0.846087
Train 172, loss: 0.832957, train acc: 0.955537, train avg acc: 0.857862, train iou: 0.863794
Test 172, loss: 0.865345, test acc: 0.939814, test avg acc: 0.844520, test iou: 0.845928
Train 173, loss: 0.834081, train acc: 0.955022, train avg acc: 0.858217, train iou: 0.862968
Test 173, loss: 0.865011, test acc: 0.940556, test avg acc: 0.840573, test iou: 0.846156
Train 174, loss: 0.832856, train acc: 0.955460, train avg acc: 0.861291, train iou: 0.863665
Test 174, loss: 0.862433, test acc: 0.941324, test avg acc: 0.849770, test iou: 0.846869
Train 175, loss: 0.830992, train acc: 0.956224, train avg acc: 0.860669, train iou: 0.865653
Test 175, loss: 0.863576, test acc: 0.940507, test avg acc: 0.850990, test iou: 0.844127
Train 176, loss: 0.831133, train acc: 0.956140, train avg acc: 0.860601, train iou: 0.864755
Test 176, loss: 0.872163, test acc: 0.938656, test avg acc: 0.843273, test iou: 0.841603
Train 177, loss: 0.831658, train acc: 0.955802, train avg acc: 0.860501, train iou: 0.864567
Test 177, loss: 0.868266, test acc: 0.940173, test avg acc: 0.844497, test iou: 0.847962
Train 178, loss: 0.830043, train acc: 0.956648, train avg acc: 0.863398, train iou: 0.866628
Test 178, loss: 0.859700, test acc: 0.942443, test avg acc: 0.851148, test iou: 0.849411
Train 179, loss: 0.831711, train acc: 0.955810, train avg acc: 0.861235, train iou: 0.864251
Test 179, loss: 0.864715, test acc: 0.941609, test avg acc: 0.851727, test iou: 0.848270
Train 180, loss: 0.831901, train acc: 0.955901, train avg acc: 0.860237, train iou: 0.864290
Test 180, loss: 0.866733, test acc: 0.940454, test avg acc: 0.848149, test iou: 0.847096
Train 181, loss: 0.830048, train acc: 0.956616, train avg acc: 0.863159, train iou: 0.866072
Test 181, loss: 0.863868, test acc: 0.940173, test avg acc: 0.845359, test iou: 0.844589
Train 182, loss: 0.829137, train acc: 0.956850, train avg acc: 0.865016, train iou: 0.866039
Test 182, loss: 0.870306, test acc: 0.939606, test avg acc: 0.849148, test iou: 0.844635
Train 183, loss: 0.828568, train acc: 0.957189, train avg acc: 0.863707, train iou: 0.867783
Test 183, loss: 0.862237, test acc: 0.941858, test avg acc: 0.852577, test iou: 0.848824
Train 184, loss: 0.827285, train acc: 0.957517, train avg acc: 0.865803, train iou: 0.867730
Test 184, loss: 0.865245, test acc: 0.940281, test avg acc: 0.851391, test iou: 0.842851
Train 185, loss: 0.827766, train acc: 0.957310, train avg acc: 0.865453, train iou: 0.867476
Test 185, loss: 0.866559, test acc: 0.939879, test avg acc: 0.844047, test iou: 0.846174
Train 186, loss: 0.826267, train acc: 0.957952, train avg acc: 0.866985, train iou: 0.869224
Test 186, loss: 0.864768, test acc: 0.941418, test avg acc: 0.853868, test iou: 0.849147
Train 187, loss: 0.826719, train acc: 0.957615, train avg acc: 0.865414, train iou: 0.867712
Test 187, loss: 0.864715, test acc: 0.941293, test avg acc: 0.847708, test iou: 0.846801
Train 188, loss: 0.827365, train acc: 0.957583, train avg acc: 0.866582, train iou: 0.867969
Test 188, loss: 0.860522, test acc: 0.941993, test avg acc: 0.848460, test iou: 0.848773
Train 189, loss: 0.824656, train acc: 0.958592, train avg acc: 0.868842, train iou: 0.870271
Test 189, loss: 0.863493, test acc: 0.941075, test avg acc: 0.838551, test iou: 0.848012
Train 190, loss: 0.824435, train acc: 0.958719, train avg acc: 0.869436, train iou: 0.869655
Test 190, loss: 0.859649, test acc: 0.942880, test avg acc: 0.851215, test iou: 0.852214
Train 191, loss: 0.824253, train acc: 0.958743, train avg acc: 0.869488, train iou: 0.870132
Test 191, loss: 0.864025, test acc: 0.941995, test avg acc: 0.851099, test iou: 0.852013
Train 192, loss: 0.823784, train acc: 0.958885, train avg acc: 0.870325, train iou: 0.870220
Test 192, loss: 0.858339, test acc: 0.942757, test avg acc: 0.848270, test iou: 0.848099
Train 193, loss: 0.823581, train acc: 0.959014, train avg acc: 0.870751, train iou: 0.870975
Test 193, loss: 0.862282, test acc: 0.941842, test avg acc: 0.853838, test iou: 0.847943
Train 194, loss: 0.822679, train acc: 0.959264, train avg acc: 0.871878, train iou: 0.871529
Test 194, loss: 0.861165, test acc: 0.942191, test avg acc: 0.853472, test iou: 0.848756
Train 195, loss: 0.822501, train acc: 0.959387, train avg acc: 0.871791, train iou: 0.871259
Test 195, loss: 0.863315, test acc: 0.942321, test avg acc: 0.846422, test iou: 0.845098
Train 196, loss: 0.822247, train acc: 0.959506, train avg acc: 0.871488, train iou: 0.871979
Test 196, loss: 0.863151, test acc: 0.942039, test avg acc: 0.852903, test iou: 0.847955
Train 197, loss: 0.821553, train acc: 0.959772, train avg acc: 0.872867, train iou: 0.872485
Test 197, loss: 0.864432, test acc: 0.942407, test avg acc: 0.846886, test iou: 0.849812
Train 198, loss: 0.820334, train acc: 0.960145, train avg acc: 0.873643, train iou: 0.873540
Test 198, loss: 0.859091, test acc: 0.942286, test avg acc: 0.849560, test iou: 0.847838
Train 199, loss: 0.819757, train acc: 0.960430, train avg acc: 0.874416, train iou: 0.874271
Test 199, loss: 0.858872, test acc: 0.943391, test avg acc: 0.850146, test iou: 0.849214
Train 200, loss: 0.820124, train acc: 0.960187, train avg acc: 0.875789, train iou: 0.873733
Test 200, loss: 0.860074, test acc: 0.941825, test avg acc: 0.848081, test iou: 0.847205
Train 201, loss: 0.820028, train acc: 0.960343, train avg acc: 0.874630, train iou: 0.874078
Test 201, loss: 0.862893, test acc: 0.942363, test avg acc: 0.845177, test iou: 0.851765
Train 202, loss: 0.818948, train acc: 0.960745, train avg acc: 0.875224, train iou: 0.874367
Test 202, loss: 0.860805, test acc: 0.942415, test avg acc: 0.847345, test iou: 0.851362
Train 203, loss: 0.818848, train acc: 0.960901, train avg acc: 0.874823, train iou: 0.875525
Test 203, loss: 0.857812, test acc: 0.943966, test avg acc: 0.855874, test iou: 0.851378
Train 204, loss: 0.818788, train acc: 0.960893, train avg acc: 0.876565, train iou: 0.874711
Test 204, loss: 0.859053, test acc: 0.942661, test avg acc: 0.852629, test iou: 0.847458
Train 205, loss: 0.817271, train acc: 0.961316, train avg acc: 0.877246, train iou: 0.876186
Test 205, loss: 0.861080, test acc: 0.941953, test avg acc: 0.855299, test iou: 0.850491
Train 206, loss: 0.817158, train acc: 0.961491, train avg acc: 0.876720, train iou: 0.876134
Test 206, loss: 0.860912, test acc: 0.942093, test avg acc: 0.856187, test iou: 0.847251
Train 207, loss: 0.815682, train acc: 0.961911, train avg acc: 0.878813, train iou: 0.877715
Test 207, loss: 0.862162, test acc: 0.943197, test avg acc: 0.857944, test iou: 0.851043
Train 208, loss: 0.816024, train acc: 0.961816, train avg acc: 0.878762, train iou: 0.876931
Test 208, loss: 0.860711, test acc: 0.942793, test avg acc: 0.855106, test iou: 0.851862
Train 209, loss: 0.815250, train acc: 0.962029, train avg acc: 0.879277, train iou: 0.878066
Test 209, loss: 0.860283, test acc: 0.943099, test avg acc: 0.854559, test iou: 0.851111
Train 210, loss: 0.815582, train acc: 0.962078, train avg acc: 0.878988, train iou: 0.877583
Test 210, loss: 0.859190, test acc: 0.943778, test avg acc: 0.853276, test iou: 0.848937
Train 211, loss: 0.814660, train acc: 0.962334, train avg acc: 0.879827, train iou: 0.878577
Test 211, loss: 0.858101, test acc: 0.943832, test avg acc: 0.857109, test iou: 0.851784
Train 212, loss: 0.814485, train acc: 0.962411, train avg acc: 0.880526, train iou: 0.878533
Test 212, loss: 0.858056, test acc: 0.943903, test avg acc: 0.853490, test iou: 0.852550
Train 213, loss: 0.813771, train acc: 0.962698, train avg acc: 0.881631, train iou: 0.879013
Test 213, loss: 0.862477, test acc: 0.942650, test avg acc: 0.854009, test iou: 0.851163
Train 214, loss: 0.813416, train acc: 0.962858, train avg acc: 0.881784, train iou: 0.879712
Test 214, loss: 0.861127, test acc: 0.944005, test avg acc: 0.852282, test iou: 0.853325
Train 215, loss: 0.813331, train acc: 0.962933, train avg acc: 0.880858, train iou: 0.879851
Test 215, loss: 0.861861, test acc: 0.942443, test avg acc: 0.851937, test iou: 0.848837
Train 216, loss: 0.812783, train acc: 0.963235, train avg acc: 0.882516, train iou: 0.880341
Test 216, loss: 0.862143, test acc: 0.943037, test avg acc: 0.850091, test iou: 0.851048
Train 217, loss: 0.812494, train acc: 0.963218, train avg acc: 0.882241, train iou: 0.880403
Test 217, loss: 0.862352, test acc: 0.943274, test avg acc: 0.850847, test iou: 0.853097
Train 218, loss: 0.812225, train acc: 0.963274, train avg acc: 0.883357, train iou: 0.881101
Test 218, loss: 0.858694, test acc: 0.943562, test avg acc: 0.849272, test iou: 0.852333
Train 219, loss: 0.811810, train acc: 0.963592, train avg acc: 0.884093, train iou: 0.881297
Test 219, loss: 0.860899, test acc: 0.943259, test avg acc: 0.853408, test iou: 0.851752
Train 220, loss: 0.811127, train acc: 0.963760, train avg acc: 0.884793, train iou: 0.882301
Test 220, loss: 0.860059, test acc: 0.943800, test avg acc: 0.848812, test iou: 0.851582
Train 221, loss: 0.810525, train acc: 0.963956, train avg acc: 0.884210, train iou: 0.882021
Test 221, loss: 0.860110, test acc: 0.943709, test avg acc: 0.854327, test iou: 0.850972
Train 222, loss: 0.810490, train acc: 0.964142, train avg acc: 0.884324, train iou: 0.882551
Test 222, loss: 0.859990, test acc: 0.943252, test avg acc: 0.854512, test iou: 0.850428
Train 223, loss: 0.810287, train acc: 0.964160, train avg acc: 0.885537, train iou: 0.882905
Test 223, loss: 0.860003, test acc: 0.943597, test avg acc: 0.850858, test iou: 0.850724
Train 224, loss: 0.810217, train acc: 0.964212, train avg acc: 0.885965, train iou: 0.883272
Test 224, loss: 0.860141, test acc: 0.943177, test avg acc: 0.857221, test iou: 0.850954
Train 225, loss: 0.809532, train acc: 0.964500, train avg acc: 0.885935, train iou: 0.884237
Test 225, loss: 0.860432, test acc: 0.943814, test avg acc: 0.853461, test iou: 0.851270
Train 226, loss: 0.809568, train acc: 0.964420, train avg acc: 0.884836, train iou: 0.884012
Test 226, loss: 0.860199, test acc: 0.943991, test avg acc: 0.852427, test iou: 0.851333
Train 227, loss: 0.809004, train acc: 0.964568, train avg acc: 0.887163, train iou: 0.884269
Test 227, loss: 0.860421, test acc: 0.944035, test avg acc: 0.852149, test iou: 0.852886
Train 228, loss: 0.808527, train acc: 0.964847, train avg acc: 0.887026, train iou: 0.884802
Test 228, loss: 0.859707, test acc: 0.943940, test avg acc: 0.852773, test iou: 0.853492
Train 229, loss: 0.808598, train acc: 0.964876, train avg acc: 0.887718, train iou: 0.884585
Test 229, loss: 0.860719, test acc: 0.943015, test avg acc: 0.852525, test iou: 0.849356
Train 230, loss: 0.807698, train acc: 0.965133, train avg acc: 0.887441, train iou: 0.885639
Test 230, loss: 0.862482, test acc: 0.943460, test avg acc: 0.857483, test iou: 0.852331
Train 231, loss: 0.808124, train acc: 0.965128, train avg acc: 0.887881, train iou: 0.885266
Test 231, loss: 0.860133, test acc: 0.944232, test avg acc: 0.857125, test iou: 0.853065
Train 232, loss: 0.807474, train acc: 0.965318, train avg acc: 0.889168, train iou: 0.885693
Test 232, loss: 0.859250, test acc: 0.943979, test avg acc: 0.855458, test iou: 0.851644
Train 233, loss: 0.807608, train acc: 0.965242, train avg acc: 0.888526, train iou: 0.885605
Test 233, loss: 0.859024, test acc: 0.944556, test avg acc: 0.853398, test iou: 0.853422
Train 234, loss: 0.806867, train acc: 0.965375, train avg acc: 0.888734, train iou: 0.886186
Test 234, loss: 0.860311, test acc: 0.944060, test avg acc: 0.851082, test iou: 0.853400
Train 235, loss: 0.807168, train acc: 0.965503, train avg acc: 0.888737, train iou: 0.885901
Test 235, loss: 0.859205, test acc: 0.944127, test avg acc: 0.851027, test iou: 0.852018
Train 236, loss: 0.806873, train acc: 0.965541, train avg acc: 0.888318, train iou: 0.886067
Test 236, loss: 0.861357, test acc: 0.943813, test avg acc: 0.853326, test iou: 0.852129
Train 237, loss: 0.806675, train acc: 0.965626, train avg acc: 0.889554, train iou: 0.886762
Test 237, loss: 0.859920, test acc: 0.944166, test avg acc: 0.850657, test iou: 0.853127
Train 238, loss: 0.806384, train acc: 0.965732, train avg acc: 0.888669, train iou: 0.886951
Test 238, loss: 0.859705, test acc: 0.944229, test avg acc: 0.854207, test iou: 0.854032
Train 239, loss: 0.806247, train acc: 0.965745, train avg acc: 0.890058, train iou: 0.887655
Test 239, loss: 0.860994, test acc: 0.943814, test avg acc: 0.851317, test iou: 0.852404
Train 240, loss: 0.806110, train acc: 0.965876, train avg acc: 0.889915, train iou: 0.886673
Test 240, loss: 0.860063, test acc: 0.944168, test avg acc: 0.853088, test iou: 0.852747
Train 241, loss: 0.806060, train acc: 0.965855, train avg acc: 0.889694, train iou: 0.887402
Test 241, loss: 0.860120, test acc: 0.944086, test avg acc: 0.852711, test iou: 0.852710
Train 242, loss: 0.805834, train acc: 0.965987, train avg acc: 0.890588, train iou: 0.887337
Test 242, loss: 0.860414, test acc: 0.943790, test avg acc: 0.857429, test iou: 0.852123
Train 243, loss: 0.805469, train acc: 0.966041, train avg acc: 0.891114, train iou: 0.887488
Test 243, loss: 0.860556, test acc: 0.943854, test avg acc: 0.855115, test iou: 0.851514
Train 244, loss: 0.805626, train acc: 0.966056, train avg acc: 0.891736, train iou: 0.887528
Test 244, loss: 0.860377, test acc: 0.944218, test avg acc: 0.854555, test iou: 0.852653
Train 245, loss: 0.805510, train acc: 0.966060, train avg acc: 0.890094, train iou: 0.888046
Test 245, loss: 0.860604, test acc: 0.943970, test avg acc: 0.854382, test iou: 0.852947
Train 246, loss: 0.805500, train acc: 0.966051, train avg acc: 0.890873, train iou: 0.887857
Test 246, loss: 0.859788, test acc: 0.944627, test avg acc: 0.855097, test iou: 0.852585
Train 247, loss: 0.805079, train acc: 0.966196, train avg acc: 0.891187, train iou: 0.887942
Test 247, loss: 0.860062, test acc: 0.943859, test avg acc: 0.853181, test iou: 0.852373
Train 248, loss: 0.805035, train acc: 0.966203, train avg acc: 0.890441, train iou: 0.888370
Test 248, loss: 0.860277, test acc: 0.944207, test avg acc: 0.853914, test iou: 0.853546
Train 249, loss: 0.805006, train acc: 0.966233, train avg acc: 0.890794, train iou: 0.888608
Test 249, loss: 0.860507, test acc: 0.944247, test avg acc: 0.853495, test iou: 0.852164
Train 250, loss: 0.804960, train acc: 0.966222, train avg acc: 0.891572, train iou: 0.888137
Test 250, loss: 0.860433, test acc: 0.944094, test avg acc: 0.852991, test iou: 0.851907
Namespace(exp_name='LLRGM_seg', model='GTNet', dataset='shapenetpart', class_choice=None, batch_size=13, test_batch_size=13, epochs=250, use_sgd=True, lr=0.001, momentum=0.9, scheduler='cos', no_cuda=False, seed=100, eval=True, num_points=2048, dropout=0.5, emb_dims=512, k=20, model_path='', visu='all', visu_format='ply')
Using GPU : 0 from 1 devices
Namespace(exp_name='LLRGM_seg', model='GTNet', dataset='shapenetpart', class_choice=None, batch_size=13, test_batch_size=13, epochs=250, use_sgd=True, lr=0.001, momentum=0.9, scheduler='cos', no_cuda=False, seed=100, eval=True, num_points=2048, dropout=0.5, emb_dims=512, k=20, model_path='', visu='all', visu_format='ply')
Using GPU : 0 from 1 devices
Namespace(exp_name='LLRGM_seg', model='GTNet', dataset='shapenetpart', class_choice=None, batch_size=13, test_batch_size=13, epochs=250, use_sgd=True, lr=0.001, momentum=0.9, scheduler='cos', no_cuda=False, seed=100, eval=True, num_points=2048, dropout=0.5, emb_dims=512, k=20, model_path='', visu='all', visu_format='ply')
Using GPU : 0 from 1 devices
eval mIoU of Airplane       0.845865
eval mIoU of Bag            0.832176
eval mIoU of Cap            0.785449
eval mIoU of Car            0.792962
eval mIoU of Chair          0.911743
eval mIoU of Earphone       0.709307
eval mIoU of Guitar         0.916349
eval mIoU of Knife          0.883724
eval mIoU of Lamp           0.847768
eval mIoU of Laptop         0.959535
eval mIoU of Motorbike      0.631114
eval mIoU of Mug            0.952231
eval mIoU of Pistol         0.813279
eval mIoU of Rocket         0.567772
eval mIoU of Skateboard     0.739206
eval mIoU of Table          0.821096
Test :: test acc: 0.944231, test avg acc: 0.854210, test iou: 0.854033,test classs iou:0.813098
